******************************************************************************
                  TI ARM Linker PC v20.2.5                     
******************************************************************************
>> Linked Wed Dec 28 16:25:40 2022

OUTPUT FILE NAME:   <can_alterado.out>
ENTRY POINT SYMBOL: "_c_int00_noargs"  address: 0000130d


MEMORY CONFIGURATION

         name            origin    length      used     unused   attr    fill
----------------------  --------  ---------  --------  --------  ----  --------
  FLASH                 00000000   00040000  0000183e  0003e7c2  R  X
  SRAM                  20000000   00008000  00000476  00007b8a  RW X


SEGMENT ALLOCATION MAP

run origin  load origin   length   init length attrs members
----------  ----------- ---------- ----------- ----- -------
00000000    00000000    00001840   00001840    r-x
  00000000    00000000    00000268   00000268    r-- .intvecs
  00000268    00000268    00001222   00001222    r-x .text
  0000148c    0000148c    00000374   00000374    r-- .const
  00001800    00001800    00000040   00000040    r-- .cinit
20000000    20000000    00000476   00000000    rw-
  20000000    20000000    0000026c   00000000    rw- .vtable
  2000026c    2000026c    00000004   00000000    rw- .bss
  20000270    20000270    00000200   00000000    rw- .stack
  20000470    20000470    00000006   00000000    rw- .data


SECTION ALLOCATION MAP

 output                                  attributes/
section   page    origin      length       input sections
--------  ----  ----------  ----------   ----------------
.intvecs   0    00000000    00000268     
                  00000000    00000268     startup_ccs.obj (.intvecs)

.text      0    00000268    00001222     
                  00000268    00000200     driverlib.lib : sysctl.obj (.text:SysCtlClockFreqSet)
                  00000468    000001ee     uartstdio.obj (.text:UARTvprintf)
                  00000656    000001b6     rtsv7M4_T_le_v4SPD16_eabi.lib : fd_add_t2.asm.obj (.text)
                  0000080c    000001a0     can.obj (.text:main)
                  000009ac    00000136     driverlib.lib : can.obj (.text:CANMessageSet)
                  00000ae2    00000132                   : gpio.obj (.text:GPIOPadConfigSet)
                  00000c14    000000fc     rtsv7M4_T_le_v4SPD16_eabi.lib : fd_mul_t2.asm.obj (.text)
                  00000d10    000000a4                                   : s_sinf.c.obj (.text:sinf)
                  00000db4    0000009c                                   : memcpy_t2.asm.obj (.text)
                  00000e50    0000006c     driverlib.lib : can.obj (.text:CANBitRateSet)
                  00000ebc    00000068                   : interrupt.obj (.text:IntEnable)
                  00000f24    00000068     rtsv7M4_T_le_v4SPD16_eabi.lib : copy_decompress_lzss.c.obj (.text:decompress:lzss:__TI_decompress_lzss)
                  00000f8c    00000064     can.obj (.text:CANIntHandler)
                  00000ff0    0000005c     driverlib.lib : can.obj (.text:_CANIntNumberGet)
                  0000104c    00000048                   : gpio.obj (.text:GPIOPinConfigure)
                  00001094    00000048     uartstdio.obj (.text:UARTwrite)
                  000010dc    00000048     driverlib.lib : sysctl.obj (.text:_SysCtlFrequencyGet)
                  00001124    00000048     rtsv7M4_T_le_v4SPD16_eabi.lib : fd_toi_t2.asm.obj (.text)
                  0000116c    00000044                                   : autoinit.c.obj (.text:__TI_auto_init_nobinit_nopinit:__TI_auto_init_nobinit_nopinit)
                  000011b0    00000040     driverlib.lib : can.obj (.text:CANStatusGet)
                  000011f0    00000040     rtsv7M4_T_le_v4SPD16_eabi.lib : u_divt2.asm.obj (.text)
                  00001230    0000003a     driverlib.lib : can.obj (.text:CANInit)
                  0000126a    00000038     rtsv7M4_T_le_v4SPD16_eabi.lib : fs_tod_t2.asm.obj (.text)
                  000012a2    00000002     startup_ccs.obj (.text:FaultISR)
                  000012a4    00000034     driverlib.lib : interrupt.obj (.text:IntRegister)
                  000012d8    00000034                   : sysctl.obj (.text:SysCtlPeripheralEnable)
                  0000130c    00000034     rtsv7M4_T_le_v4SPD16_eabi.lib : boot_cortex_m.c.obj (.text:_c_int00_noargs:_c_int00_noargs)
                  00001340    0000002a     driverlib.lib : gpio.obj (.text:GPIODirModeSet)
                  0000136a    00000024                   : can.obj (.text:_CANDataRegWrite)
                  0000138e    00000022                   : can.obj (.text:CANIntClear)
                  000013b0    00000020                   : can.obj (.text:CANIntStatus)
                  000013d0    00000020                   : sysctl.obj (.text:_SysCtlMemTimingGet)
                  000013f0    0000001c     rtsv7M4_T_le_v4SPD16_eabi.lib : copy_zero_init.c.obj (.text:decompress:ZI:__TI_zero_init_nomemset:__TI_zero_init_nomemset)
                  0000140c    0000001a     uartstdio.obj (.text:UARTprintf)
                  00001426    00000018     driverlib.lib : can.obj (.text:CANIntRegister)
                  0000143e    00000012                   : gpio.obj (.text:GPIOPinTypeCAN)
                  00001450    0000000e     rtsv7M4_T_le_v4SPD16_eabi.lib : copy_decompress_none.c.obj (.text:decompress:none:__TI_decompress_none)
                  0000145e    0000000a     driverlib.lib : can.obj (.text:CANEnable)
                  00001468    00000008                   : can.obj (.text:CANIntEnable)
                  00001470    00000006     startup_ccs.obj (.text:ResetISR)
                  00001476    00000006     driverlib.lib : sysctl.obj (.text:SysCtlDelay)
                  0000147c    00000004     rtsv7M4_T_le_v4SPD16_eabi.lib : pre_init.c.obj (.text:_system_pre_init)
                  00001480    00000004                                   : exit.c.obj (.text:abort:abort)
                  00001484    00000002     startup_ccs.obj (.text:IntDefaultHandler)
                  00001486    00000002     startup_ccs.obj (.text:NmiSR)
                  00001488    00000002     rtsv7M4_T_le_v4SPD16_eabi.lib : div0.asm.obj (.text)

.const     0    0000148c    00000374     
                  0000148c    000001b0     driverlib.lib : sysctl.obj (.const:g_pppui32XTALtoVCO)
                  0000163c    00000090                   : gpio.obj (.const:g_pui32GPIOBaseAddrs)
                  000016cc    00000070                   : interrupt.obj (.const)
                  0000173c    0000006c                   : sysctl.obj (.const:g_pui32Xtals)
                  000017a8    00000030                   : sysctl.obj (.const:g_sXTALtoMEMTIM)
                  000017d8    00000020                   : can.obj (.const)
                  000017f8    00000008                   : sysctl.obj (.const)

.cinit     0    00001800    00000040     
                  00001800    0000000c     (__TI_handler_table)
                  0000180c    00000004     --HOLE-- [fill = 0]
                  00001810    00000008     (.cinit..bss.load) [load image, compression = zero_init]
                  00001818    00000008     (.cinit..vtable.load) [load image, compression = zero_init]
                  00001820    00000007     (.cinit..data.load) [load image, compression = lzss]
                  00001827    00000001     --HOLE-- [fill = 0]
                  00001828    00000018     (__TI_cinit_table)

.init_array 
*          0    00000000    00000000     UNINITIALIZED

.vtable    0    20000000    0000026c     UNINITIALIZED
                  20000000    0000026c     driverlib.lib : interrupt.obj (.vtable)

.bss       0    2000026c    00000004     UNINITIALIZED
                  2000026c    00000004     (.common:sysClock)

.data      0    20000470    00000006     UNINITIALIZED
                  20000470    00000005     uartstdio.obj (.data)
                  20000475    00000001     can.obj (.data)

.stack     0    20000270    00000200     UNINITIALIZED
                  20000270    00000004     rtsv7M4_T_le_v4SPD16_eabi.lib : boot_cortex_m.c.obj (.stack)
                  20000274    000001fc     --HOLE--

__llvm_prf_cnts 
*          0    20000000    00000000     UNINITIALIZED

MODULE SUMMARY

       Module                       code   ro data   rw data
       ------                       ----   -------   -------
    .\
       startup_ccs.obj              12     616       0      
       can.obj                      516    0         5      
    +--+----------------------------+------+---------+---------+
       Total:                       528    616       5      
                                                            
    .\utils\
       uartstdio.obj                592    0         5      
    +--+----------------------------+------+---------+---------+
       Total:                       592    0         5      
                                                            
    C:/ti/ccs1100/tivaware_c_series_2_1_4_178/driverlib/ccs/Debug/driverlib.lib
       sysctl.obj                   674    596       0      
       interrupt.obj                156    112       620    
       can.obj                      776    32        0      
       gpio.obj                     438    144       0      
    +--+----------------------------+------+---------+---------+
       Total:                       2044   884       620    
                                                            
    C:\ti\ccs1100\ccs\tools\compiler\ti-cgt-arm_20.2.5.LTS\lib\rtsv7M4_T_le_v4SPD16_eabi.lib
       fd_add_t2.asm.obj            438    0         0      
       fd_mul_t2.asm.obj            252    0         0      
       s_sinf.c.obj                 164    0         0      
       memcpy_t2.asm.obj            156    0         0      
       copy_decompress_lzss.c.obj   104    0         0      
       fd_toi_t2.asm.obj            72     0         0      
       autoinit.c.obj               68     0         0      
       u_divt2.asm.obj              64     0         0      
       fs_tod_t2.asm.obj            56     0         0      
       boot_cortex_m.c.obj          52     0         0      
       copy_zero_init.c.obj         28     0         0      
       copy_decompress_none.c.obj   14     0         0      
       exit.c.obj                   4      0         0      
       pre_init.c.obj               4      0         0      
       div0.asm.obj                 2      0         0      
    +--+----------------------------+------+---------+---------+
       Total:                       1478   0         0      
                                                            
       Stack:                       0      0         512    
       Linker Generated:            0      59        0      
    +--+----------------------------+------+---------+---------+
       Grand Total:                 4642   1559      1142   


LINKER GENERATED COPY TABLES

__TI_cinit_table @ 00001828 records: 3, size/record: 8, table size: 24
	.bss: load addr=00001810, load size=00000008 bytes, run addr=2000026c, run size=00000004 bytes, compression=zero_init
	.vtable: load addr=00001818, load size=00000008 bytes, run addr=20000000, run size=0000026c bytes, compression=zero_init
	.data: load addr=00001820, load size=00000007 bytes, run addr=20000470, run size=00000006 bytes, compression=lzss


LINKER GENERATED HANDLER TABLE

__TI_handler_table @ 00001800 records: 3, size/record: 4, table size: 12
	index: 0, handler: __TI_zero_init
	index: 1, handler: __TI_decompress_lzss
	index: 2, handler: __TI_decompress_none


GLOBAL SYMBOLS: SORTED ALPHABETICALLY BY Name 

address   name                          
-------   ----                          
00001481  C$$EXIT                       
00000e51  CANBitRateSet                 
0000145f  CANEnable                     
00001231  CANInit                       
0000138f  CANIntClear                   
00001469  CANIntEnable                  
00000f8d  CANIntHandler                 
00001427  CANIntRegister                
000013b1  CANIntStatus                  
000009ad  CANMessageSet                 
000011b1  CANStatusGet                  
00001341  GPIODirModeSet                
00000ae3  GPIOPadConfigSet              
0000104d  GPIOPinConfigure              
0000143f  GPIOPinTypeCAN                
00000ebd  IntEnable                     
000012a5  IntRegister                   
00001471  ResetISR                      
00000269  SysCtlClockFreqSet            
00001477  SysCtlDelay                   
000012d9  SysCtlPeripheralEnable        
0000140d  UARTprintf                    
00000469  UARTvprintf                   
00001095  UARTwrite                     
20000470  __STACK_END                   
00000200  __STACK_SIZE                  
20000470  __STACK_TOP                   
00001828  __TI_CINIT_Base               
00001840  __TI_CINIT_Limit              
00001800  __TI_Handler_Table_Base       
0000180c  __TI_Handler_Table_Limit      
0000116d  __TI_auto_init_nobinit_nopinit
00000f25  __TI_decompress_lzss          
00001451  __TI_decompress_none          
ffffffff  __TI_pprof_out_hndl           
ffffffff  __TI_prof_data_size           
ffffffff  __TI_prof_data_start          
00000000  __TI_static_base__            
000013f1  __TI_zero_init_nomemset       
00001125  __aeabi_d2iz                  
00000661  __aeabi_dadd                  
00000c15  __aeabi_dmul                  
00000657  __aeabi_dsub                  
0000126b  __aeabi_f2d                   
00001489  __aeabi_idiv0                 
00001489  __aeabi_ldiv0                 
00000db5  __aeabi_memcpy                
00000db5  __aeabi_memcpy4               
00000db5  __aeabi_memcpy8               
000011f1  __aeabi_uidiv                 
000011f1  __aeabi_uidivmod              
ffffffff  __binit__                     
ffffffff  __c_args__                    
UNDEFED   __mpu_init                    
20000270  __stack                       
20000000  __start___llvm_prf_cnts       
20000000  __stop___llvm_prf_cnts        
0000130d  _c_int00_noargs               
UNDEFED   _system_post_cinit            
0000147d  _system_pre_init              
00001481  abort                         
ffffffff  binit                         
20000475  errFlag                       
20000000  g_pfnRAMVectors               
00000000  g_pfnVectors                  
0000080d  main                          
00000db5  memcpy                        
00000d11  sinf                          
2000026c  sysClock                      


GLOBAL SYMBOLS: SORTED BY Symbol Address 

address   name                          
-------   ----                          
00000000  __TI_static_base__            
00000000  g_pfnVectors                  
00000200  __STACK_SIZE                  
00000269  SysCtlClockFreqSet            
00000469  UARTvprintf                   
00000657  __aeabi_dsub                  
00000661  __aeabi_dadd                  
0000080d  main                          
000009ad  CANMessageSet                 
00000ae3  GPIOPadConfigSet              
00000c15  __aeabi_dmul                  
00000d11  sinf                          
00000db5  __aeabi_memcpy                
00000db5  __aeabi_memcpy4               
00000db5  __aeabi_memcpy8               
00000db5  memcpy                        
00000e51  CANBitRateSet                 
00000ebd  IntEnable                     
00000f25  __TI_decompress_lzss          
00000f8d  CANIntHandler                 
0000104d  GPIOPinConfigure              
00001095  UARTwrite                     
00001125  __aeabi_d2iz                  
0000116d  __TI_auto_init_nobinit_nopinit
000011b1  CANStatusGet                  
000011f1  __aeabi_uidiv                 
000011f1  __aeabi_uidivmod              
00001231  CANInit                       
0000126b  __aeabi_f2d                   
000012a5  IntRegister                   
000012d9  SysCtlPeripheralEnable        
0000130d  _c_int00_noargs               
00001341  GPIODirModeSet                
0000138f  CANIntClear                   
000013b1  CANIntStatus                  
000013f1  __TI_zero_init_nomemset       
0000140d  UARTprintf                    
00001427  CANIntRegister                
0000143f  GPIOPinTypeCAN                
00001451  __TI_decompress_none          
0000145f  CANEnable                     
00001469  CANIntEnable                  
00001471  ResetISR                      
00001477  SysCtlDelay                   
0000147d  _system_pre_init              
00001481  C$$EXIT                       
00001481  abort                         
00001489  __aeabi_idiv0                 
00001489  __aeabi_ldiv0                 
00001800  __TI_Handler_Table_Base       
0000180c  __TI_Handler_Table_Limit      
00001828  __TI_CINIT_Base               
00001840  __TI_CINIT_Limit              
20000000  __start___llvm_prf_cnts       
20000000  __stop___llvm_prf_cnts        
20000000  g_pfnRAMVectors               
2000026c  sysClock                      
20000270  __stack                       
20000470  __STACK_END                   
20000470  __STACK_TOP                   
20000475  errFlag                       
ffffffff  __TI_pprof_out_hndl           
ffffffff  __TI_prof_data_size           
ffffffff  __TI_prof_data_start          
ffffffff  __binit__                     
ffffffff  __c_args__                    
ffffffff  binit                         
UNDEFED   __mpu_init                    
UNDEFED   _system_post_cinit            

[69 symbols]
