******************************************************************************
                  TI ARM Linker Unix v20.2.7                   
******************************************************************************
>> Linked Wed Jan  4 20:22:26 2023

OUTPUT FILE NAME:   <freertos_demo.out>
ENTRY POINT SYMBOL: "_c_int00_noargs"  address: 00001ca5


MEMORY CONFIGURATION

         name            origin    length      used     unused   attr    fill
----------------------  --------  ---------  --------  --------  ----  --------
  FLASH                 00000000   00040000  00002398  0003dc68  R  X
  SRAM                  20000000   00008000  00007bc9  00000437  RW X


SEGMENT ALLOCATION MAP

run origin  load origin   length   init length attrs members
----------  ----------- ---------- ----------- ----- -------
00000000    00000000    00002398   00002398    r-x
  00000000    00000000    0000026c   0000026c    r-- .intvecs
  0000026c    0000026c    00001dcc   00001dcc    r-x .text
  00002038    00002038    00000308   00000308    r-- .const
  00002340    00002340    00000058   00000058    r-- .cinit
20000000    20000000    00007bd0   00000000    rw-
  20000000    20000000    0000026c   00000000    rw- .vtable
  2000026c    2000026c    0000770d   00000000    rw- .bss
  20007980    20007980    00000200   00000000    rw- .stack
  20007b80    20007b80    00000050   00000000    rw- .data


SECTION ALLOCATION MAP

 output                                  attributes/
section   page    origin      length       input sections
--------  ----  ----------  ----------   ----------------
.intvecs   0    00000000    0000026c     
                  00000000    0000026c     startup_ccs.obj (.intvecs)

.text      0    0000026c    00001dcc     
                  0000026c    00000132     driverlib.lib : gpio.obj (.text:GPIOPadConfigSet)
                  0000039e    00000002     startup_ccs.obj (.text:FaultISR)
                  000003a0    00000118     queue.obj (.text:xQueueGenericReceive)
                  000004b8    00000110     driverlib.lib : sysctl.obj (.text:SysCtlClockGet)
                  000005c8    00000104     tasks.obj (.text:xTaskIncrementTick)
                  000006cc    00000100     tasks.obj (.text:xTaskGenericCreate)
                  000007cc    000000e8     queue.obj (.text:xQueueGenericSend)
                  000008b4    000000e4     tasks.obj (.text:xTaskResumeAll)
                  00000998    000000dc     LCD.obj (.text:LCDTask)
                  00000a74    000000d2     portasm.obj (.text)
                  00000b46    00000002     startup_ccs.obj (.text:IntDefaultHandler)
                  00000b48    000000ac     heap_2.obj (.text:pvPortMalloc)
                  00000bf4    000000a0     keypad.obj (.text:KEYTask)
                  00000c94    0000009c     rtsv7M4_T_le_v4SPD16_eabi.lib : memcpy_t2.asm.obj (.text)
                  00000d30    0000009c     keypad.obj (.text:vInterrupt_Key)
                  00000dcc    00000098     I2C_task.obj (.text:I2CTaskInit)
                  00000e64    00000094     keypad.obj (.text:KEYTaskInit)
                  00000ef8    00000090     tasks.obj (.text:vTaskPriorityInherit)
                  00000f88    0000008c     I2C_task.obj (.text:I2CReceive)
                  00001014    0000008c     tasks.obj (.text:vTaskSwitchContext)
                  000010a0    00000084     queue.obj (.text:xQueueGenericReset)
                  00001124    0000007a     rtsv7M4_T_le_v4SPD16_eabi.lib : memset_t2.asm.obj (.text)
                  0000119e    00000002     startup_ccs.obj (.text:NmiSR)
                  000011a0    00000078     tasks.obj (.text:xTaskPriorityDisinherit)
                  00001218    00000074     tasks.obj (.text:xTaskRemoveFromEventList)
                  0000128c    00000072     queue.obj (.text:prvCopyDataToQueue)
                  000012fe    00000002     freertos_demo.obj (.text:vApplicationStackOverflowHook)
                  00001300    00000068     driverlib.lib : interrupt.obj (.text:IntEnable)
                  00001368    00000068     rtsv7M4_T_le_v4SPD16_eabi.lib : copy_decompress_lzss.c.obj (.text:decompress:lzss:__TI_decompress_lzss)
                  000013d0    00000064     tasks.obj (.text:vTaskPlaceOnEventList)
                  00001434    00000062     queue.obj (.text:prvUnlockQueue)
                  00001496    00000002     --HOLE-- [fill = 0]
                  00001498    00000060     LCD.obj (.text:LCDTaskInit)
                  000014f8    00000060     tasks.obj (.text:prvInitialiseTaskLists)
                  00001558    00000060     tasks.obj (.text:vTaskStartScheduler)
                  000015b8    0000005e     LCD.obj (.text:Lcd_Init)
                  00001616    00000002     --HOLE-- [fill = 0]
                  00001618    0000005c     LCD.obj (.text:Lcd_Write_Char)
                  00001674    00000058     tasks.obj (.text:prvCheckTasksWaitingTermination)
                  000016cc    00000056     driverlib.lib : gpio.obj (.text:GPIOIntTypeSet)
                  00001722    00000056     LCD.obj (.text:Lcd_Port)
                  00001778    00000056     tasks.obj (.text:prvInitialiseTCBVariables)
                  000017ce    00000002     --HOLE-- [fill = 0]
                  000017d0    00000054     freertos_demo.obj (.text:main)
                  00001824    00000054     tasks.obj (.text:xTaskCheckForTimeOut)
                  00001878    00000050     driverlib.lib : sysctl.obj (.text:SysCtlPeripheralReset)
                  000018c8    0000004e     queue.obj (.text:xQueueCreateMutex)
                  00001916    00000002     --HOLE-- [fill = 0]
                  00001918    0000004c     driverlib.lib : i2c.obj (.text:I2CMasterInitExpClk)
                  00001964    0000004c     tasks.obj (.text:prvAddCurrentTaskToDelayedList)
                  000019b0    00000048     driverlib.lib : gpio.obj (.text:GPIOPinConfigure)
                  000019f8    00000048     I2C_task.obj (.text:I2CSENDCONFIG)
                  00001a40    00000044     driverlib.lib : gpio.obj (.text:_GPIOIntNumberGet)
                  00001a84    00000044     rtsv7M4_T_le_v4SPD16_eabi.lib : autoinit.c.obj (.text:__TI_auto_init_nobinit_nopinit:__TI_auto_init_nobinit_nopinit)
                  00001ac8    00000044     heap_2.obj (.text:vPortFree)
                  00001b0c    00000040     LCD.obj (.text:Lcd_Cmd)
                  00001b4c    00000040     port.obj (.text:xPortStartScheduler)
                  00001b8c    0000003c     queue.obj (.text:xQueueGenericCreate)
                  00001bc8    0000003a     tasks.obj (.text:prvAllocateTCBAndStack)
                  00001c02    00000038     list.obj (.text:vListInsert)
                  00001c3a    00000002     --HOLE-- [fill = 0]
                  00001c3c    00000034     driverlib.lib : interrupt.obj (.text:IntRegister)
                  00001c70    00000034                   : sysctl.obj (.text:SysCtlPeripheralEnable)
                  00001ca4    00000034     rtsv7M4_T_le_v4SPD16_eabi.lib : boot_cortex_m.c.obj (.text:_c_int00_noargs:_c_int00_noargs)
                  00001cd8    00000030     heap_2.obj (.text:prvHeapInit)
                  00001d08    0000002c     port.obj (.text:xPortSysTickHandler)
                  00001d34    0000002a     driverlib.lib : gpio.obj (.text:GPIODirModeSet)
                  00001d5e    00000002     --HOLE-- [fill = 0]
                  00001d60    00000028     tasks.obj (.text:prvResetNextTaskUnblockTime)
                  00001d88    00000028     port.obj (.text:pxPortInitialiseStack)
                  00001db0    00000026     queue.obj (.text:prvCopyDataFromQueue)
                  00001dd6    00000002     --HOLE-- [fill = 0]
                  00001dd8    00000020     I2C_task.obj (.text:I2CTask)
                  00001df8    00000020     list.obj (.text:uxListRemove)
                  00001e18    0000001c     queue.obj (.text:prvIsQueueFull)
                  00001e34    0000001c     port.obj (.text:vPortEnterCritical)
                  00001e50    0000001a     queue.obj (.text:prvIsQueueEmpty)
                  00001e6a    00000018     driverlib.lib : gpio.obj (.text:GPIOIntRegister)
                  00001e82    00000018                   : gpio.obj (.text:GPIOPinTypeGPIOOutput)
                  00001e9a    00000002     --HOLE-- [fill = 0]
                  00001e9c    00000018     tasks.obj (.text:pvTaskIncrementMutexHeldCount)
                  00001eb4    00000018     list.obj (.text:vListInsertEnd)
                  00001ecc    00000018     port.obj (.text:vPortExitCritical)
                  00001ee4    00000018     tasks.obj (.text:vTaskSetTimeOutState)
                  00001efc    00000016     list.obj (.text:vListInitialise)
                  00001f12    00000002     --HOLE-- [fill = 0]
                  00001f14    00000014     port.obj (.text:vPortSetupTimerInterrupt)
                  00001f28    00000012     driverlib.lib : gpio.obj (.text:GPIOPinTypeGPIOInput)
                  00001f3a    00000012                   : gpio.obj (.text:GPIOPinTypeI2C)
                  00001f4c    00000012                   : gpio.obj (.text:GPIOPinTypeI2CSCL)
                  00001f5e    00000012     tasks.obj (.text:prvDeleteTCB)
                  00001f70    00000010     LCD.obj (.text:Lcd_Clear)
                  00001f80    00000010     port.obj (.text:prvTaskExitError)
                  00001f90    00000010     tasks.obj (.text:vTaskSuspendAll)
                  00001fa0    0000000e     driverlib.lib : gpio.obj (.text:GPIOIntStatus)
                  00001fae    0000000e     rtsv7M4_T_le_v4SPD16_eabi.lib : copy_decompress_none.c.obj (.text:decompress:none:__TI_decompress_none)
                  00001fbc    0000000c     driverlib.lib : gpio.obj (.text:GPIOIntEnable)
                  00001fc8    0000000c     rtsv7M4_T_le_v4SPD16_eabi.lib : copy_zero_init.c.obj (.text:decompress:ZI:__TI_zero_init)
                  00001fd4    0000000c     tasks.obj (.text:vTaskMissedYield)
                  00001fe0    0000000a     driverlib.lib : i2c.obj (.text:I2CMasterEnable)
                  00001fea    00000008                   : i2c.obj (.text:I2CMasterBusy)
                  00001ff2    00000008                   : i2c.obj (.text:I2CMasterSlaveAddrSet)
                  00001ffa    00000008     tasks.obj (.text:prvIdleTask)
                  00002002    00000006     driverlib.lib : gpio.obj (.text:GPIOIntClear)
                  00002008    00000006                   : gpio.obj (.text:GPIOPinWrite)
                  0000200e    00000006     startup_ccs.obj (.text:ResetISR)
                  00002014    00000006     driverlib.lib : sysctl.obj (.text:SysCtlDelay)
                  0000201a    00000006     list.obj (.text:vListInitialiseItem)
                  00002020    00000004     driverlib.lib : i2c.obj (.text:I2CMasterControl)
                  00002024    00000004                   : i2c.obj (.text:I2CMasterDataGet)
                  00002028    00000004                   : i2c.obj (.text:I2CMasterDataPut)
                  0000202c    00000004     keypad.obj (.text:IntGPIOc)
                  00002030    00000004     rtsv7M4_T_le_v4SPD16_eabi.lib : pre_init.c.obj (.text:_system_pre_init)
                  00002034    00000004                                   : exit.c.obj (.text:abort:abort)

.const     0    00002038    00000308     
                  00002038    000000d8     driverlib.lib : gpio.obj (.const:g_ppui32GPIOIntMapSnowflake)
                  00002110    000000c0                   : gpio.obj (.const:g_ppui32GPIOIntMapBlizzard)
                  000021d0    00000090                   : gpio.obj (.const:g_pui32GPIOBaseAddrs)
                  00002260    00000070                   : interrupt.obj (.const)
                  000022d0    0000006c                   : sysctl.obj (.const:g_pui32Xtals)
                  0000233c    00000004     port.obj (.const)

.cinit     0    00002340    00000058     
                  00002340    00000021     (.cinit..data.load) [load image, compression = lzss]
                  00002361    00000003     --HOLE-- [fill = 0]
                  00002364    0000000c     (__TI_handler_table)
                  00002370    00000008     (.cinit..bss.load) [load image, compression = zero_init]
                  00002378    00000008     (.cinit..vtable.load) [load image, compression = zero_init]
                  00002380    00000018     (__TI_cinit_table)

.init_array 
*          0    00000000    00000000     UNINITIALIZED

.vtable    0    20000000    0000026c     UNINITIALIZED
                  20000000    0000026c     driverlib.lib : interrupt.obj (.vtable)

.bss       0    2000026c    0000770d     UNINITIALIZED
                  2000026c    00007530     heap_2.obj (.bss:ucHeap)
                  2000779c    00000140     tasks.obj (.bss:pxReadyTasksLists)
                  200078dc    00000014     tasks.obj (.bss:xDelayedTaskList1)
                  200078f0    00000014     tasks.obj (.bss:xDelayedTaskList2)
                  20007904    00000014     tasks.obj (.bss:xPendingReadyList)
                  20007918    00000014     tasks.obj (.bss:xSuspendedTaskList)
                  2000792c    00000014     tasks.obj (.bss:xTasksWaitingTermination)
                  20007940    00000008     tasks.obj (.bss)
                  20007948    00000008     heap_2.obj (.bss:xEnd)
                  20007950    00000008     heap_2.obj (.bss:xStart)
                  20007958    00000004     (.common:col)
                  2000795c    00000004     (.common:flag_config)
                  20007960    00000004     (.common:g_pKEYQueue)
                  20007964    00000004     (.common:g_pTempQueue)
                  20007968    00000004     (.common:g_pUARTSemaphore)
                  2000796c    00000004     (.common:i_start)
                  20007970    00000004     (.common:row)
                  20007974    00000004     (.common:temp)
                  20007978    00000001     (.common:tecla)

.data      0    20007b80    00000050     UNINITIALIZED
                  20007b80    00000030     tasks.obj (.data)
                  20007bb0    00000010     keypad.obj (.data:symbol)
                  20007bc0    00000008     heap_2.obj (.data)
                  20007bc8    00000004     LCD.obj (.data)
                  20007bcc    00000004     port.obj (.data)

.stack     0    20007980    00000200     UNINITIALIZED
                  20007980    00000004     rtsv7M4_T_le_v4SPD16_eabi.lib : boot_cortex_m.c.obj (.stack)
                  20007984    000001fc     --HOLE--

__llvm_prf_cnts 
*          0    20000000    00000000     UNINITIALIZED

MODULE SUMMARY

       Module                       code   ro data   rw data
       ------                       ----   -------   -------
    ./
       LCD.obj                      668    0         17     
       startup_ccs.obj              12     620       0      
       keypad.obj                   468    0         24     
       I2C_task.obj                 396    0         8      
       freertos_demo.obj            86     0         4      
    +--+----------------------------+------+---------+---------+
       Total:                       1630   620       53     
                                                            
    ./third_party/FreeRTOS/Source/
       tasks.obj                    2090   0         476    
       queue.obj                    1086   0         0      
       list.obj                     140    0         0      
    +--+----------------------------+------+---------+---------+
       Total:                       3316   0         476    
                                                            
    ./third_party/FreeRTOS/Source/portable/CCS/ARM_CM4F/
       port.obj                     236    4         4      
       portasm.obj                  210    0         0      
    +--+----------------------------+------+---------+---------+
       Total:                       446    4         4      
                                                            
    ./third_party/FreeRTOS/Source/portable/MemMang/
       heap_2.obj                   288    0         30024  
    +--+----------------------------+------+---------+---------+
       Total:                       288    0         30024  
                                                            
    /home/victor_macedo/ti/ccs1210/ccs/tools/compiler/ti-cgt-arm_20.2.7.LTS/lib/rtsv7M4_T_le_v4SPD16_eabi.lib
       memcpy_t2.asm.obj            156    0         0      
       memset_t2.asm.obj            122    0         0      
       copy_decompress_lzss.c.obj   104    0         0      
       autoinit.c.obj               68     0         0      
       boot_cortex_m.c.obj          52     0         0      
       copy_decompress_none.c.obj   14     0         0      
       copy_zero_init.c.obj         12     0         0      
       exit.c.obj                   4      0         0      
       pre_init.c.obj               4      0         0      
    +--+----------------------------+------+---------+---------+
       Total:                       536    0         0      
                                                            
    /home/victor_macedo/ti/tivaware_c_series_2_1_4_178/driverlib/ccs/Debug/driverlib.lib
       gpio.obj                     714    552       0      
       interrupt.obj                156    112       620    
       sysctl.obj                   410    108       0      
       i2c.obj                      114    0         0      
    +--+----------------------------+------+---------+---------+
       Total:                       1394   772       620    
                                                            
       Stack:                       0      0         512    
       Linker Generated:            0      85        0      
    +--+----------------------------+------+---------+---------+
       Grand Total:                 7610   1481      31689  


LINKER GENERATED COPY TABLES

__TI_cinit_table @ 00002380 records: 3, size/record: 8, table size: 24
	.data: load addr=00002340, load size=00000021 bytes, run addr=20007b80, run size=00000050 bytes, compression=lzss
	.bss: load addr=00002370, load size=00000008 bytes, run addr=2000026c, run size=0000770d bytes, compression=zero_init
	.vtable: load addr=00002378, load size=00000008 bytes, run addr=20000000, run size=0000026c bytes, compression=zero_init


LINKER GENERATED HANDLER TABLE

__TI_handler_table @ 00002364 records: 3, size/record: 4, table size: 12
	index: 0, handler: __TI_zero_init
	index: 1, handler: __TI_decompress_lzss
	index: 2, handler: __TI_decompress_none


GLOBAL SYMBOLS: SORTED ALPHABETICALLY BY Name 

address   name                          
-------   ----                          
00002035  C$$EXIT                       
00001d35  GPIODirModeSet                
00002003  GPIOIntClear                  
00001fbd  GPIOIntEnable                 
00001e6b  GPIOIntRegister               
00001fa1  GPIOIntStatus                 
000016cd  GPIOIntTypeSet                
0000026d  GPIOPadConfigSet              
000019b1  GPIOPinConfigure              
00001f29  GPIOPinTypeGPIOInput          
00001e83  GPIOPinTypeGPIOOutput         
00001f3b  GPIOPinTypeI2C                
00001f4d  GPIOPinTypeI2CSCL             
00002009  GPIOPinWrite                  
00001feb  I2CMasterBusy                 
00002021  I2CMasterControl              
00002025  I2CMasterDataGet              
00002029  I2CMasterDataPut              
00001fe1  I2CMasterEnable               
00001919  I2CMasterInitExpClk           
00001ff3  I2CMasterSlaveAddrSet         
00000dcd  I2CTaskInit                   
00001301  IntEnable                     
00001c3d  IntRegister                   
00000e65  KEYTaskInit                   
00001499  LCDTaskInit                   
00001f71  Lcd_Clear                     
00001b0d  Lcd_Cmd                       
000015b9  Lcd_Init                      
00001723  Lcd_Port                      
00001619  Lcd_Write_Char                
0000200f  ResetISR                      
000004b9  SysCtlClockGet                
00002015  SysCtlDelay                   
00001c71  SysCtlPeripheralEnable        
00001879  SysCtlPeripheralReset         
20007b80  __STACK_END                   
00000200  __STACK_SIZE                  
20007b80  __STACK_TOP                   
00002380  __TI_CINIT_Base               
00002398  __TI_CINIT_Limit              
00002364  __TI_Handler_Table_Base       
00002370  __TI_Handler_Table_Limit      
00001a85  __TI_auto_init_nobinit_nopinit
00001369  __TI_decompress_lzss          
00001faf  __TI_decompress_none          
ffffffff  __TI_pprof_out_hndl           
ffffffff  __TI_prof_data_size           
ffffffff  __TI_prof_data_start          
00000000  __TI_static_base__            
00001fc9  __TI_zero_init                
00001125  __aeabi_memclr                
00001125  __aeabi_memclr4               
00001125  __aeabi_memclr8               
00000c95  __aeabi_memcpy                
00000c95  __aeabi_memcpy4               
00000c95  __aeabi_memcpy8               
00001127  __aeabi_memset                
00001127  __aeabi_memset4               
00001127  __aeabi_memset8               
ffffffff  __binit__                     
ffffffff  __c_args__                    
UNDEFED   __mpu_init                    
20007980  __stack                       
20000000  __start___llvm_prf_cnts       
20000000  __stop___llvm_prf_cnts        
00001ca5  _c_int00_noargs               
UNDEFED   _system_post_cinit            
00002031  _system_pre_init              
00002035  abort                         
ffffffff  binit                         
20007958  col                           
2000795c  flag_config                   
20007960  g_pKEYQueue                   
20007964  g_pTempQueue                  
20007968  g_pUARTSemaphore              
20000000  g_pfnRAMVectors               
00000000  g_pfnVectors                  
20007bc8  i_count                       
2000796c  i_start                       
000017d1  main                          
00000c95  memcpy                        
0000112d  memset                        
00000b49  pvPortMalloc                  
00001e9d  pvTaskIncrementMutexHeldCount 
20007b80  pxCurrentTCB                  
00001d89  pxPortInitialiseStack         
20007970  row                           
20007bb0  symbol                        
20007978  tecla                         
20007974  temp                          
0000233c  ulMaxSyscallInterruptPriority 
00000a85  ulPortGetIPSR                 
00001df9  uxListRemove                  
000012ff  vApplicationStackOverflowHook 
00001efd  vListInitialise               
0000201b  vListInitialiseItem           
00001c03  vListInsert                   
00001eb5  vListInsertEnd                
00000b39  vPortEnableVFP                
00001e35  vPortEnterCritical            
00001ecd  vPortExitCritical             
00001ac9  vPortFree                     
00000afd  vPortSVCHandler               
00001f15  vPortSetupTimerInterrupt      
00000b1d  vPortStartFirstTask           
00001fd5  vTaskMissedYield              
000013d1  vTaskPlaceOnEventList         
00000ef9  vTaskPriorityInherit          
00001ee5  vTaskSetTimeOutState          
00001559  vTaskStartScheduler           
00001f91  vTaskSuspendAll               
00001015  vTaskSwitchContext            
00000a9d  xPortPendSVHandler            
00001b4d  xPortStartScheduler           
00001d09  xPortSysTickHandler           
000018c9  xQueueCreateMutex             
00001b8d  xQueueGenericCreate           
000003a1  xQueueGenericReceive          
000010a1  xQueueGenericReset            
000007cd  xQueueGenericSend             
00001825  xTaskCheckForTimeOut          
000006cd  xTaskGenericCreate            
000005c9  xTaskIncrementTick            
000011a1  xTaskPriorityDisinherit       
00001219  xTaskRemoveFromEventList      
000008b5  xTaskResumeAll                


GLOBAL SYMBOLS: SORTED BY Symbol Address 

address   name                          
-------   ----                          
00000000  __TI_static_base__            
00000000  g_pfnVectors                  
00000200  __STACK_SIZE                  
0000026d  GPIOPadConfigSet              
000003a1  xQueueGenericReceive          
000004b9  SysCtlClockGet                
000005c9  xTaskIncrementTick            
000006cd  xTaskGenericCreate            
000007cd  xQueueGenericSend             
000008b5  xTaskResumeAll                
00000a85  ulPortGetIPSR                 
00000a9d  xPortPendSVHandler            
00000afd  vPortSVCHandler               
00000b1d  vPortStartFirstTask           
00000b39  vPortEnableVFP                
00000b49  pvPortMalloc                  
00000c95  __aeabi_memcpy                
00000c95  __aeabi_memcpy4               
00000c95  __aeabi_memcpy8               
00000c95  memcpy                        
00000dcd  I2CTaskInit                   
00000e65  KEYTaskInit                   
00000ef9  vTaskPriorityInherit          
00001015  vTaskSwitchContext            
000010a1  xQueueGenericReset            
00001125  __aeabi_memclr                
00001125  __aeabi_memclr4               
00001125  __aeabi_memclr8               
00001127  __aeabi_memset                
00001127  __aeabi_memset4               
00001127  __aeabi_memset8               
0000112d  memset                        
000011a1  xTaskPriorityDisinherit       
00001219  xTaskRemoveFromEventList      
000012ff  vApplicationStackOverflowHook 
00001301  IntEnable                     
00001369  __TI_decompress_lzss          
000013d1  vTaskPlaceOnEventList         
00001499  LCDTaskInit                   
00001559  vTaskStartScheduler           
000015b9  Lcd_Init                      
00001619  Lcd_Write_Char                
000016cd  GPIOIntTypeSet                
00001723  Lcd_Port                      
000017d1  main                          
00001825  xTaskCheckForTimeOut          
00001879  SysCtlPeripheralReset         
000018c9  xQueueCreateMutex             
00001919  I2CMasterInitExpClk           
000019b1  GPIOPinConfigure              
00001a85  __TI_auto_init_nobinit_nopinit
00001ac9  vPortFree                     
00001b0d  Lcd_Cmd                       
00001b4d  xPortStartScheduler           
00001b8d  xQueueGenericCreate           
00001c03  vListInsert                   
00001c3d  IntRegister                   
00001c71  SysCtlPeripheralEnable        
00001ca5  _c_int00_noargs               
00001d09  xPortSysTickHandler           
00001d35  GPIODirModeSet                
00001d89  pxPortInitialiseStack         
00001df9  uxListRemove                  
00001e35  vPortEnterCritical            
00001e6b  GPIOIntRegister               
00001e83  GPIOPinTypeGPIOOutput         
00001e9d  pvTaskIncrementMutexHeldCount 
00001eb5  vListInsertEnd                
00001ecd  vPortExitCritical             
00001ee5  vTaskSetTimeOutState          
00001efd  vListInitialise               
00001f15  vPortSetupTimerInterrupt      
00001f29  GPIOPinTypeGPIOInput          
00001f3b  GPIOPinTypeI2C                
00001f4d  GPIOPinTypeI2CSCL             
00001f71  Lcd_Clear                     
00001f91  vTaskSuspendAll               
00001fa1  GPIOIntStatus                 
00001faf  __TI_decompress_none          
00001fbd  GPIOIntEnable                 
00001fc9  __TI_zero_init                
00001fd5  vTaskMissedYield              
00001fe1  I2CMasterEnable               
00001feb  I2CMasterBusy                 
00001ff3  I2CMasterSlaveAddrSet         
00002003  GPIOIntClear                  
00002009  GPIOPinWrite                  
0000200f  ResetISR                      
00002015  SysCtlDelay                   
0000201b  vListInitialiseItem           
00002021  I2CMasterControl              
00002025  I2CMasterDataGet              
00002029  I2CMasterDataPut              
00002031  _system_pre_init              
00002035  C$$EXIT                       
00002035  abort                         
0000233c  ulMaxSyscallInterruptPriority 
00002364  __TI_Handler_Table_Base       
00002370  __TI_Handler_Table_Limit      
00002380  __TI_CINIT_Base               
00002398  __TI_CINIT_Limit              
20000000  __start___llvm_prf_cnts       
20000000  __stop___llvm_prf_cnts        
20000000  g_pfnRAMVectors               
20007958  col                           
2000795c  flag_config                   
20007960  g_pKEYQueue                   
20007964  g_pTempQueue                  
20007968  g_pUARTSemaphore              
2000796c  i_start                       
20007970  row                           
20007974  temp                          
20007978  tecla                         
20007980  __stack                       
20007b80  __STACK_END                   
20007b80  __STACK_TOP                   
20007b80  pxCurrentTCB                  
20007bb0  symbol                        
20007bc8  i_count                       
ffffffff  __TI_pprof_out_hndl           
ffffffff  __TI_prof_data_size           
ffffffff  __TI_prof_data_start          
ffffffff  __binit__                     
ffffffff  __c_args__                    
ffffffff  binit                         
UNDEFED   __mpu_init                    
UNDEFED   _system_post_cinit            

[127 symbols]
