******************************************************************************
                  TI ARM Linker PC v20.2.5                     
******************************************************************************
>> Linked Thu Jan 12 16:54:43 2023

OUTPUT FILE NAME:   <freertos_demo.out>
ENTRY POINT SYMBOL: "_c_int00_noargs"  address: 00001d25


MEMORY CONFIGURATION

         name            origin    length      used     unused   attr    fill
----------------------  --------  ---------  --------  --------  ----  --------
  FLASH                 00000000   00040000  00002488  0003db78  R  X
  SRAM                  20000000   00008000  00007bcf  00000431  RW X


SEGMENT ALLOCATION MAP

run origin  load origin   length   init length attrs members
----------  ----------- ---------- ----------- ----- -------
00000000    00000000    00002488   00002488    r-x
  00000000    00000000    0000026c   0000026c    r-- .intvecs
  0000026c    0000026c    00001e80   00001e80    r-x .text
  000020ec    000020ec    00000344   00000344    r-- .const
  00002430    00002430    00000058   00000058    r-- .cinit
20000000    20000000    00007bd4   00000000    rw-
  20000000    20000000    0000026c   00000000    rw- .vtable
  2000026c    2000026c    00007717   00000000    rw- .bss
  20007988    20007988    00000200   00000000    rw- .stack
  20007b88    20007b88    0000004c   00000000    rw- .data


SECTION ALLOCATION MAP

 output                                  attributes/
section   page    origin      length       input sections
--------  ----  ----------  ----------   ----------------
.intvecs   0    00000000    0000026c     
                  00000000    0000026c     startup_ccs.obj (.intvecs)

.text      0    0000026c    00001e80     
                  0000026c    00000170     keypad.obj (.text:vInterrupt_Key)
                  000003dc    00000132     driverlib.lib : gpio.obj (.text:GPIOPadConfigSet)
                  0000050e    00000002     startup_ccs.obj (.text:FaultISR)
                  00000510    00000118     queue.obj (.text:xQueueGenericReceive)
                  00000628    00000110     driverlib.lib : sysctl.obj (.text:SysCtlClockGet)
                  00000738    00000104     tasks.obj (.text:xTaskIncrementTick)
                  0000083c    00000100     tasks.obj (.text:xTaskGenericCreate)
                  0000093c    000000e8     queue.obj (.text:xQueueGenericSend)
                  00000a24    000000e4     tasks.obj (.text:xTaskResumeAll)
                  00000b08    000000d4     keypad.obj (.text:KEYTask)
                  00000bdc    000000d2     portasm.obj (.text)
                  00000cae    00000002     startup_ccs.obj (.text:IntDefaultHandler)
                  00000cb0    000000ac     heap_2.obj (.text:pvPortMalloc)
                  00000d5c    0000009c     rtsv7M4_T_le_v4SPD16_eabi.lib : memcpy_t2.asm.obj (.text)
                  00000df8    00000098     I2C_task.obj (.text:I2CTaskInit)
                  00000e90    00000094     keypad.obj (.text:KEYTaskInit)
                  00000f24    00000090     I2C_task.obj (.text:I2CReceive)
                  00000fb4    00000090     tasks.obj (.text:vTaskPriorityInherit)
                  00001044    0000008c     tasks.obj (.text:vTaskSwitchContext)
                  000010d0    00000084     queue.obj (.text:xQueueGenericReset)
                  00001154    0000007a     rtsv7M4_T_le_v4SPD16_eabi.lib : memset_t2.asm.obj (.text)
                  000011ce    00000002     startup_ccs.obj (.text:NmiSR)
                  000011d0    00000078     tasks.obj (.text:xTaskPriorityDisinherit)
                  00001248    00000074     tasks.obj (.text:xTaskRemoveFromEventList)
                  000012bc    00000072     queue.obj (.text:prvCopyDataToQueue)
                  0000132e    00000002     freertos_demo.obj (.text:vApplicationStackOverflowHook)
                  00001330    00000068     driverlib.lib : interrupt.obj (.text:IntEnable)
                  00001398    00000068     rtsv7M4_T_le_v4SPD16_eabi.lib : copy_decompress_lzss.c.obj (.text:decompress:lzss:__TI_decompress_lzss)
                  00001400    00000064     LCD.obj (.text:LCDTaskInit)
                  00001464    00000064     tasks.obj (.text:vTaskPlaceOnEventList)
                  000014c8    00000062     queue.obj (.text:prvUnlockQueue)
                  0000152a    00000002     --HOLE-- [fill = 0]
                  0000152c    00000060     tasks.obj (.text:prvInitialiseTaskLists)
                  0000158c    00000060     tasks.obj (.text:vTaskStartScheduler)
                  000015ec    0000005c     tasks.obj (.text:vTaskDelay)
                  00001648    00000058     LCD.obj (.text:Lcd_Init)
                  000016a0    00000058     LCD.obj (.text:Lcd_Write_Char)
                  000016f8    00000058     freertos_demo.obj (.text:main)
                  00001750    00000058     tasks.obj (.text:prvCheckTasksWaitingTermination)
                  000017a8    00000056     driverlib.lib : gpio.obj (.text:GPIOIntTypeSet)
                  000017fe    00000056     LCD.obj (.text:Lcd_Port)
                  00001854    00000056     tasks.obj (.text:prvInitialiseTCBVariables)
                  000018aa    00000002     --HOLE-- [fill = 0]
                  000018ac    00000054     tasks.obj (.text:xTaskCheckForTimeOut)
                  00001900    00000050     driverlib.lib : sysctl.obj (.text:SysCtlPeripheralReset)
                  00001950    0000004c                   : i2c.obj (.text:I2CMasterInitExpClk)
                  0000199c    0000004c     I2C_task.obj (.text:I2CTask)
                  000019e8    0000004c     tasks.obj (.text:prvAddCurrentTaskToDelayedList)
                  00001a34    00000048     driverlib.lib : gpio.obj (.text:GPIOPinConfigure)
                  00001a7c    00000048     I2C_task.obj (.text:I2CSENDCONFIG)
                  00001ac4    00000044     driverlib.lib : gpio.obj (.text:_GPIOIntNumberGet)
                  00001b08    00000044     rtsv7M4_T_le_v4SPD16_eabi.lib : autoinit.c.obj (.text:__TI_auto_init_nobinit_nopinit:__TI_auto_init_nobinit_nopinit)
                  00001b4c    00000044     heap_2.obj (.text:vPortFree)
                  00001b90    00000040     port.obj (.text:xPortStartScheduler)
                  00001bd0    0000003c     LCD.obj (.text:Lcd_Cmd)
                  00001c0c    0000003c     queue.obj (.text:xQueueGenericCreate)
                  00001c48    0000003a     tasks.obj (.text:prvAllocateTCBAndStack)
                  00001c82    00000038     list.obj (.text:vListInsert)
                  00001cba    00000002     --HOLE-- [fill = 0]
                  00001cbc    00000034     driverlib.lib : interrupt.obj (.text:IntRegister)
                  00001cf0    00000034                   : sysctl.obj (.text:SysCtlPeripheralEnable)
                  00001d24    00000034     rtsv7M4_T_le_v4SPD16_eabi.lib : boot_cortex_m.c.obj (.text:_c_int00_noargs:_c_int00_noargs)
                  00001d58    00000030     LCD.obj (.text:LCDTask)
                  00001d88    00000030     heap_2.obj (.text:prvHeapInit)
                  00001db8    0000002c     port.obj (.text:xPortSysTickHandler)
                  00001de4    0000002a     driverlib.lib : gpio.obj (.text:GPIODirModeSet)
                  00001e0e    00000002     --HOLE-- [fill = 0]
                  00001e10    00000028     tasks.obj (.text:prvResetNextTaskUnblockTime)
                  00001e38    00000028     port.obj (.text:pxPortInitialiseStack)
                  00001e60    00000026     queue.obj (.text:prvCopyDataFromQueue)
                  00001e86    00000020     list.obj (.text:uxListRemove)
                  00001ea6    0000001c     queue.obj (.text:prvIsQueueFull)
                  00001ec2    00000002     --HOLE-- [fill = 0]
                  00001ec4    0000001c     port.obj (.text:vPortEnterCritical)
                  00001ee0    0000001a     queue.obj (.text:prvIsQueueEmpty)
                  00001efa    00000018     driverlib.lib : gpio.obj (.text:GPIOIntRegister)
                  00001f12    00000018                   : gpio.obj (.text:GPIOPinTypeGPIOOutput)
                  00001f2a    00000002     --HOLE-- [fill = 0]
                  00001f2c    00000018     tasks.obj (.text:pvTaskIncrementMutexHeldCount)
                  00001f44    00000018     list.obj (.text:vListInsertEnd)
                  00001f5c    00000018     port.obj (.text:vPortExitCritical)
                  00001f74    00000018     tasks.obj (.text:vTaskSetTimeOutState)
                  00001f8c    00000016     list.obj (.text:vListInitialise)
                  00001fa2    00000014     LCD.obj (.text:Lcd_Write_String)
                  00001fb6    00000002     --HOLE-- [fill = 0]
                  00001fb8    00000014     port.obj (.text:vPortSetupTimerInterrupt)
                  00001fcc    00000012     driverlib.lib : gpio.obj (.text:GPIOPinTypeGPIOInput)
                  00001fde    00000012                   : gpio.obj (.text:GPIOPinTypeI2C)
                  00001ff0    00000012                   : gpio.obj (.text:GPIOPinTypeI2CSCL)
                  00002002    00000012     tasks.obj (.text:prvDeleteTCB)
                  00002014    00000010     LCD.obj (.text:Lcd_Clear)
                  00002024    00000010     port.obj (.text:prvTaskExitError)
                  00002034    00000010     tasks.obj (.text:vTaskSuspendAll)
                  00002044    0000000e     driverlib.lib : gpio.obj (.text:GPIOIntDisable)
                  00002052    0000000e                   : gpio.obj (.text:GPIOIntStatus)
                  00002060    0000000e     rtsv7M4_T_le_v4SPD16_eabi.lib : copy_decompress_none.c.obj (.text:decompress:none:__TI_decompress_none)
                  0000206e    0000000c     driverlib.lib : gpio.obj (.text:GPIOIntEnable)
                  0000207a    0000000c     rtsv7M4_T_le_v4SPD16_eabi.lib : copy_zero_init.c.obj (.text:decompress:ZI:__TI_zero_init)
                  00002086    00000002     --HOLE-- [fill = 0]
                  00002088    0000000c     tasks.obj (.text:vTaskMissedYield)
                  00002094    0000000a     driverlib.lib : i2c.obj (.text:I2CMasterEnable)
                  0000209e    00000008                   : i2c.obj (.text:I2CMasterBusy)
                  000020a6    00000008                   : i2c.obj (.text:I2CMasterSlaveAddrSet)
                  000020ae    00000008     tasks.obj (.text:prvIdleTask)
                  000020b6    00000006     driverlib.lib : gpio.obj (.text:GPIOIntClear)
                  000020bc    00000006                   : gpio.obj (.text:GPIOPinWrite)
                  000020c2    00000006     startup_ccs.obj (.text:ResetISR)
                  000020c8    00000006     driverlib.lib : sysctl.obj (.text:SysCtlDelay)
                  000020ce    00000006     list.obj (.text:vListInitialiseItem)
                  000020d4    00000004     driverlib.lib : i2c.obj (.text:I2CMasterControl)
                  000020d8    00000004                   : i2c.obj (.text:I2CMasterDataGet)
                  000020dc    00000004                   : i2c.obj (.text:I2CMasterDataPut)
                  000020e0    00000004     keypad.obj (.text:IntGPIOc)
                  000020e4    00000004     rtsv7M4_T_le_v4SPD16_eabi.lib : pre_init.c.obj (.text:_system_pre_init)
                  000020e8    00000004                                   : exit.c.obj (.text:abort:abort)

.const     0    000020ec    00000344     
                  000020ec    000000d8     driverlib.lib : gpio.obj (.const:g_ppui32GPIOIntMapSnowflake)
                  000021c4    000000c0                   : gpio.obj (.const:g_ppui32GPIOIntMapBlizzard)
                  00002284    00000090                   : gpio.obj (.const:g_pui32GPIOBaseAddrs)
                  00002314    00000070                   : interrupt.obj (.const)
                  00002384    0000006c                   : sysctl.obj (.const:g_pui32Xtals)
                  000023f0    00000014     keypad.obj (.const:.string:$P$T0$1)
                  00002404    00000011     keypad.obj (.const:.string:$P$T1$2)
                  00002415    0000000e     keypad.obj (.const:.string:$P$T3$4)
                  00002423    00000007     keypad.obj (.const:.string:$P$T2$3)
                  0000242a    00000002     --HOLE-- [fill = 0]
                  0000242c    00000004     port.obj (.const)

.cinit     0    00002430    00000058     
                  00002430    00000021     (.cinit..data.load) [load image, compression = lzss]
                  00002451    00000003     --HOLE-- [fill = 0]
                  00002454    0000000c     (__TI_handler_table)
                  00002460    00000008     (.cinit..bss.load) [load image, compression = zero_init]
                  00002468    00000008     (.cinit..vtable.load) [load image, compression = zero_init]
                  00002470    00000018     (__TI_cinit_table)

.init_array 
*          0    00000000    00000000     UNINITIALIZED

.vtable    0    20000000    0000026c     UNINITIALIZED
                  20000000    0000026c     driverlib.lib : interrupt.obj (.vtable)

.bss       0    2000026c    00007717     UNINITIALIZED
                  2000026c    00007530     heap_2.obj (.bss:ucHeap)
                  2000779c    00000140     tasks.obj (.bss:pxReadyTasksLists)
                  200078dc    00000014     tasks.obj (.bss:xDelayedTaskList1)
                  200078f0    00000014     tasks.obj (.bss:xDelayedTaskList2)
                  20007904    00000014     tasks.obj (.bss:xPendingReadyList)
                  20007918    00000014     tasks.obj (.bss:xSuspendedTaskList)
                  2000792c    00000014     tasks.obj (.bss:xTasksWaitingTermination)
                  20007940    00000008     tasks.obj (.bss)
                  20007948    00000008     heap_2.obj (.bss:xEnd)
                  20007950    00000008     heap_2.obj (.bss:xStart)
                  20007958    00000004     (.common:flag_config)
                  2000795c    00000004     (.common:g_pKEYQueue)
                  20007960    00000004     (.common:g_pSTARTSemaphore)
                  20007964    00000004     (.common:g_pTempQueue)
                  20007968    00000004     (.common:i_count)
                  2000796c    00000004     (.common:uTmax)
                  20007970    00000004     (.common:uTmin)
                  20007974    00000004     (.common:uValue_Temp)
                  20007978    00000004     (.common:uVel)
                  2000797c    00000001     (.common:col)
                  2000797d    00000001     (.common:row)
                  2000797e    00000001     (.common:sData)
                  2000797f    00000001     (.common:sHora)
                  20007980    00000001     (.common:sTMax)
                  20007981    00000001     (.common:tecla)
                  20007982    00000001     (.common:tempo)

.data      0    20007b88    0000004c     UNINITIALIZED
                  20007b88    00000030     tasks.obj (.data)
                  20007bb8    00000010     keypad.obj (.data:symbol)
                  20007bc8    00000008     heap_2.obj (.data)
                  20007bd0    00000004     port.obj (.data)

.stack     0    20007988    00000200     UNINITIALIZED
                  20007988    00000004     rtsv7M4_T_le_v4SPD16_eabi.lib : boot_cortex_m.c.obj (.stack)
                  2000798c    000001fc     --HOLE--

__llvm_prf_cnts 
*          0    20000000    00000000     UNINITIALIZED

MODULE SUMMARY

       Module                       code   ro data   rw data
       ------                       ----   -------   -------
    .\
       keypad.obj                   732    58        22     
       startup_ccs.obj              12     620       0      
       LCD.obj                      506    0         13     
       I2C_task.obj                 444    0         20     
       freertos_demo.obj            90     0         4      
    +--+----------------------------+------+---------+---------+
       Total:                       1784   678       59     
                                                            
    .\third_party\FreeRTOS\Source\
       tasks.obj                    2182   0         476    
       queue.obj                    1008   0         0      
       list.obj                     140    0         0      
    +--+----------------------------+------+---------+---------+
       Total:                       3330   0         476    
                                                            
    .\third_party\FreeRTOS\Source\portable\CCS\ARM_CM4F\
       port.obj                     236    4         4      
       portasm.obj                  210    0         0      
    +--+----------------------------+------+---------+---------+
       Total:                       446    4         4      
                                                            
    .\third_party\FreeRTOS\Source\portable\MemMang\
       heap_2.obj                   288    0         30024  
    +--+----------------------------+------+---------+---------+
       Total:                       288    0         30024  
                                                            
    C:/ti/ccs1100/tivaware_c_series_2_1_4_178/driverlib/ccs/Debug/driverlib.lib
       gpio.obj                     728    552       0      
       interrupt.obj                156    112       620    
       sysctl.obj                   410    108       0      
       i2c.obj                      114    0         0      
    +--+----------------------------+------+---------+---------+
       Total:                       1408   772       620    
                                                            
    C:\ti\ccs1100\ccs\tools\compiler\ti-cgt-arm_20.2.5.LTS\lib\rtsv7M4_T_le_v4SPD16_eabi.lib
       memcpy_t2.asm.obj            156    0         0      
       memset_t2.asm.obj            122    0         0      
       copy_decompress_lzss.c.obj   104    0         0      
       autoinit.c.obj               68     0         0      
       boot_cortex_m.c.obj          52     0         0      
       copy_decompress_none.c.obj   14     0         0      
       copy_zero_init.c.obj         12     0         0      
       exit.c.obj                   4      0         0      
       pre_init.c.obj               4      0         0      
    +--+----------------------------+------+---------+---------+
       Total:                       536    0         0      
                                                            
       Stack:                       0      0         512    
       Linker Generated:            0      85        0      
    +--+----------------------------+------+---------+---------+
       Grand Total:                 7792   1539      31695  


LINKER GENERATED COPY TABLES

__TI_cinit_table @ 00002470 records: 3, size/record: 8, table size: 24
	.data: load addr=00002430, load size=00000021 bytes, run addr=20007b88, run size=0000004c bytes, compression=lzss
	.bss: load addr=00002460, load size=00000008 bytes, run addr=2000026c, run size=00007717 bytes, compression=zero_init
	.vtable: load addr=00002468, load size=00000008 bytes, run addr=20000000, run size=0000026c bytes, compression=zero_init


LINKER GENERATED HANDLER TABLE

__TI_handler_table @ 00002454 records: 3, size/record: 4, table size: 12
	index: 0, handler: __TI_zero_init
	index: 1, handler: __TI_decompress_lzss
	index: 2, handler: __TI_decompress_none


GLOBAL SYMBOLS: SORTED ALPHABETICALLY BY Name 

address   name                          
-------   ----                          
000020e9  C$$EXIT                       
00001de5  GPIODirModeSet                
000020b7  GPIOIntClear                  
00002045  GPIOIntDisable                
0000206f  GPIOIntEnable                 
00001efb  GPIOIntRegister               
00002053  GPIOIntStatus                 
000017a9  GPIOIntTypeSet                
000003dd  GPIOPadConfigSet              
00001a35  GPIOPinConfigure              
00001fcd  GPIOPinTypeGPIOInput          
00001f13  GPIOPinTypeGPIOOutput         
00001fdf  GPIOPinTypeI2C                
00001ff1  GPIOPinTypeI2CSCL             
000020bd  GPIOPinWrite                  
0000209f  I2CMasterBusy                 
000020d5  I2CMasterControl              
000020d9  I2CMasterDataGet              
000020dd  I2CMasterDataPut              
00002095  I2CMasterEnable               
00001951  I2CMasterInitExpClk           
000020a7  I2CMasterSlaveAddrSet         
00000df9  I2CTaskInit                   
00001331  IntEnable                     
00001cbd  IntRegister                   
00000e91  KEYTaskInit                   
00001401  LCDTaskInit                   
00002015  Lcd_Clear                     
00001bd1  Lcd_Cmd                       
00001649  Lcd_Init                      
000017ff  Lcd_Port                      
000016a1  Lcd_Write_Char                
00001fa3  Lcd_Write_String              
000020c3  ResetISR                      
00000629  SysCtlClockGet                
000020c9  SysCtlDelay                   
00001cf1  SysCtlPeripheralEnable        
00001901  SysCtlPeripheralReset         
20007b88  __STACK_END                   
00000200  __STACK_SIZE                  
20007b88  __STACK_TOP                   
00002470  __TI_CINIT_Base               
00002488  __TI_CINIT_Limit              
00002454  __TI_Handler_Table_Base       
00002460  __TI_Handler_Table_Limit      
00001b09  __TI_auto_init_nobinit_nopinit
00001399  __TI_decompress_lzss          
00002061  __TI_decompress_none          
ffffffff  __TI_pprof_out_hndl           
ffffffff  __TI_prof_data_size           
ffffffff  __TI_prof_data_start          
00000000  __TI_static_base__            
0000207b  __TI_zero_init                
00001155  __aeabi_memclr                
00001155  __aeabi_memclr4               
00001155  __aeabi_memclr8               
00000d5d  __aeabi_memcpy                
00000d5d  __aeabi_memcpy4               
00000d5d  __aeabi_memcpy8               
00001157  __aeabi_memset                
00001157  __aeabi_memset4               
00001157  __aeabi_memset8               
ffffffff  __binit__                     
ffffffff  __c_args__                    
UNDEFED   __mpu_init                    
20007988  __stack                       
20000000  __start___llvm_prf_cnts       
20000000  __stop___llvm_prf_cnts        
00001d25  _c_int00_noargs               
UNDEFED   _system_post_cinit            
000020e5  _system_pre_init              
000020e9  abort                         
ffffffff  binit                         
2000797c  col                           
20007958  flag_config                   
2000795c  g_pKEYQueue                   
20007960  g_pSTARTSemaphore             
20007964  g_pTempQueue                  
20000000  g_pfnRAMVectors               
00000000  g_pfnVectors                  
20007968  i_count                       
000016f9  main                          
00000d5d  memcpy                        
0000115d  memset                        
00000cb1  pvPortMalloc                  
00001f2d  pvTaskIncrementMutexHeldCount 
20007b88  pxCurrentTCB                  
00001e39  pxPortInitialiseStack         
2000797d  row                           
2000797e  sData                         
2000797f  sHora                         
20007980  sTMax                         
20007bb8  symbol                        
20007981  tecla                         
20007982  tempo                         
2000796c  uTmax                         
20007970  uTmin                         
20007974  uValue_Temp                   
20007978  uVel                          
0000242c  ulMaxSyscallInterruptPriority 
00000bed  ulPortGetIPSR                 
00001e87  uxListRemove                  
0000132f  vApplicationStackOverflowHook 
00001f8d  vListInitialise               
000020cf  vListInitialiseItem           
00001c83  vListInsert                   
00001f45  vListInsertEnd                
00000ca1  vPortEnableVFP                
00001ec5  vPortEnterCritical            
00001f5d  vPortExitCritical             
00001b4d  vPortFree                     
00000c65  vPortSVCHandler               
00001fb9  vPortSetupTimerInterrupt      
00000c85  vPortStartFirstTask           
000015ed  vTaskDelay                    
00002089  vTaskMissedYield              
00001465  vTaskPlaceOnEventList         
00000fb5  vTaskPriorityInherit          
00001f75  vTaskSetTimeOutState          
0000158d  vTaskStartScheduler           
00002035  vTaskSuspendAll               
00001045  vTaskSwitchContext            
00000c05  xPortPendSVHandler            
00001b91  xPortStartScheduler           
00001db9  xPortSysTickHandler           
00001c0d  xQueueGenericCreate           
00000511  xQueueGenericReceive          
000010d1  xQueueGenericReset            
0000093d  xQueueGenericSend             
000018ad  xTaskCheckForTimeOut          
0000083d  xTaskGenericCreate            
00000739  xTaskIncrementTick            
000011d1  xTaskPriorityDisinherit       
00001249  xTaskRemoveFromEventList      
00000a25  xTaskResumeAll                


GLOBAL SYMBOLS: SORTED BY Symbol Address 

address   name                          
-------   ----                          
00000000  __TI_static_base__            
00000000  g_pfnVectors                  
00000200  __STACK_SIZE                  
000003dd  GPIOPadConfigSet              
00000511  xQueueGenericReceive          
00000629  SysCtlClockGet                
00000739  xTaskIncrementTick            
0000083d  xTaskGenericCreate            
0000093d  xQueueGenericSend             
00000a25  xTaskResumeAll                
00000bed  ulPortGetIPSR                 
00000c05  xPortPendSVHandler            
00000c65  vPortSVCHandler               
00000c85  vPortStartFirstTask           
00000ca1  vPortEnableVFP                
00000cb1  pvPortMalloc                  
00000d5d  __aeabi_memcpy                
00000d5d  __aeabi_memcpy4               
00000d5d  __aeabi_memcpy8               
00000d5d  memcpy                        
00000df9  I2CTaskInit                   
00000e91  KEYTaskInit                   
00000fb5  vTaskPriorityInherit          
00001045  vTaskSwitchContext            
000010d1  xQueueGenericReset            
00001155  __aeabi_memclr                
00001155  __aeabi_memclr4               
00001155  __aeabi_memclr8               
00001157  __aeabi_memset                
00001157  __aeabi_memset4               
00001157  __aeabi_memset8               
0000115d  memset                        
000011d1  xTaskPriorityDisinherit       
00001249  xTaskRemoveFromEventList      
0000132f  vApplicationStackOverflowHook 
00001331  IntEnable                     
00001399  __TI_decompress_lzss          
00001401  LCDTaskInit                   
00001465  vTaskPlaceOnEventList         
0000158d  vTaskStartScheduler           
000015ed  vTaskDelay                    
00001649  Lcd_Init                      
000016a1  Lcd_Write_Char                
000016f9  main                          
000017a9  GPIOIntTypeSet                
000017ff  Lcd_Port                      
000018ad  xTaskCheckForTimeOut          
00001901  SysCtlPeripheralReset         
00001951  I2CMasterInitExpClk           
00001a35  GPIOPinConfigure              
00001b09  __TI_auto_init_nobinit_nopinit
00001b4d  vPortFree                     
00001b91  xPortStartScheduler           
00001bd1  Lcd_Cmd                       
00001c0d  xQueueGenericCreate           
00001c83  vListInsert                   
00001cbd  IntRegister                   
00001cf1  SysCtlPeripheralEnable        
00001d25  _c_int00_noargs               
00001db9  xPortSysTickHandler           
00001de5  GPIODirModeSet                
00001e39  pxPortInitialiseStack         
00001e87  uxListRemove                  
00001ec5  vPortEnterCritical            
00001efb  GPIOIntRegister               
00001f13  GPIOPinTypeGPIOOutput         
00001f2d  pvTaskIncrementMutexHeldCount 
00001f45  vListInsertEnd                
00001f5d  vPortExitCritical             
00001f75  vTaskSetTimeOutState          
00001f8d  vListInitialise               
00001fa3  Lcd_Write_String              
00001fb9  vPortSetupTimerInterrupt      
00001fcd  GPIOPinTypeGPIOInput          
00001fdf  GPIOPinTypeI2C                
00001ff1  GPIOPinTypeI2CSCL             
00002015  Lcd_Clear                     
00002035  vTaskSuspendAll               
00002045  GPIOIntDisable                
00002053  GPIOIntStatus                 
00002061  __TI_decompress_none          
0000206f  GPIOIntEnable                 
0000207b  __TI_zero_init                
00002089  vTaskMissedYield              
00002095  I2CMasterEnable               
0000209f  I2CMasterBusy                 
000020a7  I2CMasterSlaveAddrSet         
000020b7  GPIOIntClear                  
000020bd  GPIOPinWrite                  
000020c3  ResetISR                      
000020c9  SysCtlDelay                   
000020cf  vListInitialiseItem           
000020d5  I2CMasterControl              
000020d9  I2CMasterDataGet              
000020dd  I2CMasterDataPut              
000020e5  _system_pre_init              
000020e9  C$$EXIT                       
000020e9  abort                         
0000242c  ulMaxSyscallInterruptPriority 
00002454  __TI_Handler_Table_Base       
00002460  __TI_Handler_Table_Limit      
00002470  __TI_CINIT_Base               
00002488  __TI_CINIT_Limit              
20000000  __start___llvm_prf_cnts       
20000000  __stop___llvm_prf_cnts        
20000000  g_pfnRAMVectors               
20007958  flag_config                   
2000795c  g_pKEYQueue                   
20007960  g_pSTARTSemaphore             
20007964  g_pTempQueue                  
20007968  i_count                       
2000796c  uTmax                         
20007970  uTmin                         
20007974  uValue_Temp                   
20007978  uVel                          
2000797c  col                           
2000797d  row                           
2000797e  sData                         
2000797f  sHora                         
20007980  sTMax                         
20007981  tecla                         
20007982  tempo                         
20007988  __stack                       
20007b88  __STACK_END                   
20007b88  __STACK_TOP                   
20007b88  pxCurrentTCB                  
20007bb8  symbol                        
ffffffff  __TI_pprof_out_hndl           
ffffffff  __TI_prof_data_size           
ffffffff  __TI_prof_data_start          
ffffffff  __binit__                     
ffffffff  __c_args__                    
ffffffff  binit                         
UNDEFED   __mpu_init                    
UNDEFED   _system_post_cinit            

[135 symbols]
