******************************************************************************
                  TI ARM Linker PC v20.2.5                     
******************************************************************************
>> Linked Mon Jan 16 16:03:15 2023

OUTPUT FILE NAME:   <freertos_demo.out>
ENTRY POINT SYMBOL: "_c_int00_noargs"  address: 000045a9


MEMORY CONFIGURATION

         name            origin    length      used     unused   attr    fill
----------------------  --------  ---------  --------  --------  ----  --------
  FLASH                 00000000   00040000  000050dc  0003af24  R  X
  SRAM                  20000000   00008000  00007c45  000003bb  RW X


SEGMENT ALLOCATION MAP

run origin  load origin   length   init length attrs members
----------  ----------- ---------- ----------- ----- -------
00000000    00000000    000050e0   000050e0    r-x
  00000000    00000000    0000026c   0000026c    r-- .intvecs
  0000026c    0000026c    0000491a   0000491a    r-x .text
  00004b88    00004b88    000004e6   000004e6    r-- .const
  00005070    00005070    00000070   00000070    r-- .cinit
20000000    20000000    00007c4c   00000000    rw-
  20000000    20000000    0000026c   00000000    rw- .vtable
  2000026c    2000026c    0000776d   00000000    rw- .bss
  200079e0    200079e0    00000200   00000000    rw- .stack
  20007be0    20007be0    0000006c   00000000    rw- .data


SECTION ALLOCATION MAP

 output                                  attributes/
section   page    origin      length       input sections
--------  ----  ----------  ----------   ----------------
.intvecs   0    00000000    0000026c     
                  00000000    0000026c     startup_ccs.obj (.intvecs)

.text      0    0000026c    0000491a     
                  0000026c    00000a4e     rtsv7M4_T_le_v4SPD16_eabi.lib : _printfi.c.obj (.text:__TI_printfi)
                  00000cba    00000002     startup_ccs.obj (.text:FaultISR)
                  00000cbc    00000780     keypad.obj (.text:vInterrupt_Key)
                  0000143c    000003c4     att_task.obj (.text:AttTask)
                  00001800    00000270     rtsv7M4_T_le_v4SPD16_eabi.lib : _printfi.c.obj (.text:_pconv_a)
                  00001a70    000001d0                                   : _printfi.c.obj (.text:_pconv_g)
                  00001c40    000001b6                                   : fd_add_t2.asm.obj (.text)
                  00001df6    00000002     startup_ccs.obj (.text:IntDefaultHandler)
                  00001df8    00000190     PWM_task.obj (.text:PWMTask)
                  00001f88    0000013c     rtsv7M4_T_le_v4SPD16_eabi.lib : _printfi.c.obj (.text:_pconv_e)
                  000020c4    00000136                                   : fd_div_t2.asm.obj (.text)
                  000021fa    00000132     driverlib.lib : gpio.obj (.text:GPIOPadConfigSet)
                  0000232c    00000124     rtsv7M4_T_le_v4SPD16_eabi.lib : _printfi.c.obj (.text:fcvt)
                  00002450    00000118     queue.obj (.text:xQueueGenericReceive)
                  00002568    00000110     driverlib.lib : sysctl.obj (.text:SysCtlClockGet)
                  00002678    00000110     rtsv7M4_T_le_v4SPD16_eabi.lib : s_scalbn.c.obj (.text:scalbn)
                  00002788    00000104     tasks.obj (.text:xTaskIncrementTick)
                  0000288c    00000100     tasks.obj (.text:xTaskGenericCreate)
                  0000298c    000000fc     rtsv7M4_T_le_v4SPD16_eabi.lib : fd_mul_t2.asm.obj (.text)
                  00002a88    000000f4     driverlib.lib : sysctl.obj (.text:SysCtlClockSet)
                  00002b7c    000000e8     queue.obj (.text:xQueueGenericSend)
                  00002c64    000000e4     tasks.obj (.text:xTaskResumeAll)
                  00002d48    000000d2     portasm.obj (.text)
                  00002e1a    00000002     startup_ccs.obj (.text:NmiSR)
                  00002e1c    000000cc     PWM_task.obj (.text:PWMTaskInit)
                  00002ee8    000000b8     keypad.obj (.text:KEYTask)
                  00002fa0    000000b1     rtsv7M4_T_le_v4SPD16_eabi.lib : _printfi.c.obj (.text:_ltostr)
                  00003051    00000001     --HOLE-- [fill = 0]
                  00003052    00000002                                   : div0.asm.obj (.text)
                  00003054    000000ac     heap_2.obj (.text:pvPortMalloc)
                  00003100    0000009c     I2C_task.obj (.text:I2CReceive)
                  0000319c    0000009c     rtsv7M4_T_le_v4SPD16_eabi.lib : memcpy_t2.asm.obj (.text)
                  00003238    00000098     I2C_task.obj (.text:I2CTaskInit)
                  000032d0    00000096     rtsv7M4_T_le_v4SPD16_eabi.lib : ull_div_t2.asm.obj (.text)
                  00003366    00000002     freertos_demo.obj (.text:vApplicationStackOverflowHook)
                  00003368    00000094     keypad.obj (.text:KEYTaskInit)
                  000033fc    00000090     tasks.obj (.text:vTaskPriorityInherit)
                  0000348c    0000008c     tasks.obj (.text:vTaskSwitchContext)
                  00003518    00000086     rtsv7M4_T_le_v4SPD16_eabi.lib : fd_cmp_t2.asm.obj (.text:__aeabi_cdcmple)
                  0000359e    00000086                                   : fd_cmp_t2.asm.obj (.text:__aeabi_cdrcmple)
                  00003624    00000084     queue.obj (.text:xQueueGenericReset)
                  000036a8    0000007a     rtsv7M4_T_le_v4SPD16_eabi.lib : memset_t2.asm.obj (.text)
                  00003722    00000002     --HOLE-- [fill = 0]
                  00003724    00000078     tasks.obj (.text:xTaskPriorityDisinherit)
                  0000379c    00000074     tasks.obj (.text:xTaskRemoveFromEventList)
                  00003810    00000072     queue.obj (.text:prvCopyDataToQueue)
                  00003882    0000006e     rtsv7M4_T_le_v4SPD16_eabi.lib : _printfi.c.obj (.text:_mcpy)
                  000038f0    00000068     driverlib.lib : interrupt.obj (.text:IntEnable)
                  00003958    00000068     rtsv7M4_T_le_v4SPD16_eabi.lib : copy_decompress_lzss.c.obj (.text:decompress:lzss:__TI_decompress_lzss)
                  000039c0    00000064     LCD.obj (.text:LCDTaskInit)
                  00003a24    00000064     rtsv7M4_T_le_v4SPD16_eabi.lib : s_frexp.c.obj (.text:frexp)
                  00003a88    00000064     tasks.obj (.text:vTaskPlaceOnEventList)
                  00003aec    00000062     queue.obj (.text:prvUnlockQueue)
                  00003b4e    00000002     --HOLE-- [fill = 0]
                  00003b50    00000060     freertos_demo.obj (.text:main)
                  00003bb0    00000060     tasks.obj (.text:prvInitialiseTaskLists)
                  00003c10    00000060     tasks.obj (.text:vTaskStartScheduler)
                  00003c70    0000005c     LCD.obj (.text:Lcd_Write_Char)
                  00003ccc    0000005c     tasks.obj (.text:vTaskDelay)
                  00003d28    00000058     LCD.obj (.text:Lcd_Init)
                  00003d80    00000058     tasks.obj (.text:prvCheckTasksWaitingTermination)
                  00003dd8    00000056     driverlib.lib : gpio.obj (.text:GPIOIntTypeSet)
                  00003e2e    00000056     LCD.obj (.text:Lcd_Port)
                  00003e84    00000056     rtsv7M4_T_le_v4SPD16_eabi.lib : _printfi.c.obj (.text:_pconv_f)
                  00003eda    00000056     tasks.obj (.text:prvInitialiseTCBVariables)
                  00003f30    00000054     rtsv7M4_T_le_v4SPD16_eabi.lib : _ltoa.c.obj (.text:__TI_ltoa)
                  00003f84    00000054     tasks.obj (.text:xTaskCheckForTimeOut)
                  00003fd8    00000052     rtsv7M4_T_le_v4SPD16_eabi.lib : _printfi.c.obj (.text:_ecpy)
                  0000402a    00000002     --HOLE-- [fill = 0]
                  0000402c    00000050     LCD.obj (.text:LCDTask)
                  0000407c    00000050     driverlib.lib : sysctl.obj (.text:SysCtlPeripheralReset)
                  000040cc    0000004c                   : i2c.obj (.text:I2CMasterInitExpClk)
                  00004118    0000004c     rtsv7M4_T_le_v4SPD16_eabi.lib : atoi.c.obj (.text:atoi)
                  00004164    0000004c     tasks.obj (.text:prvAddCurrentTaskToDelayedList)
                  000041b0    00000048     driverlib.lib : gpio.obj (.text:GPIOPinConfigure)
                  000041f8    00000048     I2C_task.obj (.text:I2CSENDCONFIG)
                  00004240    00000048     rtsv7M4_T_le_v4SPD16_eabi.lib : fd_toi_t2.asm.obj (.text)
                  00004288    00000044     driverlib.lib : gpio.obj (.text:_GPIOIntNumberGet)
                  000042cc    00000044     rtsv7M4_T_le_v4SPD16_eabi.lib : autoinit.c.obj (.text:__TI_auto_init_nobinit_nopinit:__TI_auto_init_nobinit_nopinit)
                  00004310    00000044     heap_2.obj (.text:vPortFree)
                  00004354    00000040     I2C_task.obj (.text:I2CTask)
                  00004394    00000040     rtsv7M4_T_le_v4SPD16_eabi.lib : sprintf.c.obj (.text:sprintf)
                  000043d4    00000040     port.obj (.text:xPortStartScheduler)
                  00004414    0000003e     rtsv7M4_T_le_v4SPD16_eabi.lib : _printfi.c.obj (.text:_fcpy)
                  00004452    00000002     --HOLE-- [fill = 0]
                  00004454    0000003c     LCD.obj (.text:Lcd_Cmd)
                  00004490    0000003c     queue.obj (.text:xQueueGenericCreate)
                  000044cc    0000003a     tasks.obj (.text:prvAllocateTCBAndStack)
                  00004506    00000038     list.obj (.text:vListInsert)
                  0000453e    00000002     --HOLE-- [fill = 0]
                  00004540    00000034     driverlib.lib : interrupt.obj (.text:IntRegister)
                  00004574    00000034                   : sysctl.obj (.text:SysCtlPeripheralEnable)
                  000045a8    00000034     rtsv7M4_T_le_v4SPD16_eabi.lib : boot_cortex_m.c.obj (.text:_c_int00_noargs:_c_int00_noargs)
                  000045dc    00000030     att_task.obj (.text:AttTaskInit)
                  0000460c    00000030     heap_2.obj (.text:prvHeapInit)
                  0000463c    0000002e     rtsv7M4_T_le_v4SPD16_eabi.lib : i_tofd_t2.asm.obj (.text)
                  0000466a    00000002     --HOLE-- [fill = 0]
                  0000466c    0000002c     keypad.obj (.text:IntGPIOc)
                  00004698    0000002c     port.obj (.text:xPortSysTickHandler)
                  000046c4    0000002a     driverlib.lib : gpio.obj (.text:GPIODirModeSet)
                  000046ee    00000002     --HOLE-- [fill = 0]
                  000046f0    00000028     keypad.obj (.text:Key_Shift_Left)
                  00004718    00000028     tasks.obj (.text:prvResetNextTaskUnblockTime)
                  00004740    00000028     port.obj (.text:pxPortInitialiseStack)
                  00004768    00000026     queue.obj (.text:prvCopyDataFromQueue)
                  0000478e    00000002     --HOLE-- [fill = 0]
                  00004790    00000024     keypad.obj (.text:Key_Shift_Right)
                  000047b4    00000024     LCD.obj (.text:Lcd_Write_String)
                  000047d8    00000022     driverlib.lib : pwm.obj (.text:PWMGenConfigure)
                  000047fa    00000020     list.obj (.text:uxListRemove)
                  0000481a    0000001e     driverlib.lib : pwm.obj (.text:PWMPulseWidthSet)
                  00004838    0000001c     rtsv7M4_T_le_v4SPD16_eabi.lib : memccpy.c.obj (.text:memccpy)
                  00004854    0000001c     queue.obj (.text:prvIsQueueFull)
                  00004870    0000001c     port.obj (.text:vPortEnterCritical)
                  0000488c    0000001a     rtsv7M4_T_le_v4SPD16_eabi.lib : s_copysign.c.obj (.text:copysign)
                  000048a6    0000001a     queue.obj (.text:prvIsQueueEmpty)
                  000048c0    00000018     driverlib.lib : gpio.obj (.text:GPIOIntRegister)
                  000048d8    00000018                   : gpio.obj (.text:GPIOPinTypeGPIOOutput)
                  000048f0    00000018     rtsv7M4_T_le_v4SPD16_eabi.lib : sprintf.c.obj (.text:_outs)
                  00004908    00000018     tasks.obj (.text:pvTaskIncrementMutexHeldCount)
                  00004920    00000018     list.obj (.text:vListInsertEnd)
                  00004938    00000018     port.obj (.text:vPortExitCritical)
                  00004950    00000018     tasks.obj (.text:vTaskSetTimeOutState)
                  00004968    00000016     rtsv7M4_T_le_v4SPD16_eabi.lib : strchr.c.obj (.text:strchr)
                  0000497e    00000016     list.obj (.text:vListInitialise)
                  00004994    00000014     driverlib.lib : sysctl.obj (.text:SysCtlPWMClockSet)
                  000049a8    00000014                   : systick.obj (.text:SysTickEnable)
                  000049bc    00000014     rtsv7M4_T_le_v4SPD16_eabi.lib : strlen.c.obj (.text:strlen)
                  000049d0    00000014     port.obj (.text:vPortSetupTimerInterrupt)
                  000049e4    00000012     driverlib.lib : gpio.obj (.text:GPIOPinTypeGPIOInput)
                  000049f6    00000012                   : gpio.obj (.text:GPIOPinTypeI2C)
                  00004a08    00000012                   : gpio.obj (.text:GPIOPinTypeI2CSCL)
                  00004a1a    00000012                   : gpio.obj (.text:GPIOPinTypePWM)
                  00004a2c    00000012                   : pwm.obj (.text:PWMOutputState)
                  00004a3e    00000012     tasks.obj (.text:prvDeleteTCB)
                  00004a50    00000012     rtsv7M4_T_le_v4SPD16_eabi.lib : wcslen.c.obj (.text:wcslen)
                  00004a62    00000010     LCD.obj (.text:Lcd_Clear)
                  00004a72    00000010     LCD.obj (.text:Lcd_Shift_Left)
                  00004a82    00000010     LCD.obj (.text:Lcd_Shift_Right)
                  00004a92    00000010     driverlib.lib : pwm.obj (.text:PWMGenPeriodSet)
                  00004aa2    00000010     port.obj (.text:prvTaskExitError)
                  00004ab2    00000002     --HOLE-- [fill = 0]
                  00004ab4    00000010     tasks.obj (.text:vTaskSuspendAll)
                  00004ac4    0000000e     driverlib.lib : gpio.obj (.text:GPIOIntDisable)
                  00004ad2    0000000e                   : gpio.obj (.text:GPIOIntStatus)
                  00004ae0    0000000e     rtsv7M4_T_le_v4SPD16_eabi.lib : copy_decompress_none.c.obj (.text:decompress:none:__TI_decompress_none)
                  00004aee    0000000c     driverlib.lib : gpio.obj (.text:GPIOIntEnable)
                  00004afa    0000000c                   : pwm.obj (.text:PWMGenEnable)
                  00004b06    0000000c     rtsv7M4_T_le_v4SPD16_eabi.lib : copy_zero_init.c.obj (.text:decompress:ZI:__TI_zero_init)
                  00004b12    00000002     --HOLE-- [fill = 0]
                  00004b14    0000000c     tasks.obj (.text:vTaskMissedYield)
                  00004b20    0000000a     driverlib.lib : i2c.obj (.text:I2CMasterEnable)
                  00004b2a    0000000a     rtsv7M4_T_le_v4SPD16_eabi.lib : sprintf.c.obj (.text:_outc)
                  00004b34    00000008     driverlib.lib : i2c.obj (.text:I2CMasterBusy)
                  00004b3c    00000008                   : i2c.obj (.text:I2CMasterSlaveAddrSet)
                  00004b44    00000008     rtsv7M4_T_le_v4SPD16_eabi.lib : errno.c.obj (.text:__aeabi_errno_addr)
                  00004b4c    00000008     tasks.obj (.text:prvIdleTask)
                  00004b54    00000006     driverlib.lib : gpio.obj (.text:GPIOIntClear)
                  00004b5a    00000006                   : gpio.obj (.text:GPIOPinWrite)
                  00004b60    00000006     startup_ccs.obj (.text:ResetISR)
                  00004b66    00000006     driverlib.lib : sysctl.obj (.text:SysCtlDelay)
                  00004b6c    00000006     list.obj (.text:vListInitialiseItem)
                  00004b72    00000004     driverlib.lib : i2c.obj (.text:I2CMasterControl)
                  00004b76    00000004                   : i2c.obj (.text:I2CMasterDataGet)
                  00004b7a    00000004                   : i2c.obj (.text:I2CMasterDataPut)
                  00004b7e    00000004     rtsv7M4_T_le_v4SPD16_eabi.lib : pre_init.c.obj (.text:_system_pre_init)
                  00004b82    00000004                                   : exit.c.obj (.text:abort:abort)

.const     0    00004b88    000004e6     
                  00004b88    00000101     rtsv7M4_T_le_v4SPD16_eabi.lib : ctype.c.obj (.const:.string:_ctypes_)
                  00004c89    00000003     keypad.obj (.const)
                  00004c8c    000000d8     driverlib.lib : gpio.obj (.const:g_ppui32GPIOIntMapSnowflake)
                  00004d64    000000c0                   : gpio.obj (.const:g_ppui32GPIOIntMapBlizzard)
                  00004e24    00000090                   : gpio.obj (.const:g_pui32GPIOBaseAddrs)
                  00004eb4    00000070                   : interrupt.obj (.const)
                  00004f24    0000006c                   : sysctl.obj (.const:g_pui32Xtals)
                  00004f90    00000034     att_task.obj (.const:$P$T0$1)
                  00004fc4    00000034     att_task.obj (.const:$P$T1$2)
                  00004ff8    00000011     keypad.obj (.const:.string:sData)
                  00005009    0000000f     keypad.obj (.const:.string:sHora)
                  00005018    0000000f     keypad.obj (.const:.string:sTMax)
                  00005027    0000000f     keypad.obj (.const:.string:sTMin)
                  00005036    0000000d     att_task.obj (.const:.string:sTemp)
                  00005043    0000000c     att_task.obj (.const:.string:sVel)
                  0000504f    00000009     keypad.obj (.const:.string:sinv)
                  00005058    00000006     keypad.obj (.const:.string:start)
                  0000505e    00000005     keypad.obj (.const:.string:stop)
                  00005063    00000001     --HOLE-- [fill = 0]
                  00005064    00000004     port.obj (.const)
                  00005068    00000002     att_task.obj (.const:.string:barra)
                  0000506a    00000002     att_task.obj (.const:.string:ssTemp)
                  0000506c    00000002     att_task.obj (.const:.string:ssVel)

.cinit     0    00005070    00000070     
                  00005070    00000035     (.cinit..data.load) [load image, compression = lzss]
                  000050a5    00000003     --HOLE-- [fill = 0]
                  000050a8    0000000c     (__TI_handler_table)
                  000050b4    00000004     --HOLE-- [fill = 0]
                  000050b8    00000008     (.cinit..bss.load) [load image, compression = zero_init]
                  000050c0    00000008     (.cinit..vtable.load) [load image, compression = zero_init]
                  000050c8    00000018     (__TI_cinit_table)

.init_array 
*          0    00000000    00000000     UNINITIALIZED

.vtable    0    20000000    0000026c     UNINITIALIZED
                  20000000    0000026c     driverlib.lib : interrupt.obj (.vtable)

.bss       0    2000026c    0000776d     UNINITIALIZED
                  2000026c    00007530     heap_2.obj (.bss:ucHeap)
                  2000779c    00000140     tasks.obj (.bss:pxReadyTasksLists)
                  200078dc    00000014     tasks.obj (.bss:xDelayedTaskList1)
                  200078f0    00000014     tasks.obj (.bss:xDelayedTaskList2)
                  20007904    00000014     tasks.obj (.bss:xPendingReadyList)
                  20007918    00000014     tasks.obj (.bss:xSuspendedTaskList)
                  2000792c    00000014     tasks.obj (.bss:xTasksWaitingTermination)
                  20007940    00000008     tasks.obj (.bss)
                  20007948    00000008     heap_2.obj (.bss:xEnd)
                  20007950    00000008     heap_2.obj (.bss:xStart)
                  20007958    00000004     (.common:ano)
                  2000795c    00000004     (.common:ano_t)
                  20007960    00000004     (.common:day)
                  20007964    00000004     (.common:dias)
                  20007968    00000004     (.common:flag_config)
                  2000796c    00000004     (.common:g_pKEYQueue)
                  20007970    00000004     (.common:g_pSTARTSemaphore)
                  20007974    00000004     (.common:g_pTempQueue)
                  20007978    00000004     (.common:hor)
                  2000797c    00000004     (.common:hora)
                  20007980    00000004     (.common:i_count)
                  20007984    00000004     (.common:mes)
                  20007988    00000004     (.common:meses)
                  2000798c    00000004     (.common:min)
                  20007990    00000004     (.common:minu)
                  20007994    00000004     (.common:sec)
                  20007998    00000004     (.common:secu)
                  2000799c    00000004     (.common:t_max)
                  200079a0    00000004     (.common:t_min)
                  200079a4    00000004     (.common:temp)
                  200079a8    00000004     (.common:temp_final)
                  200079ac    00000004     (.common:temp_max)
                  200079b0    00000004     (.common:temp_min)
                  200079b4    00000004     (.common:temp_st)
                  200079b8    00000004     (.common:tempo)
                  200079bc    00000004     (.common:tempo_inicio)
                  200079c0    00000004     (.common:uValue_Temp_New)
                  200079c4    00000004     (.common:uValue_Temp_Old)
                  200079c8    00000004     (.common:vel)
                  200079cc    00000004     (.common:vel_st)
                  200079d0    00000001     (.common:a)
                  200079d1    00000001     (.common:bstart)
                  200079d2    00000001     (.common:btemp)
                  200079d3    00000001     (.common:col)
                  200079d4    00000001     (.common:row)
                  200079d5    00000001     (.common:sClear)
                  200079d6    00000001     (.common:show)
                  200079d7    00000001     (.common:tecla)
                  200079d8    00000001     (.common:test)

.data      0    20007be0    0000006c     UNINITIALIZED
                  20007be0    00000030     tasks.obj (.data)
                  20007c10    00000010     keypad.obj (.data:symbol)
                  20007c20    0000000d     keypad.obj (.data:meses_bisseistos)
                  20007c2d    0000000d     keypad.obj (.data:meses_normais)
                  20007c3a    00000002     --HOLE--
                  20007c3c    00000008     heap_2.obj (.data)
                  20007c44    00000004     port.obj (.data)
                  20007c48    00000004     rtsv7M4_T_le_v4SPD16_eabi.lib : errno.c.obj (.data)

.stack     0    200079e0    00000200     UNINITIALIZED
                  200079e0    00000004     rtsv7M4_T_le_v4SPD16_eabi.lib : boot_cortex_m.c.obj (.stack)
                  200079e4    000001fc     --HOLE--

__llvm_prf_cnts 
*          0    20000000    00000000     UNINITIALIZED

MODULE SUMMARY

       Module                       code    ro data   rw data
       ------                       ----    -------   -------
    .\
       keypad.obj                   2372    85        54     
       att_task.obj                 1012    135       70     
       startup_ccs.obj              12      620       0      
       PWM_task.obj                 604     0         22     
       LCD.obj                      590     0         13     
       I2C_task.obj                 444     0         12     
       freertos_demo.obj            98      0         0      
    +--+----------------------------+-------+---------+---------+
       Total:                       5132    840       171    
                                                             
    .\third_party\FreeRTOS\Source\
       tasks.obj                    2182    0         476    
       queue.obj                    1008    0         0      
       list.obj                     140     0         0      
    +--+----------------------------+-------+---------+---------+
       Total:                       3330    0         476    
                                                             
    .\third_party\FreeRTOS\Source\portable\CCS\ARM_CM4F\
       port.obj                     236     4         4      
       portasm.obj                  210     0         0      
    +--+----------------------------+-------+---------+---------+
       Total:                       446     4         4      
                                                             
    .\third_party\FreeRTOS\Source\portable\MemMang\
       heap_2.obj                   288     0         30024  
    +--+----------------------------+-------+---------+---------+
       Total:                       288     0         30024  
                                                             
    C:/ti/ccs1100/tivaware_c_series_2_1_4_178/driverlib/ccs/Debug/driverlib.lib
       gpio.obj                     746     552       0      
       interrupt.obj                156     112       620    
       sysctl.obj                   674     108       0      
       i2c.obj                      114     0         0      
       pwm.obj                      110     0         0      
       systick.obj                  20      0         0      
    +--+----------------------------+-------+---------+---------+
       Total:                       1820    772       620    
                                                             
    C:\ti\ccs1100\ccs\tools\compiler\ti-cgt-arm_20.2.5.LTS\lib\rtsv7M4_T_le_v4SPD16_eabi.lib
       _printfi.c.obj               4851    0         0      
       fd_add_t2.asm.obj            438     0         0      
       fd_div_t2.asm.obj            310     0         0      
       s_scalbn.c.obj               272     0         0      
       fd_cmp_t2.asm.obj            268     0         0      
       ctype.c.obj                  0       257       0      
       fd_mul_t2.asm.obj            252     0         0      
       memcpy_t2.asm.obj            156     0         0      
       ull_div_t2.asm.obj           150     0         0      
       memset_t2.asm.obj            122     0         0      
       copy_decompress_lzss.c.obj   104     0         0      
       s_frexp.c.obj                100     0         0      
       sprintf.c.obj                98      0         0      
       _ltoa.c.obj                  84      0         0      
       atoi.c.obj                   76      0         0      
       fd_toi_t2.asm.obj            72      0         0      
       autoinit.c.obj               68      0         0      
       boot_cortex_m.c.obj          52      0         0      
       i_tofd_t2.asm.obj            46      0         0      
       memccpy.c.obj                28      0         0      
       s_copysign.c.obj             26      0         0      
       strchr.c.obj                 22      0         0      
       strlen.c.obj                 20      0         0      
       wcslen.c.obj                 18      0         0      
       copy_decompress_none.c.obj   14      0         0      
       copy_zero_init.c.obj         12      0         0      
       errno.c.obj                  8       0         4      
       exit.c.obj                   4       0         0      
       pre_init.c.obj               4       0         0      
       div0.asm.obj                 2       0         0      
    +--+----------------------------+-------+---------+---------+
       Total:                       7677    257       4      
                                                             
       Stack:                       0       0         512    
       Linker Generated:            0       105       0      
    +--+----------------------------+-------+---------+---------+
       Grand Total:                 18693   1978      31811  


LINKER GENERATED COPY TABLES

__TI_cinit_table @ 000050c8 records: 3, size/record: 8, table size: 24
	.data: load addr=00005070, load size=00000035 bytes, run addr=20007be0, run size=0000006c bytes, compression=lzss
	.bss: load addr=000050b8, load size=00000008 bytes, run addr=2000026c, run size=0000776d bytes, compression=zero_init
	.vtable: load addr=000050c0, load size=00000008 bytes, run addr=20000000, run size=0000026c bytes, compression=zero_init


LINKER GENERATED HANDLER TABLE

__TI_handler_table @ 000050a8 records: 3, size/record: 4, table size: 12
	index: 0, handler: __TI_zero_init
	index: 1, handler: __TI_decompress_lzss
	index: 2, handler: __TI_decompress_none


GLOBAL SYMBOLS: SORTED ALPHABETICALLY BY Name 

address   name                          
-------   ----                          
000045dd  AttTaskInit                   
00004b83  C$$EXIT                       
000046c5  GPIODirModeSet                
00004b55  GPIOIntClear                  
00004ac5  GPIOIntDisable                
00004aef  GPIOIntEnable                 
000048c1  GPIOIntRegister               
00004ad3  GPIOIntStatus                 
00003dd9  GPIOIntTypeSet                
000021fb  GPIOPadConfigSet              
000041b1  GPIOPinConfigure              
000049e5  GPIOPinTypeGPIOInput          
000048d9  GPIOPinTypeGPIOOutput         
000049f7  GPIOPinTypeI2C                
00004a09  GPIOPinTypeI2CSCL             
00004a1b  GPIOPinTypePWM                
00004b5b  GPIOPinWrite                  
00004b35  I2CMasterBusy                 
00004b73  I2CMasterControl              
00004b77  I2CMasterDataGet              
00004b7b  I2CMasterDataPut              
00004b21  I2CMasterEnable               
000040cd  I2CMasterInitExpClk           
00004b3d  I2CMasterSlaveAddrSet         
00003239  I2CTaskInit                   
000038f1  IntEnable                     
00004541  IntRegister                   
00003369  KEYTaskInit                   
000046f1  Key_Shift_Left                
00004791  Key_Shift_Right               
000039c1  LCDTaskInit                   
00004a63  Lcd_Clear                     
00004455  Lcd_Cmd                       
00003d29  Lcd_Init                      
00003e2f  Lcd_Port                      
00004a73  Lcd_Shift_Left                
00004a83  Lcd_Shift_Right               
00003c71  Lcd_Write_Char                
000047b5  Lcd_Write_String              
000047d9  PWMGenConfigure               
00004afb  PWMGenEnable                  
00004a93  PWMGenPeriodSet               
00004a2d  PWMOutputState                
0000481b  PWMPulseWidthSet              
00002e1d  PWMTaskInit                   
00004b61  ResetISR                      
00002569  SysCtlClockGet                
00002a89  SysCtlClockSet                
00004b67  SysCtlDelay                   
00004995  SysCtlPWMClockSet             
00004575  SysCtlPeripheralEnable        
0000407d  SysCtlPeripheralReset         
000049a9  SysTickEnable                 
20007be0  __STACK_END                   
00000200  __STACK_SIZE                  
20007be0  __STACK_TOP                   
000050c8  __TI_CINIT_Base               
000050e0  __TI_CINIT_Limit              
000050a8  __TI_Handler_Table_Base       
000050b4  __TI_Handler_Table_Limit      
000042cd  __TI_auto_init_nobinit_nopinit
00003959  __TI_decompress_lzss          
00004ae1  __TI_decompress_none          
00003f31  __TI_ltoa                     
ffffffff  __TI_pprof_out_hndl           
0000026d  __TI_printfi                  
ffffffff  __TI_prof_data_size           
ffffffff  __TI_prof_data_start          
00000000  __TI_static_base__            
00004b07  __TI_zero_init                
00003519  __aeabi_cdcmpeq               
00003519  __aeabi_cdcmple               
0000359f  __aeabi_cdrcmple              
00004241  __aeabi_d2iz                  
00001c4b  __aeabi_dadd                  
000020c5  __aeabi_ddiv                  
0000298d  __aeabi_dmul                  
00001c41  __aeabi_dsub                  
00004b45  __aeabi_errno_addr            
0000463d  __aeabi_i2d                   
00003053  __aeabi_idiv0                 
00003053  __aeabi_ldiv0                 
000036a9  __aeabi_memclr                
000036a9  __aeabi_memclr4               
000036a9  __aeabi_memclr8               
0000319d  __aeabi_memcpy                
0000319d  __aeabi_memcpy4               
0000319d  __aeabi_memcpy8               
000036ab  __aeabi_memset                
000036ab  __aeabi_memset4               
000036ab  __aeabi_memset8               
000032d1  __aeabi_uldivmod              
ffffffff  __binit__                     
ffffffff  __c_args__                    
UNDEFED   __mpu_init                    
200079e0  __stack                       
20000000  __start___llvm_prf_cnts       
20000000  __stop___llvm_prf_cnts        
000045a9  _c_int00_noargs               
00004b88  _ctypes_                      
UNDEFED   _system_post_cinit            
00004b7f  _system_pre_init              
200079d0  a                             
00004b83  abort                         
20007958  ano                           
2000795c  ano_t                         
00004119  atoi                          
ffffffff  binit                         
200079d1  bstart                        
200079d2  btemp                         
200079d3  col                           
0000488d  copysign                      
0000488d  copysignl                     
20007960  day                           
20007964  dias                          
20007c48  errno                         
20007968  flag_config                   
00003a25  frexp                         
00003a25  frexpl                        
2000796c  g_pKEYQueue                   
20007970  g_pSTARTSemaphore             
20007974  g_pTempQueue                  
20000000  g_pfnRAMVectors               
00000000  g_pfnVectors                  
20007978  hor                           
2000797c  hora                          
20007980  i_count                       
00002679  ldexp                         
00002679  ldexpl                        
00003b51  main                          
00004839  memccpy                       
0000319d  memcpy                        
000036b1  memset                        
20007984  mes                           
20007988  meses                         
20007c20  meses_bisseistos              
20007c2d  meses_normais                 
2000798c  min                           
20007990  minu                          
00003055  pvPortMalloc                  
00004909  pvTaskIncrementMutexHeldCount 
20007be0  pxCurrentTCB                  
00004741  pxPortInitialiseStack         
200079d4  row                           
200079d5  sClear                        
00002679  scalbn                        
00002679  scalbnl                       
20007994  sec                           
20007998  secu                          
200079d6  show                          
00004395  sprintf                       
00004969  strchr                        
000049bd  strlen                        
20007c10  symbol                        
2000799c  t_max                         
200079a0  t_min                         
200079d7  tecla                         
200079a4  temp                          
200079a8  temp_final                    
200079ac  temp_max                      
200079b0  temp_min                      
200079b4  temp_st                       
200079b8  tempo                         
200079bc  tempo_inicio                  
200079d8  test                          
200079c0  uValue_Temp_New               
200079c4  uValue_Temp_Old               
00005064  ulMaxSyscallInterruptPriority 
00002d59  ulPortGetIPSR                 
000047fb  uxListRemove                  
00003367  vApplicationStackOverflowHook 
0000497f  vListInitialise               
00004b6d  vListInitialiseItem           
00004507  vListInsert                   
00004921  vListInsertEnd                
00002e0d  vPortEnableVFP                
00004871  vPortEnterCritical            
00004939  vPortExitCritical             
00004311  vPortFree                     
00002dd1  vPortSVCHandler               
000049d1  vPortSetupTimerInterrupt      
00002df1  vPortStartFirstTask           
00003ccd  vTaskDelay                    
00004b15  vTaskMissedYield              
00003a89  vTaskPlaceOnEventList         
000033fd  vTaskPriorityInherit          
00004951  vTaskSetTimeOutState          
00003c11  vTaskStartScheduler           
00004ab5  vTaskSuspendAll               
0000348d  vTaskSwitchContext            
200079c8  vel                           
200079cc  vel_st                        
00004a51  wcslen                        
00002d71  xPortPendSVHandler            
000043d5  xPortStartScheduler           
00004699  xPortSysTickHandler           
00004491  xQueueGenericCreate           
00002451  xQueueGenericReceive          
00003625  xQueueGenericReset            
00002b7d  xQueueGenericSend             
00003f85  xTaskCheckForTimeOut          
0000288d  xTaskGenericCreate            
00002789  xTaskIncrementTick            
00003725  xTaskPriorityDisinherit       
0000379d  xTaskRemoveFromEventList      
00002c65  xTaskResumeAll                


GLOBAL SYMBOLS: SORTED BY Symbol Address 

address   name                          
-------   ----                          
00000000  __TI_static_base__            
00000000  g_pfnVectors                  
00000200  __STACK_SIZE                  
0000026d  __TI_printfi                  
00001c41  __aeabi_dsub                  
00001c4b  __aeabi_dadd                  
000020c5  __aeabi_ddiv                  
000021fb  GPIOPadConfigSet              
00002451  xQueueGenericReceive          
00002569  SysCtlClockGet                
00002679  ldexp                         
00002679  ldexpl                        
00002679  scalbn                        
00002679  scalbnl                       
00002789  xTaskIncrementTick            
0000288d  xTaskGenericCreate            
0000298d  __aeabi_dmul                  
00002a89  SysCtlClockSet                
00002b7d  xQueueGenericSend             
00002c65  xTaskResumeAll                
00002d59  ulPortGetIPSR                 
00002d71  xPortPendSVHandler            
00002dd1  vPortSVCHandler               
00002df1  vPortStartFirstTask           
00002e0d  vPortEnableVFP                
00002e1d  PWMTaskInit                   
00003053  __aeabi_idiv0                 
00003053  __aeabi_ldiv0                 
00003055  pvPortMalloc                  
0000319d  __aeabi_memcpy                
0000319d  __aeabi_memcpy4               
0000319d  __aeabi_memcpy8               
0000319d  memcpy                        
00003239  I2CTaskInit                   
000032d1  __aeabi_uldivmod              
00003367  vApplicationStackOverflowHook 
00003369  KEYTaskInit                   
000033fd  vTaskPriorityInherit          
0000348d  vTaskSwitchContext            
00003519  __aeabi_cdcmpeq               
00003519  __aeabi_cdcmple               
0000359f  __aeabi_cdrcmple              
00003625  xQueueGenericReset            
000036a9  __aeabi_memclr                
000036a9  __aeabi_memclr4               
000036a9  __aeabi_memclr8               
000036ab  __aeabi_memset                
000036ab  __aeabi_memset4               
000036ab  __aeabi_memset8               
000036b1  memset                        
00003725  xTaskPriorityDisinherit       
0000379d  xTaskRemoveFromEventList      
000038f1  IntEnable                     
00003959  __TI_decompress_lzss          
000039c1  LCDTaskInit                   
00003a25  frexp                         
00003a25  frexpl                        
00003a89  vTaskPlaceOnEventList         
00003b51  main                          
00003c11  vTaskStartScheduler           
00003c71  Lcd_Write_Char                
00003ccd  vTaskDelay                    
00003d29  Lcd_Init                      
00003dd9  GPIOIntTypeSet                
00003e2f  Lcd_Port                      
00003f31  __TI_ltoa                     
00003f85  xTaskCheckForTimeOut          
0000407d  SysCtlPeripheralReset         
000040cd  I2CMasterInitExpClk           
00004119  atoi                          
000041b1  GPIOPinConfigure              
00004241  __aeabi_d2iz                  
000042cd  __TI_auto_init_nobinit_nopinit
00004311  vPortFree                     
00004395  sprintf                       
000043d5  xPortStartScheduler           
00004455  Lcd_Cmd                       
00004491  xQueueGenericCreate           
00004507  vListInsert                   
00004541  IntRegister                   
00004575  SysCtlPeripheralEnable        
000045a9  _c_int00_noargs               
000045dd  AttTaskInit                   
0000463d  __aeabi_i2d                   
00004699  xPortSysTickHandler           
000046c5  GPIODirModeSet                
000046f1  Key_Shift_Left                
00004741  pxPortInitialiseStack         
00004791  Key_Shift_Right               
000047b5  Lcd_Write_String              
000047d9  PWMGenConfigure               
000047fb  uxListRemove                  
0000481b  PWMPulseWidthSet              
00004839  memccpy                       
00004871  vPortEnterCritical            
0000488d  copysign                      
0000488d  copysignl                     
000048c1  GPIOIntRegister               
000048d9  GPIOPinTypeGPIOOutput         
00004909  pvTaskIncrementMutexHeldCount 
00004921  vListInsertEnd                
00004939  vPortExitCritical             
00004951  vTaskSetTimeOutState          
00004969  strchr                        
0000497f  vListInitialise               
00004995  SysCtlPWMClockSet             
000049a9  SysTickEnable                 
000049bd  strlen                        
000049d1  vPortSetupTimerInterrupt      
000049e5  GPIOPinTypeGPIOInput          
000049f7  GPIOPinTypeI2C                
00004a09  GPIOPinTypeI2CSCL             
00004a1b  GPIOPinTypePWM                
00004a2d  PWMOutputState                
00004a51  wcslen                        
00004a63  Lcd_Clear                     
00004a73  Lcd_Shift_Left                
00004a83  Lcd_Shift_Right               
00004a93  PWMGenPeriodSet               
00004ab5  vTaskSuspendAll               
00004ac5  GPIOIntDisable                
00004ad3  GPIOIntStatus                 
00004ae1  __TI_decompress_none          
00004aef  GPIOIntEnable                 
00004afb  PWMGenEnable                  
00004b07  __TI_zero_init                
00004b15  vTaskMissedYield              
00004b21  I2CMasterEnable               
00004b35  I2CMasterBusy                 
00004b3d  I2CMasterSlaveAddrSet         
00004b45  __aeabi_errno_addr            
00004b55  GPIOIntClear                  
00004b5b  GPIOPinWrite                  
00004b61  ResetISR                      
00004b67  SysCtlDelay                   
00004b6d  vListInitialiseItem           
00004b73  I2CMasterControl              
00004b77  I2CMasterDataGet              
00004b7b  I2CMasterDataPut              
00004b7f  _system_pre_init              
00004b83  C$$EXIT                       
00004b83  abort                         
00004b88  _ctypes_                      
00005064  ulMaxSyscallInterruptPriority 
000050a8  __TI_Handler_Table_Base       
000050b4  __TI_Handler_Table_Limit      
000050c8  __TI_CINIT_Base               
000050e0  __TI_CINIT_Limit              
20000000  __start___llvm_prf_cnts       
20000000  __stop___llvm_prf_cnts        
20000000  g_pfnRAMVectors               
20007958  ano                           
2000795c  ano_t                         
20007960  day                           
20007964  dias                          
20007968  flag_config                   
2000796c  g_pKEYQueue                   
20007970  g_pSTARTSemaphore             
20007974  g_pTempQueue                  
20007978  hor                           
2000797c  hora                          
20007980  i_count                       
20007984  mes                           
20007988  meses                         
2000798c  min                           
20007990  minu                          
20007994  sec                           
20007998  secu                          
2000799c  t_max                         
200079a0  t_min                         
200079a4  temp                          
200079a8  temp_final                    
200079ac  temp_max                      
200079b0  temp_min                      
200079b4  temp_st                       
200079b8  tempo                         
200079bc  tempo_inicio                  
200079c0  uValue_Temp_New               
200079c4  uValue_Temp_Old               
200079c8  vel                           
200079cc  vel_st                        
200079d0  a                             
200079d1  bstart                        
200079d2  btemp                         
200079d3  col                           
200079d4  row                           
200079d5  sClear                        
200079d6  show                          
200079d7  tecla                         
200079d8  test                          
200079e0  __stack                       
20007be0  __STACK_END                   
20007be0  __STACK_TOP                   
20007be0  pxCurrentTCB                  
20007c10  symbol                        
20007c20  meses_bisseistos              
20007c2d  meses_normais                 
20007c48  errno                         
ffffffff  __TI_pprof_out_hndl           
ffffffff  __TI_prof_data_size           
ffffffff  __TI_prof_data_start          
ffffffff  __binit__                     
ffffffff  __c_args__                    
ffffffff  binit                         
UNDEFED   __mpu_init                    
UNDEFED   _system_post_cinit            

[206 symbols]
