******************************************************************************
                  TI ARM Linker PC v20.2.5                     
******************************************************************************
>> Linked Thu Jan  5 13:37:51 2023

OUTPUT FILE NAME:   <freertos_demo.out>
ENTRY POINT SYMBOL: "_c_int00_noargs"  address: 00001d59


MEMORY CONFIGURATION

         name            origin    length      used     unused   attr    fill
----------------------  --------  ---------  --------  --------  ----  --------
  FLASH                 00000000   00040000  0000242c  0003dbd4  R  X
  SRAM                  20000000   00008000  00007bd5  0000042b  RW X


SEGMENT ALLOCATION MAP

run origin  load origin   length   init length attrs members
----------  ----------- ---------- ----------- ----- -------
00000000    00000000    00002430   00002430    r-x
  00000000    00000000    0000026c   0000026c    r-- .intvecs
  0000026c    0000026c    00001e60   00001e60    r-x .text
  000020cc    000020cc    00000308   00000308    r-- .const
  000023d8    000023d8    00000058   00000058    r-- .cinit
20000000    20000000    00007bdc   00000000    rw-
  20000000    20000000    0000026c   00000000    rw- .vtable
  2000026c    2000026c    0000771d   00000000    rw- .bss
  20007990    20007990    00000200   00000000    rw- .stack
  20007b90    20007b90    0000004c   00000000    rw- .data


SECTION ALLOCATION MAP

 output                                  attributes/
section   page    origin      length       input sections
--------  ----  ----------  ----------   ----------------
.intvecs   0    00000000    0000026c     
                  00000000    0000026c     startup_ccs.obj (.intvecs)

.text      0    0000026c    00001e60     
                  0000026c    00000132     driverlib.lib : gpio.obj (.text:GPIOPadConfigSet)
                  0000039e    00000002     startup_ccs.obj (.text:FaultISR)
                  000003a0    00000118     queue.obj (.text:xQueueGenericReceive)
                  000004b8    00000110     driverlib.lib : sysctl.obj (.text:SysCtlClockGet)
                  000005c8    00000104     tasks.obj (.text:xTaskIncrementTick)
                  000006cc    00000100     tasks.obj (.text:xTaskGenericCreate)
                  000007cc    000000e8     queue.obj (.text:xQueueGenericSend)
                  000008b4    000000e4     tasks.obj (.text:xTaskResumeAll)
                  00000998    000000e0     LCD.obj (.text:LCDTask)
                  00000a78    000000d2     portasm.obj (.text)
                  00000b4a    00000002     startup_ccs.obj (.text:IntDefaultHandler)
                  00000b4c    000000ac     heap_2.obj (.text:pvPortMalloc)
                  00000bf8    0000009c     rtsv7M4_T_le_v4SPD16_eabi.lib : memcpy_t2.asm.obj (.text)
                  00000c94    0000009c     keypad.obj (.text:vInterrupt_Key)
                  00000d30    00000098     I2C_task.obj (.text:I2CTaskInit)
                  00000dc8    00000098     keypad.obj (.text:KEYTask)
                  00000e60    00000094     keypad.obj (.text:KEYTaskInit)
                  00000ef4    00000090     I2C_task.obj (.text:I2CReceive)
                  00000f84    00000090     tasks.obj (.text:vTaskPriorityInherit)
                  00001014    0000008c     tasks.obj (.text:vTaskSwitchContext)
                  000010a0    00000084     queue.obj (.text:xQueueGenericReset)
                  00001124    0000007a     rtsv7M4_T_le_v4SPD16_eabi.lib : memset_t2.asm.obj (.text)
                  0000119e    00000002     startup_ccs.obj (.text:NmiSR)
                  000011a0    00000078     tasks.obj (.text:xTaskPriorityDisinherit)
                  00001218    00000074     tasks.obj (.text:xTaskRemoveFromEventList)
                  0000128c    00000072     queue.obj (.text:prvCopyDataToQueue)
                  000012fe    00000002     freertos_demo.obj (.text:vApplicationStackOverflowHook)
                  00001300    0000006c     LCD.obj (.text:LCDTaskInit)
                  0000136c    00000068     driverlib.lib : interrupt.obj (.text:IntEnable)
                  000013d4    00000068     rtsv7M4_T_le_v4SPD16_eabi.lib : copy_decompress_lzss.c.obj (.text:decompress:lzss:__TI_decompress_lzss)
                  0000143c    00000064     tasks.obj (.text:vTaskPlaceOnEventList)
                  000014a0    00000062     queue.obj (.text:prvUnlockQueue)
                  00001502    00000002     --HOLE-- [fill = 0]
                  00001504    00000060     tasks.obj (.text:prvInitialiseTaskLists)
                  00001564    00000060     tasks.obj (.text:vTaskStartScheduler)
                  000015c4    0000005e     LCD.obj (.text:Lcd_Init)
                  00001622    00000002     --HOLE-- [fill = 0]
                  00001624    0000005c     LCD.obj (.text:Lcd_Write_Char)
                  00001680    0000005c     tasks.obj (.text:vTaskDelay)
                  000016dc    00000058     tasks.obj (.text:prvCheckTasksWaitingTermination)
                  00001734    00000056     driverlib.lib : gpio.obj (.text:GPIOIntTypeSet)
                  0000178a    00000056     LCD.obj (.text:Lcd_Port)
                  000017e0    00000056     tasks.obj (.text:prvInitialiseTCBVariables)
                  00001836    00000002     --HOLE-- [fill = 0]
                  00001838    00000054     freertos_demo.obj (.text:main)
                  0000188c    00000054     tasks.obj (.text:xTaskCheckForTimeOut)
                  000018e0    00000050     driverlib.lib : sysctl.obj (.text:SysCtlPeripheralReset)
                  00001930    0000004e     queue.obj (.text:xQueueCreateMutex)
                  0000197e    00000002     --HOLE-- [fill = 0]
                  00001980    0000004c     driverlib.lib : i2c.obj (.text:I2CMasterInitExpClk)
                  000019cc    0000004c     I2C_task.obj (.text:I2CTask)
                  00001a18    0000004c     tasks.obj (.text:prvAddCurrentTaskToDelayedList)
                  00001a64    00000048     driverlib.lib : gpio.obj (.text:GPIOPinConfigure)
                  00001aac    00000048     I2C_task.obj (.text:I2CSENDCONFIG)
                  00001af4    00000044     driverlib.lib : gpio.obj (.text:_GPIOIntNumberGet)
                  00001b38    00000044     rtsv7M4_T_le_v4SPD16_eabi.lib : autoinit.c.obj (.text:__TI_auto_init_nobinit_nopinit:__TI_auto_init_nobinit_nopinit)
                  00001b7c    00000044     heap_2.obj (.text:vPortFree)
                  00001bc0    00000040     LCD.obj (.text:Lcd_Cmd)
                  00001c00    00000040     port.obj (.text:xPortStartScheduler)
                  00001c40    0000003c     queue.obj (.text:xQueueGenericCreate)
                  00001c7c    0000003a     tasks.obj (.text:prvAllocateTCBAndStack)
                  00001cb6    00000038     list.obj (.text:vListInsert)
                  00001cee    00000002     --HOLE-- [fill = 0]
                  00001cf0    00000034     driverlib.lib : interrupt.obj (.text:IntRegister)
                  00001d24    00000034                   : sysctl.obj (.text:SysCtlPeripheralEnable)
                  00001d58    00000034     rtsv7M4_T_le_v4SPD16_eabi.lib : boot_cortex_m.c.obj (.text:_c_int00_noargs:_c_int00_noargs)
                  00001d8c    00000030     heap_2.obj (.text:prvHeapInit)
                  00001dbc    0000002c     port.obj (.text:xPortSysTickHandler)
                  00001de8    0000002a     driverlib.lib : gpio.obj (.text:GPIODirModeSet)
                  00001e12    00000002     --HOLE-- [fill = 0]
                  00001e14    00000028     tasks.obj (.text:prvResetNextTaskUnblockTime)
                  00001e3c    00000028     port.obj (.text:pxPortInitialiseStack)
                  00001e64    00000026     queue.obj (.text:prvCopyDataFromQueue)
                  00001e8a    00000020     list.obj (.text:uxListRemove)
                  00001eaa    0000001c     queue.obj (.text:prvIsQueueFull)
                  00001ec6    00000002     --HOLE-- [fill = 0]
                  00001ec8    0000001c     port.obj (.text:vPortEnterCritical)
                  00001ee4    0000001a     queue.obj (.text:prvIsQueueEmpty)
                  00001efe    00000018     driverlib.lib : gpio.obj (.text:GPIOIntRegister)
                  00001f16    00000018                   : gpio.obj (.text:GPIOPinTypeGPIOOutput)
                  00001f2e    00000002     --HOLE-- [fill = 0]
                  00001f30    00000018     tasks.obj (.text:pvTaskIncrementMutexHeldCount)
                  00001f48    00000018     list.obj (.text:vListInsertEnd)
                  00001f60    00000018     port.obj (.text:vPortExitCritical)
                  00001f78    00000018     tasks.obj (.text:vTaskSetTimeOutState)
                  00001f90    00000016     list.obj (.text:vListInitialise)
                  00001fa6    00000002     --HOLE-- [fill = 0]
                  00001fa8    00000014     port.obj (.text:vPortSetupTimerInterrupt)
                  00001fbc    00000012     driverlib.lib : gpio.obj (.text:GPIOPinTypeGPIOInput)
                  00001fce    00000012                   : gpio.obj (.text:GPIOPinTypeI2C)
                  00001fe0    00000012                   : gpio.obj (.text:GPIOPinTypeI2CSCL)
                  00001ff2    00000012     tasks.obj (.text:prvDeleteTCB)
                  00002004    00000010     LCD.obj (.text:Lcd_Clear)
                  00002014    00000010     port.obj (.text:prvTaskExitError)
                  00002024    00000010     tasks.obj (.text:vTaskSuspendAll)
                  00002034    0000000e     driverlib.lib : gpio.obj (.text:GPIOIntStatus)
                  00002042    0000000e     rtsv7M4_T_le_v4SPD16_eabi.lib : copy_decompress_none.c.obj (.text:decompress:none:__TI_decompress_none)
                  00002050    0000000c     driverlib.lib : gpio.obj (.text:GPIOIntEnable)
                  0000205c    0000000c     rtsv7M4_T_le_v4SPD16_eabi.lib : copy_zero_init.c.obj (.text:decompress:ZI:__TI_zero_init)
                  00002068    0000000c     tasks.obj (.text:vTaskMissedYield)
                  00002074    0000000a     driverlib.lib : i2c.obj (.text:I2CMasterEnable)
                  0000207e    00000008                   : i2c.obj (.text:I2CMasterBusy)
                  00002086    00000008                   : i2c.obj (.text:I2CMasterSlaveAddrSet)
                  0000208e    00000008     tasks.obj (.text:prvIdleTask)
                  00002096    00000006     driverlib.lib : gpio.obj (.text:GPIOIntClear)
                  0000209c    00000006                   : gpio.obj (.text:GPIOPinWrite)
                  000020a2    00000006     startup_ccs.obj (.text:ResetISR)
                  000020a8    00000006     driverlib.lib : sysctl.obj (.text:SysCtlDelay)
                  000020ae    00000006     list.obj (.text:vListInitialiseItem)
                  000020b4    00000004     driverlib.lib : i2c.obj (.text:I2CMasterControl)
                  000020b8    00000004                   : i2c.obj (.text:I2CMasterDataGet)
                  000020bc    00000004                   : i2c.obj (.text:I2CMasterDataPut)
                  000020c0    00000004     keypad.obj (.text:IntGPIOc)
                  000020c4    00000004     rtsv7M4_T_le_v4SPD16_eabi.lib : pre_init.c.obj (.text:_system_pre_init)
                  000020c8    00000004                                   : exit.c.obj (.text:abort:abort)

.const     0    000020cc    00000308     
                  000020cc    000000d8     driverlib.lib : gpio.obj (.const:g_ppui32GPIOIntMapSnowflake)
                  000021a4    000000c0                   : gpio.obj (.const:g_ppui32GPIOIntMapBlizzard)
                  00002264    00000090                   : gpio.obj (.const:g_pui32GPIOBaseAddrs)
                  000022f4    00000070                   : interrupt.obj (.const)
                  00002364    0000006c                   : sysctl.obj (.const:g_pui32Xtals)
                  000023d0    00000004     port.obj (.const)

.cinit     0    000023d8    00000058     
                  000023d8    00000021     (.cinit..data.load) [load image, compression = lzss]
                  000023f9    00000003     --HOLE-- [fill = 0]
                  000023fc    0000000c     (__TI_handler_table)
                  00002408    00000008     (.cinit..bss.load) [load image, compression = zero_init]
                  00002410    00000008     (.cinit..vtable.load) [load image, compression = zero_init]
                  00002418    00000018     (__TI_cinit_table)

.init_array 
*          0    00000000    00000000     UNINITIALIZED

.vtable    0    20000000    0000026c     UNINITIALIZED
                  20000000    0000026c     driverlib.lib : interrupt.obj (.vtable)

.bss       0    2000026c    0000771d     UNINITIALIZED
                  2000026c    00007530     heap_2.obj (.bss:ucHeap)
                  2000779c    00000140     tasks.obj (.bss:pxReadyTasksLists)
                  200078dc    00000014     tasks.obj (.bss:xDelayedTaskList1)
                  200078f0    00000014     tasks.obj (.bss:xDelayedTaskList2)
                  20007904    00000014     tasks.obj (.bss:xPendingReadyList)
                  20007918    00000014     tasks.obj (.bss:xSuspendedTaskList)
                  2000792c    00000014     tasks.obj (.bss:xTasksWaitingTermination)
                  20007940    00000008     tasks.obj (.bss)
                  20007948    00000008     heap_2.obj (.bss:xEnd)
                  20007950    00000008     heap_2.obj (.bss:xStart)
                  20007958    00000004     (.common:col)
                  2000795c    00000004     (.common:flag_config)
                  20007960    00000004     (.common:g_pKEYQueue)
                  20007964    00000004     (.common:g_pTempQueue)
                  20007968    00000004     (.common:g_pUARTSemaphore)
                  2000796c    00000004     (.common:i_count)
                  20007970    00000004     (.common:i_start)
                  20007974    00000004     (.common:row)
                  20007978    00000004     (.common:uTmax)
                  2000797c    00000004     (.common:uTmin)
                  20007980    00000004     (.common:uValue_Temp)
                  20007984    00000004     (.common:uVel)
                  20007988    00000001     (.common:tecla)

.data      0    20007b90    0000004c     UNINITIALIZED
                  20007b90    00000030     tasks.obj (.data)
                  20007bc0    00000010     keypad.obj (.data:symbol)
                  20007bd0    00000008     heap_2.obj (.data)
                  20007bd8    00000004     port.obj (.data)

.stack     0    20007990    00000200     UNINITIALIZED
                  20007990    00000004     rtsv7M4_T_le_v4SPD16_eabi.lib : boot_cortex_m.c.obj (.stack)
                  20007994    000001fc     --HOLE--

__llvm_prf_cnts 
*          0    20000000    00000000     UNINITIALIZED

MODULE SUMMARY

       Module                       code   ro data   rw data
       ------                       ----   -------   -------
    .\
       LCD.obj                      684    0         17     
       startup_ccs.obj              12     620       0      
       keypad.obj                   460    0         24     
       I2C_task.obj                 444    0         20     
       freertos_demo.obj            86     0         4      
    +--+----------------------------+------+---------+---------+
       Total:                       1686   620       65     
                                                            
    .\third_party\FreeRTOS\Source\
       tasks.obj                    2182   0         476    
       queue.obj                    1086   0         0      
       list.obj                     140    0         0      
    +--+----------------------------+------+---------+---------+
       Total:                       3408   0         476    
                                                            
    .\third_party\FreeRTOS\Source\portable\CCS\ARM_CM4F\
       port.obj                     236    4         4      
       portasm.obj                  210    0         0      
    +--+----------------------------+------+---------+---------+
       Total:                       446    4         4      
                                                            
    .\third_party\FreeRTOS\Source\portable\MemMang\
       heap_2.obj                   288    0         30024  
    +--+----------------------------+------+---------+---------+
       Total:                       288    0         30024  
                                                            
    C:/ti/ccs1100/tivaware_c_series_2_1_4_178/driverlib/ccs/Debug/driverlib.lib
       gpio.obj                     714    552       0      
       interrupt.obj                156    112       620    
       sysctl.obj                   410    108       0      
       i2c.obj                      114    0         0      
    +--+----------------------------+------+---------+---------+
       Total:                       1394   772       620    
                                                            
    C:\ti\ccs1100\ccs\tools\compiler\ti-cgt-arm_20.2.5.LTS\lib\rtsv7M4_T_le_v4SPD16_eabi.lib
       memcpy_t2.asm.obj            156    0         0      
       memset_t2.asm.obj            122    0         0      
       copy_decompress_lzss.c.obj   104    0         0      
       autoinit.c.obj               68     0         0      
       boot_cortex_m.c.obj          52     0         0      
       copy_decompress_none.c.obj   14     0         0      
       copy_zero_init.c.obj         12     0         0      
       exit.c.obj                   4      0         0      
       pre_init.c.obj               4      0         0      
    +--+----------------------------+------+---------+---------+
       Total:                       536    0         0      
                                                            
       Stack:                       0      0         512    
       Linker Generated:            0      85        0      
    +--+----------------------------+------+---------+---------+
       Grand Total:                 7758   1481      31701  


LINKER GENERATED COPY TABLES

__TI_cinit_table @ 00002418 records: 3, size/record: 8, table size: 24
	.data: load addr=000023d8, load size=00000021 bytes, run addr=20007b90, run size=0000004c bytes, compression=lzss
	.bss: load addr=00002408, load size=00000008 bytes, run addr=2000026c, run size=0000771d bytes, compression=zero_init
	.vtable: load addr=00002410, load size=00000008 bytes, run addr=20000000, run size=0000026c bytes, compression=zero_init


LINKER GENERATED HANDLER TABLE

__TI_handler_table @ 000023fc records: 3, size/record: 4, table size: 12
	index: 0, handler: __TI_zero_init
	index: 1, handler: __TI_decompress_lzss
	index: 2, handler: __TI_decompress_none


GLOBAL SYMBOLS: SORTED ALPHABETICALLY BY Name 

address   name                          
-------   ----                          
000020c9  C$$EXIT                       
00001de9  GPIODirModeSet                
00002097  GPIOIntClear                  
00002051  GPIOIntEnable                 
00001eff  GPIOIntRegister               
00002035  GPIOIntStatus                 
00001735  GPIOIntTypeSet                
0000026d  GPIOPadConfigSet              
00001a65  GPIOPinConfigure              
00001fbd  GPIOPinTypeGPIOInput          
00001f17  GPIOPinTypeGPIOOutput         
00001fcf  GPIOPinTypeI2C                
00001fe1  GPIOPinTypeI2CSCL             
0000209d  GPIOPinWrite                  
0000207f  I2CMasterBusy                 
000020b5  I2CMasterControl              
000020b9  I2CMasterDataGet              
000020bd  I2CMasterDataPut              
00002075  I2CMasterEnable               
00001981  I2CMasterInitExpClk           
00002087  I2CMasterSlaveAddrSet         
00000d31  I2CTaskInit                   
0000136d  IntEnable                     
00001cf1  IntRegister                   
00000e61  KEYTaskInit                   
00001301  LCDTaskInit                   
00002005  Lcd_Clear                     
00001bc1  Lcd_Cmd                       
000015c5  Lcd_Init                      
0000178b  Lcd_Port                      
00001625  Lcd_Write_Char                
000020a3  ResetISR                      
000004b9  SysCtlClockGet                
000020a9  SysCtlDelay                   
00001d25  SysCtlPeripheralEnable        
000018e1  SysCtlPeripheralReset         
20007b90  __STACK_END                   
00000200  __STACK_SIZE                  
20007b90  __STACK_TOP                   
00002418  __TI_CINIT_Base               
00002430  __TI_CINIT_Limit              
000023fc  __TI_Handler_Table_Base       
00002408  __TI_Handler_Table_Limit      
00001b39  __TI_auto_init_nobinit_nopinit
000013d5  __TI_decompress_lzss          
00002043  __TI_decompress_none          
ffffffff  __TI_pprof_out_hndl           
ffffffff  __TI_prof_data_size           
ffffffff  __TI_prof_data_start          
00000000  __TI_static_base__            
0000205d  __TI_zero_init                
00001125  __aeabi_memclr                
00001125  __aeabi_memclr4               
00001125  __aeabi_memclr8               
00000bf9  __aeabi_memcpy                
00000bf9  __aeabi_memcpy4               
00000bf9  __aeabi_memcpy8               
00001127  __aeabi_memset                
00001127  __aeabi_memset4               
00001127  __aeabi_memset8               
ffffffff  __binit__                     
ffffffff  __c_args__                    
UNDEFED   __mpu_init                    
20007990  __stack                       
20000000  __start___llvm_prf_cnts       
20000000  __stop___llvm_prf_cnts        
00001d59  _c_int00_noargs               
UNDEFED   _system_post_cinit            
000020c5  _system_pre_init              
000020c9  abort                         
ffffffff  binit                         
20007958  col                           
2000795c  flag_config                   
20007960  g_pKEYQueue                   
20007964  g_pTempQueue                  
20007968  g_pUARTSemaphore              
20000000  g_pfnRAMVectors               
00000000  g_pfnVectors                  
2000796c  i_count                       
20007970  i_start                       
00001839  main                          
00000bf9  memcpy                        
0000112d  memset                        
00000b4d  pvPortMalloc                  
00001f31  pvTaskIncrementMutexHeldCount 
20007b90  pxCurrentTCB                  
00001e3d  pxPortInitialiseStack         
20007974  row                           
20007bc0  symbol                        
20007988  tecla                         
20007978  uTmax                         
2000797c  uTmin                         
20007980  uValue_Temp                   
20007984  uVel                          
000023d0  ulMaxSyscallInterruptPriority 
00000a89  ulPortGetIPSR                 
00001e8b  uxListRemove                  
000012ff  vApplicationStackOverflowHook 
00001f91  vListInitialise               
000020af  vListInitialiseItem           
00001cb7  vListInsert                   
00001f49  vListInsertEnd                
00000b3d  vPortEnableVFP                
00001ec9  vPortEnterCritical            
00001f61  vPortExitCritical             
00001b7d  vPortFree                     
00000b01  vPortSVCHandler               
00001fa9  vPortSetupTimerInterrupt      
00000b21  vPortStartFirstTask           
00001681  vTaskDelay                    
00002069  vTaskMissedYield              
0000143d  vTaskPlaceOnEventList         
00000f85  vTaskPriorityInherit          
00001f79  vTaskSetTimeOutState          
00001565  vTaskStartScheduler           
00002025  vTaskSuspendAll               
00001015  vTaskSwitchContext            
00000aa1  xPortPendSVHandler            
00001c01  xPortStartScheduler           
00001dbd  xPortSysTickHandler           
00001931  xQueueCreateMutex             
00001c41  xQueueGenericCreate           
000003a1  xQueueGenericReceive          
000010a1  xQueueGenericReset            
000007cd  xQueueGenericSend             
0000188d  xTaskCheckForTimeOut          
000006cd  xTaskGenericCreate            
000005c9  xTaskIncrementTick            
000011a1  xTaskPriorityDisinherit       
00001219  xTaskRemoveFromEventList      
000008b5  xTaskResumeAll                


GLOBAL SYMBOLS: SORTED BY Symbol Address 

address   name                          
-------   ----                          
00000000  __TI_static_base__            
00000000  g_pfnVectors                  
00000200  __STACK_SIZE                  
0000026d  GPIOPadConfigSet              
000003a1  xQueueGenericReceive          
000004b9  SysCtlClockGet                
000005c9  xTaskIncrementTick            
000006cd  xTaskGenericCreate            
000007cd  xQueueGenericSend             
000008b5  xTaskResumeAll                
00000a89  ulPortGetIPSR                 
00000aa1  xPortPendSVHandler            
00000b01  vPortSVCHandler               
00000b21  vPortStartFirstTask           
00000b3d  vPortEnableVFP                
00000b4d  pvPortMalloc                  
00000bf9  __aeabi_memcpy                
00000bf9  __aeabi_memcpy4               
00000bf9  __aeabi_memcpy8               
00000bf9  memcpy                        
00000d31  I2CTaskInit                   
00000e61  KEYTaskInit                   
00000f85  vTaskPriorityInherit          
00001015  vTaskSwitchContext            
000010a1  xQueueGenericReset            
00001125  __aeabi_memclr                
00001125  __aeabi_memclr4               
00001125  __aeabi_memclr8               
00001127  __aeabi_memset                
00001127  __aeabi_memset4               
00001127  __aeabi_memset8               
0000112d  memset                        
000011a1  xTaskPriorityDisinherit       
00001219  xTaskRemoveFromEventList      
000012ff  vApplicationStackOverflowHook 
00001301  LCDTaskInit                   
0000136d  IntEnable                     
000013d5  __TI_decompress_lzss          
0000143d  vTaskPlaceOnEventList         
00001565  vTaskStartScheduler           
000015c5  Lcd_Init                      
00001625  Lcd_Write_Char                
00001681  vTaskDelay                    
00001735  GPIOIntTypeSet                
0000178b  Lcd_Port                      
00001839  main                          
0000188d  xTaskCheckForTimeOut          
000018e1  SysCtlPeripheralReset         
00001931  xQueueCreateMutex             
00001981  I2CMasterInitExpClk           
00001a65  GPIOPinConfigure              
00001b39  __TI_auto_init_nobinit_nopinit
00001b7d  vPortFree                     
00001bc1  Lcd_Cmd                       
00001c01  xPortStartScheduler           
00001c41  xQueueGenericCreate           
00001cb7  vListInsert                   
00001cf1  IntRegister                   
00001d25  SysCtlPeripheralEnable        
00001d59  _c_int00_noargs               
00001dbd  xPortSysTickHandler           
00001de9  GPIODirModeSet                
00001e3d  pxPortInitialiseStack         
00001e8b  uxListRemove                  
00001ec9  vPortEnterCritical            
00001eff  GPIOIntRegister               
00001f17  GPIOPinTypeGPIOOutput         
00001f31  pvTaskIncrementMutexHeldCount 
00001f49  vListInsertEnd                
00001f61  vPortExitCritical             
00001f79  vTaskSetTimeOutState          
00001f91  vListInitialise               
00001fa9  vPortSetupTimerInterrupt      
00001fbd  GPIOPinTypeGPIOInput          
00001fcf  GPIOPinTypeI2C                
00001fe1  GPIOPinTypeI2CSCL             
00002005  Lcd_Clear                     
00002025  vTaskSuspendAll               
00002035  GPIOIntStatus                 
00002043  __TI_decompress_none          
00002051  GPIOIntEnable                 
0000205d  __TI_zero_init                
00002069  vTaskMissedYield              
00002075  I2CMasterEnable               
0000207f  I2CMasterBusy                 
00002087  I2CMasterSlaveAddrSet         
00002097  GPIOIntClear                  
0000209d  GPIOPinWrite                  
000020a3  ResetISR                      
000020a9  SysCtlDelay                   
000020af  vListInitialiseItem           
000020b5  I2CMasterControl              
000020b9  I2CMasterDataGet              
000020bd  I2CMasterDataPut              
000020c5  _system_pre_init              
000020c9  C$$EXIT                       
000020c9  abort                         
000023d0  ulMaxSyscallInterruptPriority 
000023fc  __TI_Handler_Table_Base       
00002408  __TI_Handler_Table_Limit      
00002418  __TI_CINIT_Base               
00002430  __TI_CINIT_Limit              
20000000  __start___llvm_prf_cnts       
20000000  __stop___llvm_prf_cnts        
20000000  g_pfnRAMVectors               
20007958  col                           
2000795c  flag_config                   
20007960  g_pKEYQueue                   
20007964  g_pTempQueue                  
20007968  g_pUARTSemaphore              
2000796c  i_count                       
20007970  i_start                       
20007974  row                           
20007978  uTmax                         
2000797c  uTmin                         
20007980  uValue_Temp                   
20007984  uVel                          
20007988  tecla                         
20007990  __stack                       
20007b90  __STACK_END                   
20007b90  __STACK_TOP                   
20007b90  pxCurrentTCB                  
20007bc0  symbol                        
ffffffff  __TI_pprof_out_hndl           
ffffffff  __TI_prof_data_size           
ffffffff  __TI_prof_data_start          
ffffffff  __binit__                     
ffffffff  __c_args__                    
ffffffff  binit                         
UNDEFED   __mpu_init                    
UNDEFED   _system_post_cinit            

[131 symbols]
