******************************************************************************
                  TI ARM Linker Unix v20.2.7                   
******************************************************************************
>> Linked Fri Dec 30 10:43:24 2022

OUTPUT FILE NAME:   <freertos_demo.out>
ENTRY POINT SYMBOL: "_c_int00_noargs"  address: 00001a79


MEMORY CONFIGURATION

         name            origin    length      used     unused   attr    fill
----------------------  --------  ---------  --------  --------  ----  --------
  FLASH                 00000000   00040000  00001efe  0003e102  R  X
  SRAM                  20000000   00008000  00007938  000006c8  RW X


SEGMENT ALLOCATION MAP

run origin  load origin   length   init length attrs members
----------  ----------- ---------- ----------- ----- -------
00000000    00000000    00001f00   00001f00    r-x
  00000000    00000000    0000026c   0000026c    r-- .intvecs
  0000026c    0000026c    00001b5a   00001b5a    r-x .text
  00001dc8    00001dc8    00000100   00000100    r-- .const
  00001ec8    00001ec8    00000038   00000038    r-- .cinit
20000000    20000000    0000793c   00000000    rw-
  20000000    20000000    000076f4   00000000    rw- .bss
  200076f8    200076f8    00000200   00000000    rw- .stack
  200078f8    200078f8    00000044   00000000    rw- .data


SECTION ALLOCATION MAP

 output                                  attributes/
section   page    origin      length       input sections
--------  ----  ----------  ----------   ----------------
.intvecs   0    00000000    0000026c     
                  00000000    0000026c     startup_ccs.obj (.intvecs)

.text      0    0000026c    00001b5a     
                  0000026c    000001ee     uartstdio.obj (.text:UARTvprintf)
                  0000045a    00000132     driverlib.lib : gpio.obj (.text:GPIOPadConfigSet)
                  0000058c    00000118     queue.obj (.text:xQueueGenericReceive)
                  000006a4    00000110     driverlib.lib : sysctl.obj (.text:SysCtlClockGet)
                  000007b4    00000104     tasks.obj (.text:xTaskIncrementTick)
                  000008b8    00000100     tasks.obj (.text:xTaskGenericCreate)
                  000009b8    000000fc     switch_task.obj (.text:SwitchTask)
                  00000ab4    000000e8     queue.obj (.text:xQueueGenericSend)
                  00000b9c    000000e4     tasks.obj (.text:xTaskResumeAll)
                  00000c80    000000d2     portasm.obj (.text)
                  00000d52    00000002     startup_ccs.obj (.text:FaultISR)
                  00000d54    000000ac     heap_2.obj (.text:pvPortMalloc)
                  00000e00    0000009c     rtsv7M4_T_le_v4SPD16_eabi.lib : memcpy_t2.asm.obj (.text)
                  00000e9c    00000090     tasks.obj (.text:vTaskPriorityInherit)
                  00000f2c    0000008c     tasks.obj (.text:vTaskSwitchContext)
                  00000fb8    00000088     buttons.obj (.text:ButtonsPoll)
                  00001040    00000084     tasks.obj (.text:vTaskDelayUntil)
                  000010c4    00000080     I2C_task.obj (.text:I2CTaskInit)
                  00001144    0000007a     rtsv7M4_T_le_v4SPD16_eabi.lib : memset_t2.asm.obj (.text)
                  000011be    00000002     startup_ccs.obj (.text:IntDefaultHandler)
                  000011c0    00000078     tasks.obj (.text:xTaskPriorityDisinherit)
                  00001238    00000074     tasks.obj (.text:xTaskRemoveFromEventList)
                  000012ac    00000072     queue.obj (.text:prvCopyDataToQueue)
                  0000131e    00000002     startup_ccs.obj (.text:NmiSR)
                  00001320    00000068     buttons.obj (.text:ButtonsInit)
                  00001388    00000068     rtsv7M4_T_le_v4SPD16_eabi.lib : copy_decompress_lzss.c.obj (.text:decompress:lzss:__TI_decompress_lzss)
                  000013f0    00000064     tasks.obj (.text:vTaskPlaceOnEventList)
                  00001454    00000062     queue.obj (.text:prvUnlockQueue)
                  000014b6    00000002     rtsv7M4_T_le_v4SPD16_eabi.lib : div0.asm.obj (.text)
                  000014b8    00000060     tasks.obj (.text:prvInitialiseTaskLists)
                  00001518    00000060     tasks.obj (.text:vTaskStartScheduler)
                  00001578    00000058     tasks.obj (.text:prvCheckTasksWaitingTermination)
                  000015d0    00000056     tasks.obj (.text:prvInitialiseTCBVariables)
                  00001626    00000002     freertos_demo.obj (.text:vApplicationStackOverflowHook)
                  00001628    00000054     tasks.obj (.text:xTaskCheckForTimeOut)
                  0000167c    00000050     driverlib.lib : sysctl.obj (.text:SysCtlPeripheralReset)
                  000016cc    0000004e     queue.obj (.text:xQueueCreateMutex)
                  0000171a    00000002     --HOLE-- [fill = 0]
                  0000171c    0000004c     driverlib.lib : i2c.obj (.text:I2CMasterInitExpClk)
                  00001768    0000004c     tasks.obj (.text:prvAddCurrentTaskToDelayedList)
                  000017b4    00000048     driverlib.lib : gpio.obj (.text:GPIOPinConfigure)
                  000017fc    00000048     switch_task.obj (.text:SwitchTaskInit)
                  00001844    00000048     uartstdio.obj (.text:UARTwrite)
                  0000188c    00000044     rtsv7M4_T_le_v4SPD16_eabi.lib : autoinit.c.obj (.text:__TI_auto_init_nobinit_nopinit:__TI_auto_init_nobinit_nopinit)
                  000018d0    00000044     heap_2.obj (.text:vPortFree)
                  00001914    00000040     rtsv7M4_T_le_v4SPD16_eabi.lib : u_divt2.asm.obj (.text)
                  00001954    00000040     port.obj (.text:xPortStartScheduler)
                  00001994    0000003c     freertos_demo.obj (.text:main)
                  000019d0    0000003a     tasks.obj (.text:prvAllocateTCBAndStack)
                  00001a0a    00000038     list.obj (.text:vListInsert)
                  00001a42    00000002     --HOLE-- [fill = 0]
                  00001a44    00000034     driverlib.lib : sysctl.obj (.text:SysCtlPeripheralEnable)
                  00001a78    00000034     rtsv7M4_T_le_v4SPD16_eabi.lib : boot_cortex_m.c.obj (.text:_c_int00_noargs:_c_int00_noargs)
                  00001aac    00000030     I2C_task.obj (.text:I2CSend)
                  00001adc    00000030     heap_2.obj (.text:prvHeapInit)
                  00001b0c    0000002c     port.obj (.text:xPortSysTickHandler)
                  00001b38    0000002a     driverlib.lib : gpio.obj (.text:GPIODirModeSet)
                  00001b62    00000002     --HOLE-- [fill = 0]
                  00001b64    00000028     tasks.obj (.text:prvResetNextTaskUnblockTime)
                  00001b8c    00000028     port.obj (.text:pxPortInitialiseStack)
                  00001bb4    00000026     queue.obj (.text:prvCopyDataFromQueue)
                  00001bda    00000020     list.obj (.text:uxListRemove)
                  00001bfa    0000001c     queue.obj (.text:prvIsQueueFull)
                  00001c16    00000002     --HOLE-- [fill = 0]
                  00001c18    0000001c     port.obj (.text:vPortEnterCritical)
                  00001c34    0000001a     uartstdio.obj (.text:UARTprintf)
                  00001c4e    0000001a     queue.obj (.text:prvIsQueueEmpty)
                  00001c68    00000018     tasks.obj (.text:pvTaskIncrementMutexHeldCount)
                  00001c80    00000018     list.obj (.text:vListInsertEnd)
                  00001c98    00000018     port.obj (.text:vPortExitCritical)
                  00001cb0    00000018     tasks.obj (.text:vTaskSetTimeOutState)
                  00001cc8    00000016     list.obj (.text:vListInitialise)
                  00001cde    00000002     --HOLE-- [fill = 0]
                  00001ce0    00000014     port.obj (.text:vPortSetupTimerInterrupt)
                  00001cf4    00000012     driverlib.lib : gpio.obj (.text:GPIOPinTypeI2C)
                  00001d06    00000012                   : gpio.obj (.text:GPIOPinTypeI2CSCL)
                  00001d18    00000012     tasks.obj (.text:prvDeleteTCB)
                  00001d2a    00000010     port.obj (.text:prvTaskExitError)
                  00001d3a    00000002     --HOLE-- [fill = 0]
                  00001d3c    00000010     tasks.obj (.text:vTaskSuspendAll)
                  00001d4c    0000000e     rtsv7M4_T_le_v4SPD16_eabi.lib : copy_decompress_none.c.obj (.text:decompress:none:__TI_decompress_none)
                  00001d5a    0000000c                                   : copy_zero_init.c.obj (.text:decompress:ZI:__TI_zero_init)
                  00001d66    00000002     --HOLE-- [fill = 0]
                  00001d68    0000000c     tasks.obj (.text:vTaskMissedYield)
                  00001d74    0000000c     tasks.obj (.text:xTaskGetTickCount)
                  00001d80    0000000a     driverlib.lib : i2c.obj (.text:I2CMasterEnable)
                  00001d8a    00000008                   : i2c.obj (.text:I2CMasterBusy)
                  00001d92    00000008                   : i2c.obj (.text:I2CMasterSlaveAddrSet)
                  00001d9a    00000008     I2C_task.obj (.text:I2CTask)
                  00001da2    00000008     tasks.obj (.text:prvIdleTask)
                  00001daa    00000006     startup_ccs.obj (.text:ResetISR)
                  00001db0    00000006     list.obj (.text:vListInitialiseItem)
                  00001db6    00000004     driverlib.lib : i2c.obj (.text:I2CMasterControl)
                  00001dba    00000004                   : i2c.obj (.text:I2CMasterDataPut)
                  00001dbe    00000004     rtsv7M4_T_le_v4SPD16_eabi.lib : pre_init.c.obj (.text:_system_pre_init)
                  00001dc2    00000004                                   : exit.c.obj (.text:abort:abort)

.const     0    00001dc8    00000100     
                  00001dc8    00000090     driverlib.lib : gpio.obj (.const:g_pui32GPIOBaseAddrs)
                  00001e58    0000006c                   : sysctl.obj (.const:g_pui32Xtals)
                  00001ec4    00000004     port.obj (.const)

.cinit     0    00001ec8    00000038     
                  00001ec8    00000013     (.cinit..data.load) [load image, compression = lzss]
                  00001edb    00000001     --HOLE-- [fill = 0]
                  00001edc    0000000c     (__TI_handler_table)
                  00001ee8    00000008     (.cinit..bss.load) [load image, compression = zero_init]
                  00001ef0    00000010     (__TI_cinit_table)

.init_array 
*          0    00000000    00000000     UNINITIALIZED

.bss       0    20000000    000076f4     UNINITIALIZED
                  20000000    00007530     heap_2.obj (.bss:ucHeap)
                  20007530    00000140     tasks.obj (.bss:pxReadyTasksLists)
                  20007670    00000014     tasks.obj (.bss:xDelayedTaskList1)
                  20007684    00000014     tasks.obj (.bss:xDelayedTaskList2)
                  20007698    00000014     tasks.obj (.bss:xPendingReadyList)
                  200076ac    00000014     tasks.obj (.bss:xSuspendedTaskList)
                  200076c0    00000014     tasks.obj (.bss:xTasksWaitingTermination)
                  200076d4    00000008     tasks.obj (.bss)
                  200076dc    00000008     heap_2.obj (.bss:xEnd)
                  200076e4    00000008     heap_2.obj (.bss:xStart)
                  200076ec    00000004     (.common:g_pLEDQueue)
                  200076f0    00000004     (.common:g_pUARTSemaphore)

.data      0    200078f8    00000044     UNINITIALIZED
                  200078f8    00000030     tasks.obj (.data)
                  20007928    00000008     heap_2.obj (.data)
                  20007930    00000005     uartstdio.obj (.data)
                  20007935    00000003     buttons.obj (.data)
                  20007938    00000004     port.obj (.data)

.stack     0    200076f8    00000200     UNINITIALIZED
                  200076f8    00000004     rtsv7M4_T_le_v4SPD16_eabi.lib : boot_cortex_m.c.obj (.stack)
                  200076fc    000001fc     --HOLE--

__llvm_prf_cnts 
*          0    20000000    00000000     UNINITIALIZED

MODULE SUMMARY

       Module                       code   ro data   rw data
       ------                       ----   -------   -------
    ./
       startup_ccs.obj              12     620       0      
       switch_task.obj              324    0         0      
       I2C_task.obj                 184    0         4      
       freertos_demo.obj            62     0         4      
    +--+----------------------------+------+---------+---------+
       Total:                       582    620       8      
                                                            
    ./drivers/
       buttons.obj                  240    0         3      
    +--+----------------------------+------+---------+---------+
       Total:                       240    0         3      
                                                            
    ./third_party/FreeRTOS/Source/
       tasks.obj                    2234   0         476    
       queue.obj                    894    0         0      
       list.obj                     140    0         0      
    +--+----------------------------+------+---------+---------+
       Total:                       3268   0         476    
                                                            
    ./third_party/FreeRTOS/Source/portable/CCS/ARM_CM4F/
       port.obj                     236    4         4      
       portasm.obj                  210    0         0      
    +--+----------------------------+------+---------+---------+
       Total:                       446    4         4      
                                                            
    ./third_party/FreeRTOS/Source/portable/MemMang/
       heap_2.obj                   288    0         30024  
    +--+----------------------------+------+---------+---------+
       Total:                       288    0         30024  
                                                            
    ./utils/
       uartstdio.obj                592    0         5      
    +--+----------------------------+------+---------+---------+
       Total:                       592    0         5      
                                                            
    /home/victor_macedo/ti/ccs1210/ccs/tools/compiler/ti-cgt-arm_20.2.7.LTS/lib/rtsv7M4_T_le_v4SPD16_eabi.lib
       memcpy_t2.asm.obj            156    0         0      
       memset_t2.asm.obj            122    0         0      
       copy_decompress_lzss.c.obj   104    0         0      
       autoinit.c.obj               68     0         0      
       u_divt2.asm.obj              64     0         0      
       boot_cortex_m.c.obj          52     0         0      
       copy_decompress_none.c.obj   14     0         0      
       copy_zero_init.c.obj         12     0         0      
       exit.c.obj                   4      0         0      
       pre_init.c.obj               4      0         0      
       div0.asm.obj                 2      0         0      
    +--+----------------------------+------+---------+---------+
       Total:                       602    0         0      
                                                            
    /home/victor_macedo/ti/tivaware_c_series_2_1_4_178/driverlib/ccs/Debug/driverlib.lib
       gpio.obj                     456    144       0      
       sysctl.obj                   404    108       0      
       i2c.obj                      110    0         0      
    +--+----------------------------+------+---------+---------+
       Total:                       970    252       0      
                                                            
       Stack:                       0      0         512    
       Linker Generated:            0      55        0      
    +--+----------------------------+------+---------+---------+
       Grand Total:                 6988   931       31032  


LINKER GENERATED COPY TABLES

__TI_cinit_table @ 00001ef0 records: 2, size/record: 8, table size: 16
	.data: load addr=00001ec8, load size=00000013 bytes, run addr=200078f8, run size=00000044 bytes, compression=lzss
	.bss: load addr=00001ee8, load size=00000008 bytes, run addr=20000000, run size=000076f4 bytes, compression=zero_init


LINKER GENERATED HANDLER TABLE

__TI_handler_table @ 00001edc records: 3, size/record: 4, table size: 12
	index: 0, handler: __TI_decompress_lzss
	index: 1, handler: __TI_decompress_none
	index: 2, handler: __TI_zero_init


GLOBAL SYMBOLS: SORTED ALPHABETICALLY BY Name 

address   name                          
-------   ----                          
00001321  ButtonsInit                   
00000fb9  ButtonsPoll                   
00001dc3  C$$EXIT                       
00001b39  GPIODirModeSet                
0000045b  GPIOPadConfigSet              
000017b5  GPIOPinConfigure              
00001cf5  GPIOPinTypeI2C                
00001d07  GPIOPinTypeI2CSCL             
00001d8b  I2CMasterBusy                 
00001db7  I2CMasterControl              
00001dbb  I2CMasterDataPut              
00001d81  I2CMasterEnable               
0000171d  I2CMasterInitExpClk           
00001d93  I2CMasterSlaveAddrSet         
000010c5  I2CTaskInit                   
00001dab  ResetISR                      
000017fd  SwitchTaskInit                
000006a5  SysCtlClockGet                
00001a45  SysCtlPeripheralEnable        
0000167d  SysCtlPeripheralReset         
00001c35  UARTprintf                    
0000026d  UARTvprintf                   
00001845  UARTwrite                     
200078f8  __STACK_END                   
00000200  __STACK_SIZE                  
200078f8  __STACK_TOP                   
00001ef0  __TI_CINIT_Base               
00001f00  __TI_CINIT_Limit              
00001edc  __TI_Handler_Table_Base       
00001ee8  __TI_Handler_Table_Limit      
0000188d  __TI_auto_init_nobinit_nopinit
00001389  __TI_decompress_lzss          
00001d4d  __TI_decompress_none          
ffffffff  __TI_pprof_out_hndl           
ffffffff  __TI_prof_data_size           
ffffffff  __TI_prof_data_start          
00000000  __TI_static_base__            
00001d5b  __TI_zero_init                
000014b7  __aeabi_idiv0                 
000014b7  __aeabi_ldiv0                 
00001145  __aeabi_memclr                
00001145  __aeabi_memclr4               
00001145  __aeabi_memclr8               
00000e01  __aeabi_memcpy                
00000e01  __aeabi_memcpy4               
00000e01  __aeabi_memcpy8               
00001147  __aeabi_memset                
00001147  __aeabi_memset4               
00001147  __aeabi_memset8               
00001915  __aeabi_uidiv                 
00001915  __aeabi_uidivmod              
ffffffff  __binit__                     
ffffffff  __c_args__                    
UNDEFED   __mpu_init                    
200076f8  __stack                       
20000000  __start___llvm_prf_cnts       
20000000  __stop___llvm_prf_cnts        
00001a79  _c_int00_noargs               
UNDEFED   _system_post_cinit            
00001dbf  _system_pre_init              
00001dc3  abort                         
ffffffff  binit                         
200076ec  g_pLEDQueue                   
200076f0  g_pUARTSemaphore              
00000000  g_pfnVectors                  
00001995  main                          
00000e01  memcpy                        
0000114d  memset                        
00000d55  pvPortMalloc                  
00001c69  pvTaskIncrementMutexHeldCount 
200078f8  pxCurrentTCB                  
00001b8d  pxPortInitialiseStack         
00001ec4  ulMaxSyscallInterruptPriority 
00000c91  ulPortGetIPSR                 
00001bdb  uxListRemove                  
00001627  vApplicationStackOverflowHook 
00001cc9  vListInitialise               
00001db1  vListInitialiseItem           
00001a0b  vListInsert                   
00001c81  vListInsertEnd                
00000d45  vPortEnableVFP                
00001c19  vPortEnterCritical            
00001c99  vPortExitCritical             
000018d1  vPortFree                     
00000d09  vPortSVCHandler               
00001ce1  vPortSetupTimerInterrupt      
00000d29  vPortStartFirstTask           
00001041  vTaskDelayUntil               
00001d69  vTaskMissedYield              
000013f1  vTaskPlaceOnEventList         
00000e9d  vTaskPriorityInherit          
00001cb1  vTaskSetTimeOutState          
00001519  vTaskStartScheduler           
00001d3d  vTaskSuspendAll               
00000f2d  vTaskSwitchContext            
00000ca9  xPortPendSVHandler            
00001955  xPortStartScheduler           
00001b0d  xPortSysTickHandler           
000016cd  xQueueCreateMutex             
0000058d  xQueueGenericReceive          
00000ab5  xQueueGenericSend             
00001629  xTaskCheckForTimeOut          
000008b9  xTaskGenericCreate            
00001d75  xTaskGetTickCount             
000007b5  xTaskIncrementTick            
000011c1  xTaskPriorityDisinherit       
00001239  xTaskRemoveFromEventList      
00000b9d  xTaskResumeAll                


GLOBAL SYMBOLS: SORTED BY Symbol Address 

address   name                          
-------   ----                          
00000000  __TI_static_base__            
00000000  g_pfnVectors                  
00000200  __STACK_SIZE                  
0000026d  UARTvprintf                   
0000045b  GPIOPadConfigSet              
0000058d  xQueueGenericReceive          
000006a5  SysCtlClockGet                
000007b5  xTaskIncrementTick            
000008b9  xTaskGenericCreate            
00000ab5  xQueueGenericSend             
00000b9d  xTaskResumeAll                
00000c91  ulPortGetIPSR                 
00000ca9  xPortPendSVHandler            
00000d09  vPortSVCHandler               
00000d29  vPortStartFirstTask           
00000d45  vPortEnableVFP                
00000d55  pvPortMalloc                  
00000e01  __aeabi_memcpy                
00000e01  __aeabi_memcpy4               
00000e01  __aeabi_memcpy8               
00000e01  memcpy                        
00000e9d  vTaskPriorityInherit          
00000f2d  vTaskSwitchContext            
00000fb9  ButtonsPoll                   
00001041  vTaskDelayUntil               
000010c5  I2CTaskInit                   
00001145  __aeabi_memclr                
00001145  __aeabi_memclr4               
00001145  __aeabi_memclr8               
00001147  __aeabi_memset                
00001147  __aeabi_memset4               
00001147  __aeabi_memset8               
0000114d  memset                        
000011c1  xTaskPriorityDisinherit       
00001239  xTaskRemoveFromEventList      
00001321  ButtonsInit                   
00001389  __TI_decompress_lzss          
000013f1  vTaskPlaceOnEventList         
000014b7  __aeabi_idiv0                 
000014b7  __aeabi_ldiv0                 
00001519  vTaskStartScheduler           
00001627  vApplicationStackOverflowHook 
00001629  xTaskCheckForTimeOut          
0000167d  SysCtlPeripheralReset         
000016cd  xQueueCreateMutex             
0000171d  I2CMasterInitExpClk           
000017b5  GPIOPinConfigure              
000017fd  SwitchTaskInit                
00001845  UARTwrite                     
0000188d  __TI_auto_init_nobinit_nopinit
000018d1  vPortFree                     
00001915  __aeabi_uidiv                 
00001915  __aeabi_uidivmod              
00001955  xPortStartScheduler           
00001995  main                          
00001a0b  vListInsert                   
00001a45  SysCtlPeripheralEnable        
00001a79  _c_int00_noargs               
00001b0d  xPortSysTickHandler           
00001b39  GPIODirModeSet                
00001b8d  pxPortInitialiseStack         
00001bdb  uxListRemove                  
00001c19  vPortEnterCritical            
00001c35  UARTprintf                    
00001c69  pvTaskIncrementMutexHeldCount 
00001c81  vListInsertEnd                
00001c99  vPortExitCritical             
00001cb1  vTaskSetTimeOutState          
00001cc9  vListInitialise               
00001ce1  vPortSetupTimerInterrupt      
00001cf5  GPIOPinTypeI2C                
00001d07  GPIOPinTypeI2CSCL             
00001d3d  vTaskSuspendAll               
00001d4d  __TI_decompress_none          
00001d5b  __TI_zero_init                
00001d69  vTaskMissedYield              
00001d75  xTaskGetTickCount             
00001d81  I2CMasterEnable               
00001d8b  I2CMasterBusy                 
00001d93  I2CMasterSlaveAddrSet         
00001dab  ResetISR                      
00001db1  vListInitialiseItem           
00001db7  I2CMasterControl              
00001dbb  I2CMasterDataPut              
00001dbf  _system_pre_init              
00001dc3  C$$EXIT                       
00001dc3  abort                         
00001ec4  ulMaxSyscallInterruptPriority 
00001edc  __TI_Handler_Table_Base       
00001ee8  __TI_Handler_Table_Limit      
00001ef0  __TI_CINIT_Base               
00001f00  __TI_CINIT_Limit              
20000000  __start___llvm_prf_cnts       
20000000  __stop___llvm_prf_cnts        
200076ec  g_pLEDQueue                   
200076f0  g_pUARTSemaphore              
200076f8  __stack                       
200078f8  __STACK_END                   
200078f8  __STACK_TOP                   
200078f8  pxCurrentTCB                  
ffffffff  __TI_pprof_out_hndl           
ffffffff  __TI_prof_data_size           
ffffffff  __TI_prof_data_start          
ffffffff  __binit__                     
ffffffff  __c_args__                    
ffffffff  binit                         
UNDEFED   __mpu_init                    
UNDEFED   _system_post_cinit            

[108 symbols]
