******************************************************************************
                  TI ARM Linker Unix v20.2.7                   
******************************************************************************
>> Linked Fri Dec 30 11:25:29 2022

OUTPUT FILE NAME:   <freertos_demo.out>
ENTRY POINT SYMBOL: "_c_int00_noargs"  address: 0000186d


MEMORY CONFIGURATION

         name            origin    length      used     unused   attr    fill
----------------------  --------  ---------  --------  --------  ----  --------
  FLASH                 00000000   00040000  00001f18  0003e0e8  R  X
  SRAM                  20000000   00008000  00007bbd  00000443  RW X


SEGMENT ALLOCATION MAP

run origin  load origin   length   init length attrs members
----------  ----------- ---------- ----------- ----- -------
00000000    00000000    00001f18   00001f18    r-x
  00000000    00000000    0000026c   0000026c    r-- .intvecs
  0000026c    0000026c    0000194c   0000194c    r-x .text
  00001bb8    00001bb8    00000308   00000308    r-- .const
  00001ec0    00001ec0    00000058   00000058    r-- .cinit
20000000    20000000    00007bc0   00000000    rw-
  20000000    20000000    0000026c   00000000    rw- .vtable
  2000026c    2000026c    00007701   00000000    rw- .bss
  20007970    20007970    00000200   00000000    rw- .stack
  20007b70    20007b70    00000050   00000000    rw- .data


SECTION ALLOCATION MAP

 output                                  attributes/
section   page    origin      length       input sections
--------  ----  ----------  ----------   ----------------
.intvecs   0    00000000    0000026c     
                  00000000    0000026c     startup_ccs.obj (.intvecs)

.text      0    0000026c    0000194c     
                  0000026c    00000132     driverlib.lib : gpio.obj (.text:GPIOPadConfigSet)
                  0000039e    00000002     startup_ccs.obj (.text:FaultISR)
                  000003a0    00000110     driverlib.lib : sysctl.obj (.text:SysCtlClockGet)
                  000004b0    00000104     tasks.obj (.text:xTaskIncrementTick)
                  000005b4    00000100     tasks.obj (.text:xTaskGenericCreate)
                  000006b4    000000e8     queue.obj (.text:xQueueGenericSend)
                  0000079c    000000e4     tasks.obj (.text:xTaskResumeAll)
                  00000880    000000e0     keypad.obj (.text:teclado)
                  00000960    000000d2     portasm.obj (.text)
                  00000a32    00000002     startup_ccs.obj (.text:IntDefaultHandler)
                  00000a34    000000c0     keypad.obj (.text:KEYTaskInit)
                  00000af4    000000ac     heap_2.obj (.text:pvPortMalloc)
                  00000ba0    000000a0     keypad.obj (.text:KEYTask)
                  00000c40    0000009c     rtsv7M4_T_le_v4SPD16_eabi.lib : memcpy_t2.asm.obj (.text)
                  00000cdc    0000008c     tasks.obj (.text:vTaskSwitchContext)
                  00000d68    00000080     I2C_task.obj (.text:I2CTaskInit)
                  00000de8    0000007a     rtsv7M4_T_le_v4SPD16_eabi.lib : memset_t2.asm.obj (.text)
                  00000e62    00000002     startup_ccs.obj (.text:NmiSR)
                  00000e64    00000078     tasks.obj (.text:xTaskPriorityDisinherit)
                  00000edc    00000074     tasks.obj (.text:xTaskRemoveFromEventList)
                  00000f50    00000072     queue.obj (.text:prvCopyDataToQueue)
                  00000fc2    00000002     freertos_demo.obj (.text:vApplicationStackOverflowHook)
                  00000fc4    00000068     driverlib.lib : interrupt.obj (.text:IntEnable)
                  0000102c    00000068     rtsv7M4_T_le_v4SPD16_eabi.lib : copy_decompress_lzss.c.obj (.text:decompress:lzss:__TI_decompress_lzss)
                  00001094    00000064     tasks.obj (.text:vTaskPlaceOnEventList)
                  000010f8    00000062     queue.obj (.text:prvUnlockQueue)
                  0000115a    00000002     --HOLE-- [fill = 0]
                  0000115c    00000060     tasks.obj (.text:prvInitialiseTaskLists)
                  000011bc    00000060     tasks.obj (.text:vTaskStartScheduler)
                  0000121c    0000005e     LCD.obj (.text:Lcd_Init)
                  0000127a    00000002     --HOLE-- [fill = 0]
                  0000127c    0000005c     LCD.obj (.text:Lcd_Write_Char)
                  000012d8    00000058     tasks.obj (.text:prvCheckTasksWaitingTermination)
                  00001330    00000056     driverlib.lib : gpio.obj (.text:GPIOIntTypeSet)
                  00001386    00000056     LCD.obj (.text:Lcd_Port)
                  000013dc    00000056     tasks.obj (.text:prvInitialiseTCBVariables)
                  00001432    00000002     --HOLE-- [fill = 0]
                  00001434    00000054     tasks.obj (.text:xTaskCheckForTimeOut)
                  00001488    00000050     driverlib.lib : sysctl.obj (.text:SysCtlPeripheralReset)
                  000014d8    0000004e     queue.obj (.text:xQueueCreateMutex)
                  00001526    00000002     --HOLE-- [fill = 0]
                  00001528    0000004c     driverlib.lib : i2c.obj (.text:I2CMasterInitExpClk)
                  00001574    0000004c     tasks.obj (.text:prvAddCurrentTaskToDelayedList)
                  000015c0    00000048     driverlib.lib : gpio.obj (.text:GPIOPinConfigure)
                  00001608    00000044                   : gpio.obj (.text:_GPIOIntNumberGet)
                  0000164c    00000044     rtsv7M4_T_le_v4SPD16_eabi.lib : autoinit.c.obj (.text:__TI_auto_init_nobinit_nopinit:__TI_auto_init_nobinit_nopinit)
                  00001690    00000044     heap_2.obj (.text:vPortFree)
                  000016d4    00000040     LCD.obj (.text:Lcd_Cmd)
                  00001714    00000040     port.obj (.text:xPortStartScheduler)
                  00001754    0000003c     freertos_demo.obj (.text:main)
                  00001790    0000003a     tasks.obj (.text:prvAllocateTCBAndStack)
                  000017ca    00000038     list.obj (.text:vListInsert)
                  00001802    00000002     --HOLE-- [fill = 0]
                  00001804    00000034     driverlib.lib : interrupt.obj (.text:IntRegister)
                  00001838    00000034                   : sysctl.obj (.text:SysCtlPeripheralEnable)
                  0000186c    00000034     rtsv7M4_T_le_v4SPD16_eabi.lib : boot_cortex_m.c.obj (.text:_c_int00_noargs:_c_int00_noargs)
                  000018a0    00000030     I2C_task.obj (.text:I2CSend)
                  000018d0    00000030     heap_2.obj (.text:prvHeapInit)
                  00001900    0000002c     port.obj (.text:xPortSysTickHandler)
                  0000192c    0000002a     driverlib.lib : gpio.obj (.text:GPIODirModeSet)
                  00001956    00000002     --HOLE-- [fill = 0]
                  00001958    00000028     tasks.obj (.text:prvResetNextTaskUnblockTime)
                  00001980    00000028     port.obj (.text:pxPortInitialiseStack)
                  000019a8    00000020     list.obj (.text:uxListRemove)
                  000019c8    0000001c     queue.obj (.text:prvIsQueueFull)
                  000019e4    0000001c     port.obj (.text:vPortEnterCritical)
                  00001a00    00000018     driverlib.lib : gpio.obj (.text:GPIOIntRegister)
                  00001a18    00000018                   : gpio.obj (.text:GPIOPinTypeGPIOOutput)
                  00001a30    00000018     list.obj (.text:vListInsertEnd)
                  00001a48    00000018     port.obj (.text:vPortExitCritical)
                  00001a60    00000018     tasks.obj (.text:vTaskSetTimeOutState)
                  00001a78    00000016     list.obj (.text:vListInitialise)
                  00001a8e    00000002     --HOLE-- [fill = 0]
                  00001a90    00000014     port.obj (.text:vPortSetupTimerInterrupt)
                  00001aa4    00000012     driverlib.lib : gpio.obj (.text:GPIOPinTypeGPIOInput)
                  00001ab6    00000012                   : gpio.obj (.text:GPIOPinTypeI2C)
                  00001ac8    00000012                   : gpio.obj (.text:GPIOPinTypeI2CSCL)
                  00001ada    00000012     tasks.obj (.text:prvDeleteTCB)
                  00001aec    00000010     LCD.obj (.text:Lcd_Clear)
                  00001afc    00000010     port.obj (.text:prvTaskExitError)
                  00001b0c    00000010     tasks.obj (.text:vTaskSuspendAll)
                  00001b1c    0000000e     driverlib.lib : gpio.obj (.text:GPIOIntStatus)
                  00001b2a    0000000e     rtsv7M4_T_le_v4SPD16_eabi.lib : copy_decompress_none.c.obj (.text:decompress:none:__TI_decompress_none)
                  00001b38    0000000c     driverlib.lib : gpio.obj (.text:GPIOIntEnable)
                  00001b44    0000000c     rtsv7M4_T_le_v4SPD16_eabi.lib : copy_zero_init.c.obj (.text:decompress:ZI:__TI_zero_init)
                  00001b50    0000000c     tasks.obj (.text:vTaskMissedYield)
                  00001b5c    0000000a     driverlib.lib : i2c.obj (.text:I2CMasterEnable)
                  00001b66    00000008                   : i2c.obj (.text:I2CMasterBusy)
                  00001b6e    00000008                   : i2c.obj (.text:I2CMasterSlaveAddrSet)
                  00001b76    00000008     I2C_task.obj (.text:I2CTask)
                  00001b7e    00000008     tasks.obj (.text:prvIdleTask)
                  00001b86    00000006     driverlib.lib : gpio.obj (.text:GPIOIntClear)
                  00001b8c    00000006                   : gpio.obj (.text:GPIOPinWrite)
                  00001b92    00000006     startup_ccs.obj (.text:ResetISR)
                  00001b98    00000006     driverlib.lib : sysctl.obj (.text:SysCtlDelay)
                  00001b9e    00000006     list.obj (.text:vListInitialiseItem)
                  00001ba4    00000004     driverlib.lib : i2c.obj (.text:I2CMasterControl)
                  00001ba8    00000004                   : i2c.obj (.text:I2CMasterDataPut)
                  00001bac    00000004     keypad.obj (.text:IntGPIOc)
                  00001bb0    00000004     rtsv7M4_T_le_v4SPD16_eabi.lib : pre_init.c.obj (.text:_system_pre_init)
                  00001bb4    00000004                                   : exit.c.obj (.text:abort:abort)

.const     0    00001bb8    00000308     
                  00001bb8    000000d8     driverlib.lib : gpio.obj (.const:g_ppui32GPIOIntMapSnowflake)
                  00001c90    000000c0                   : gpio.obj (.const:g_ppui32GPIOIntMapBlizzard)
                  00001d50    00000090                   : gpio.obj (.const:g_pui32GPIOBaseAddrs)
                  00001de0    00000070                   : interrupt.obj (.const)
                  00001e50    0000006c                   : sysctl.obj (.const:g_pui32Xtals)
                  00001ebc    00000004     port.obj (.const)

.cinit     0    00001ec0    00000058     
                  00001ec0    00000021     (.cinit..data.load) [load image, compression = lzss]
                  00001ee1    00000003     --HOLE-- [fill = 0]
                  00001ee4    0000000c     (__TI_handler_table)
                  00001ef0    00000008     (.cinit..bss.load) [load image, compression = zero_init]
                  00001ef8    00000008     (.cinit..vtable.load) [load image, compression = zero_init]
                  00001f00    00000018     (__TI_cinit_table)

.init_array 
*          0    00000000    00000000     UNINITIALIZED

.vtable    0    20000000    0000026c     UNINITIALIZED
                  20000000    0000026c     driverlib.lib : interrupt.obj (.vtable)

.bss       0    2000026c    00007701     UNINITIALIZED
                  2000026c    00007530     heap_2.obj (.bss:ucHeap)
                  2000779c    00000140     tasks.obj (.bss:pxReadyTasksLists)
                  200078dc    00000014     tasks.obj (.bss:xDelayedTaskList1)
                  200078f0    00000014     tasks.obj (.bss:xDelayedTaskList2)
                  20007904    00000014     tasks.obj (.bss:xPendingReadyList)
                  20007918    00000014     tasks.obj (.bss:xSuspendedTaskList)
                  2000792c    00000014     tasks.obj (.bss:xTasksWaitingTermination)
                  20007940    00000008     tasks.obj (.bss)
                  20007948    00000008     heap_2.obj (.bss:xEnd)
                  20007950    00000008     heap_2.obj (.bss:xStart)
                  20007958    00000004     (.common:col)
                  2000795c    00000004     (.common:flag_config)
                  20007960    00000004     (.common:g_pUARTSemaphore)
                  20007964    00000004     (.common:i_start)
                  20007968    00000004     (.common:row)
                  2000796c    00000001     (.common:tecla)

.data      0    20007b70    00000050     UNINITIALIZED
                  20007b70    00000030     tasks.obj (.data)
                  20007ba0    00000010     keypad.obj (.data:symbol)
                  20007bb0    00000008     heap_2.obj (.data)
                  20007bb8    00000004     keypad.obj (.data)
                  20007bbc    00000004     port.obj (.data)

.stack     0    20007970    00000200     UNINITIALIZED
                  20007970    00000004     rtsv7M4_T_le_v4SPD16_eabi.lib : boot_cortex_m.c.obj (.stack)
                  20007974    000001fc     --HOLE--

__llvm_prf_cnts 
*          0    20000000    00000000     UNINITIALIZED

MODULE SUMMARY

       Module                       code   ro data   rw data
       ------                       ----   -------   -------
    ./
       startup_ccs.obj              12     620       0      
       keypad.obj                   580    0         37     
       LCD.obj                      352    0         0      
       I2C_task.obj                 184    0         0      
       freertos_demo.obj            62     0         4      
    +--+----------------------------+------+---------+---------+
       Total:                       1190   620       41     
                                                            
    ./third_party/FreeRTOS/Source/
       tasks.obj                    1922   0         476    
       queue.obj                    550    0         0      
       list.obj                     140    0         0      
    +--+----------------------------+------+---------+---------+
       Total:                       2612   0         476    
                                                            
    ./third_party/FreeRTOS/Source/portable/CCS/ARM_CM4F/
       port.obj                     236    4         4      
       portasm.obj                  210    0         0      
    +--+----------------------------+------+---------+---------+
       Total:                       446    4         4      
                                                            
    ./third_party/FreeRTOS/Source/portable/MemMang/
       heap_2.obj                   288    0         30024  
    +--+----------------------------+------+---------+---------+
       Total:                       288    0         30024  
                                                            
    /home/victor_macedo/ti/ccs1210/ccs/tools/compiler/ti-cgt-arm_20.2.7.LTS/lib/rtsv7M4_T_le_v4SPD16_eabi.lib
       memcpy_t2.asm.obj            156    0         0      
       memset_t2.asm.obj            122    0         0      
       copy_decompress_lzss.c.obj   104    0         0      
       autoinit.c.obj               68     0         0      
       boot_cortex_m.c.obj          52     0         0      
       copy_decompress_none.c.obj   14     0         0      
       copy_zero_init.c.obj         12     0         0      
       exit.c.obj                   4      0         0      
       pre_init.c.obj               4      0         0      
    +--+----------------------------+------+---------+---------+
       Total:                       536    0         0      
                                                            
    /home/victor_macedo/ti/tivaware_c_series_2_1_4_178/driverlib/ccs/Debug/driverlib.lib
       gpio.obj                     714    552       0      
       interrupt.obj                156    112       620    
       sysctl.obj                   410    108       0      
       i2c.obj                      110    0         0      
    +--+----------------------------+------+---------+---------+
       Total:                       1390   772       620    
                                                            
       Stack:                       0      0         512    
       Linker Generated:            0      85        0      
    +--+----------------------------+------+---------+---------+
       Grand Total:                 6462   1481      31677  


LINKER GENERATED COPY TABLES

__TI_cinit_table @ 00001f00 records: 3, size/record: 8, table size: 24
	.data: load addr=00001ec0, load size=00000021 bytes, run addr=20007b70, run size=00000050 bytes, compression=lzss
	.bss: load addr=00001ef0, load size=00000008 bytes, run addr=2000026c, run size=00007701 bytes, compression=zero_init
	.vtable: load addr=00001ef8, load size=00000008 bytes, run addr=20000000, run size=0000026c bytes, compression=zero_init


LINKER GENERATED HANDLER TABLE

__TI_handler_table @ 00001ee4 records: 3, size/record: 4, table size: 12
	index: 0, handler: __TI_zero_init
	index: 1, handler: __TI_decompress_lzss
	index: 2, handler: __TI_decompress_none


GLOBAL SYMBOLS: SORTED ALPHABETICALLY BY Name 

address   name                          
-------   ----                          
00001bb5  C$$EXIT                       
0000192d  GPIODirModeSet                
00001b87  GPIOIntClear                  
00001b39  GPIOIntEnable                 
00001a01  GPIOIntRegister               
00001b1d  GPIOIntStatus                 
00001331  GPIOIntTypeSet                
0000026d  GPIOPadConfigSet              
000015c1  GPIOPinConfigure              
00001aa5  GPIOPinTypeGPIOInput          
00001a19  GPIOPinTypeGPIOOutput         
00001ab7  GPIOPinTypeI2C                
00001ac9  GPIOPinTypeI2CSCL             
00001b8d  GPIOPinWrite                  
00001b67  I2CMasterBusy                 
00001ba5  I2CMasterControl              
00001ba9  I2CMasterDataPut              
00001b5d  I2CMasterEnable               
00001529  I2CMasterInitExpClk           
00001b6f  I2CMasterSlaveAddrSet         
00000d69  I2CTaskInit                   
00000fc5  IntEnable                     
00001805  IntRegister                   
00000a35  KEYTaskInit                   
00001aed  Lcd_Clear                     
000016d5  Lcd_Cmd                       
0000121d  Lcd_Init                      
00001387  Lcd_Port                      
0000127d  Lcd_Write_Char                
00001b93  ResetISR                      
000003a1  SysCtlClockGet                
00001b99  SysCtlDelay                   
00001839  SysCtlPeripheralEnable        
00001489  SysCtlPeripheralReset         
20007b70  __STACK_END                   
00000200  __STACK_SIZE                  
20007b70  __STACK_TOP                   
00001f00  __TI_CINIT_Base               
00001f18  __TI_CINIT_Limit              
00001ee4  __TI_Handler_Table_Base       
00001ef0  __TI_Handler_Table_Limit      
0000164d  __TI_auto_init_nobinit_nopinit
0000102d  __TI_decompress_lzss          
00001b2b  __TI_decompress_none          
ffffffff  __TI_pprof_out_hndl           
ffffffff  __TI_prof_data_size           
ffffffff  __TI_prof_data_start          
00000000  __TI_static_base__            
00001b45  __TI_zero_init                
00000de9  __aeabi_memclr                
00000de9  __aeabi_memclr4               
00000de9  __aeabi_memclr8               
00000c41  __aeabi_memcpy                
00000c41  __aeabi_memcpy4               
00000c41  __aeabi_memcpy8               
00000deb  __aeabi_memset                
00000deb  __aeabi_memset4               
00000deb  __aeabi_memset8               
ffffffff  __binit__                     
ffffffff  __c_args__                    
UNDEFED   __mpu_init                    
20007970  __stack                       
20000000  __start___llvm_prf_cnts       
20000000  __stop___llvm_prf_cnts        
0000186d  _c_int00_noargs               
UNDEFED   _system_post_cinit            
00001bb1  _system_pre_init              
00001bb5  abort                         
ffffffff  binit                         
20007958  col                           
2000795c  flag_config                   
20007960  g_pUARTSemaphore              
20000000  g_pfnRAMVectors               
00000000  g_pfnVectors                  
20007bb8  i_count                       
20007964  i_start                       
00001755  main                          
00000c41  memcpy                        
00000df1  memset                        
00000af5  pvPortMalloc                  
20007b70  pxCurrentTCB                  
00001981  pxPortInitialiseStack         
20007968  row                           
20007ba0  symbol                        
2000796c  tecla                         
00001ebc  ulMaxSyscallInterruptPriority 
00000971  ulPortGetIPSR                 
000019a9  uxListRemove                  
00000fc3  vApplicationStackOverflowHook 
00001a79  vListInitialise               
00001b9f  vListInitialiseItem           
000017cb  vListInsert                   
00001a31  vListInsertEnd                
00000a25  vPortEnableVFP                
000019e5  vPortEnterCritical            
00001a49  vPortExitCritical             
00001691  vPortFree                     
000009e9  vPortSVCHandler               
00001a91  vPortSetupTimerInterrupt      
00000a09  vPortStartFirstTask           
00001b51  vTaskMissedYield              
00001095  vTaskPlaceOnEventList         
00001a61  vTaskSetTimeOutState          
000011bd  vTaskStartScheduler           
00001b0d  vTaskSuspendAll               
00000cdd  vTaskSwitchContext            
00000989  xPortPendSVHandler            
00001715  xPortStartScheduler           
00001901  xPortSysTickHandler           
000014d9  xQueueCreateMutex             
000006b5  xQueueGenericSend             
00001435  xTaskCheckForTimeOut          
000005b5  xTaskGenericCreate            
000004b1  xTaskIncrementTick            
00000e65  xTaskPriorityDisinherit       
00000edd  xTaskRemoveFromEventList      
0000079d  xTaskResumeAll                


GLOBAL SYMBOLS: SORTED BY Symbol Address 

address   name                          
-------   ----                          
00000000  __TI_static_base__            
00000000  g_pfnVectors                  
00000200  __STACK_SIZE                  
0000026d  GPIOPadConfigSet              
000003a1  SysCtlClockGet                
000004b1  xTaskIncrementTick            
000005b5  xTaskGenericCreate            
000006b5  xQueueGenericSend             
0000079d  xTaskResumeAll                
00000971  ulPortGetIPSR                 
00000989  xPortPendSVHandler            
000009e9  vPortSVCHandler               
00000a09  vPortStartFirstTask           
00000a25  vPortEnableVFP                
00000a35  KEYTaskInit                   
00000af5  pvPortMalloc                  
00000c41  __aeabi_memcpy                
00000c41  __aeabi_memcpy4               
00000c41  __aeabi_memcpy8               
00000c41  memcpy                        
00000cdd  vTaskSwitchContext            
00000d69  I2CTaskInit                   
00000de9  __aeabi_memclr                
00000de9  __aeabi_memclr4               
00000de9  __aeabi_memclr8               
00000deb  __aeabi_memset                
00000deb  __aeabi_memset4               
00000deb  __aeabi_memset8               
00000df1  memset                        
00000e65  xTaskPriorityDisinherit       
00000edd  xTaskRemoveFromEventList      
00000fc3  vApplicationStackOverflowHook 
00000fc5  IntEnable                     
0000102d  __TI_decompress_lzss          
00001095  vTaskPlaceOnEventList         
000011bd  vTaskStartScheduler           
0000121d  Lcd_Init                      
0000127d  Lcd_Write_Char                
00001331  GPIOIntTypeSet                
00001387  Lcd_Port                      
00001435  xTaskCheckForTimeOut          
00001489  SysCtlPeripheralReset         
000014d9  xQueueCreateMutex             
00001529  I2CMasterInitExpClk           
000015c1  GPIOPinConfigure              
0000164d  __TI_auto_init_nobinit_nopinit
00001691  vPortFree                     
000016d5  Lcd_Cmd                       
00001715  xPortStartScheduler           
00001755  main                          
000017cb  vListInsert                   
00001805  IntRegister                   
00001839  SysCtlPeripheralEnable        
0000186d  _c_int00_noargs               
00001901  xPortSysTickHandler           
0000192d  GPIODirModeSet                
00001981  pxPortInitialiseStack         
000019a9  uxListRemove                  
000019e5  vPortEnterCritical            
00001a01  GPIOIntRegister               
00001a19  GPIOPinTypeGPIOOutput         
00001a31  vListInsertEnd                
00001a49  vPortExitCritical             
00001a61  vTaskSetTimeOutState          
00001a79  vListInitialise               
00001a91  vPortSetupTimerInterrupt      
00001aa5  GPIOPinTypeGPIOInput          
00001ab7  GPIOPinTypeI2C                
00001ac9  GPIOPinTypeI2CSCL             
00001aed  Lcd_Clear                     
00001b0d  vTaskSuspendAll               
00001b1d  GPIOIntStatus                 
00001b2b  __TI_decompress_none          
00001b39  GPIOIntEnable                 
00001b45  __TI_zero_init                
00001b51  vTaskMissedYield              
00001b5d  I2CMasterEnable               
00001b67  I2CMasterBusy                 
00001b6f  I2CMasterSlaveAddrSet         
00001b87  GPIOIntClear                  
00001b8d  GPIOPinWrite                  
00001b93  ResetISR                      
00001b99  SysCtlDelay                   
00001b9f  vListInitialiseItem           
00001ba5  I2CMasterControl              
00001ba9  I2CMasterDataPut              
00001bb1  _system_pre_init              
00001bb5  C$$EXIT                       
00001bb5  abort                         
00001ebc  ulMaxSyscallInterruptPriority 
00001ee4  __TI_Handler_Table_Base       
00001ef0  __TI_Handler_Table_Limit      
00001f00  __TI_CINIT_Base               
00001f18  __TI_CINIT_Limit              
20000000  __start___llvm_prf_cnts       
20000000  __stop___llvm_prf_cnts        
20000000  g_pfnRAMVectors               
20007958  col                           
2000795c  flag_config                   
20007960  g_pUARTSemaphore              
20007964  i_start                       
20007968  row                           
2000796c  tecla                         
20007970  __stack                       
20007b70  __STACK_END                   
20007b70  __STACK_TOP                   
20007b70  pxCurrentTCB                  
20007ba0  symbol                        
20007bb8  i_count                       
ffffffff  __TI_pprof_out_hndl           
ffffffff  __TI_prof_data_size           
ffffffff  __TI_prof_data_start          
ffffffff  __binit__                     
ffffffff  __c_args__                    
ffffffff  binit                         
UNDEFED   __mpu_init                    
UNDEFED   _system_post_cinit            

[117 symbols]
