<?xml version="1.0" encoding="ISO-8859-1" ?>
<link_info>
   <banner>TI ARM Linker Unix v20.2.7.LTS</banner>
   <copyright>Copyright (c) 1996-2018 Texas Instruments Incorporated</copyright>
   <link_time>0x63aecaa9</link_time>
   <link_errors>0x0</link_errors>
   <output_file>freertos_demo.out</output_file>
   <entry_point>
      <name>_c_int00_noargs</name>
      <address>0x186d</address>
   </entry_point>
   <input_file_list>
      <input_file id="fl-2">
         <path>./</path>
         <kind>object</kind>
         <file>I2C_task.obj</file>
         <name>I2C_task.obj</name>
      </input_file>
      <input_file id="fl-3">
         <path>./</path>
         <kind>object</kind>
         <file>LCD.obj</file>
         <name>LCD.obj</name>
      </input_file>
      <input_file id="fl-4">
         <path>./</path>
         <kind>object</kind>
         <file>freertos_demo.obj</file>
         <name>freertos_demo.obj</name>
      </input_file>
      <input_file id="fl-5">
         <path>./</path>
         <kind>object</kind>
         <file>keypad.obj</file>
         <name>keypad.obj</name>
      </input_file>
      <input_file id="fl-6">
         <path>./</path>
         <kind>object</kind>
         <file>startup_ccs.obj</file>
         <name>startup_ccs.obj</name>
      </input_file>
      <input_file id="fl-7">
         <path>./</path>
         <kind>object</kind>
         <file>switch_task.obj</file>
         <name>switch_task.obj</name>
      </input_file>
      <input_file id="fl-8">
         <path>./drivers/</path>
         <kind>object</kind>
         <file>buttons.obj</file>
         <name>buttons.obj</name>
      </input_file>
      <input_file id="fl-9">
         <path>./drivers/</path>
         <kind>object</kind>
         <file>rgb.obj</file>
         <name>rgb.obj</name>
      </input_file>
      <input_file id="fl-a">
         <path>./third_party/FreeRTOS/Source/</path>
         <kind>object</kind>
         <file>list.obj</file>
         <name>list.obj</name>
      </input_file>
      <input_file id="fl-b">
         <path>./third_party/FreeRTOS/Source/</path>
         <kind>object</kind>
         <file>queue.obj</file>
         <name>queue.obj</name>
      </input_file>
      <input_file id="fl-c">
         <path>./third_party/FreeRTOS/Source/</path>
         <kind>object</kind>
         <file>tasks.obj</file>
         <name>tasks.obj</name>
      </input_file>
      <input_file id="fl-d">
         <path>./third_party/FreeRTOS/Source/portable/CCS/ARM_CM4F/</path>
         <kind>object</kind>
         <file>port.obj</file>
         <name>port.obj</name>
      </input_file>
      <input_file id="fl-e">
         <path>./third_party/FreeRTOS/Source/portable/CCS/ARM_CM4F/</path>
         <kind>object</kind>
         <file>portasm.obj</file>
         <name>portasm.obj</name>
      </input_file>
      <input_file id="fl-f">
         <path>./third_party/FreeRTOS/Source/portable/MemMang/</path>
         <kind>object</kind>
         <file>heap_2.obj</file>
         <name>heap_2.obj</name>
      </input_file>
      <input_file id="fl-10">
         <path>./utils/</path>
         <kind>object</kind>
         <file>uartstdio.obj</file>
         <name>uartstdio.obj</name>
      </input_file>
      <input_file id="fl-11">
         <path>./utils/</path>
         <kind>object</kind>
         <file>ustdlib.obj</file>
         <name>ustdlib.obj</name>
      </input_file>
      <input_file id="fl-16">
         <kind>object</kind>
         <file>&lt;internal&gt;</file>
         <name>&lt;internal&gt;</name>
      </input_file>
      <input_file id="fl-cc">
         <path>/home/victor_macedo/ti/ccs1210/ccs/tools/compiler/ti-cgt-arm_20.2.7.LTS/lib/</path>
         <kind>archive</kind>
         <file>rtsv7M4_T_le_v4SPD16_eabi.lib</file>
         <name>fs_toull_t2.asm.obj</name>
      </input_file>
      <input_file id="fl-cd">
         <path>/home/victor_macedo/ti/ccs1210/ccs/tools/compiler/ti-cgt-arm_20.2.7.LTS/lib/</path>
         <kind>archive</kind>
         <file>rtsv7M4_T_le_v4SPD16_eabi.lib</file>
         <name>memcpy_t2.asm.obj</name>
      </input_file>
      <input_file id="fl-ce">
         <path>/home/victor_macedo/ti/ccs1210/ccs/tools/compiler/ti-cgt-arm_20.2.7.LTS/lib/</path>
         <kind>archive</kind>
         <file>rtsv7M4_T_le_v4SPD16_eabi.lib</file>
         <name>memset_t2.asm.obj</name>
      </input_file>
      <input_file id="fl-cf">
         <path>/home/victor_macedo/ti/ccs1210/ccs/tools/compiler/ti-cgt-arm_20.2.7.LTS/lib/</path>
         <kind>archive</kind>
         <file>rtsv7M4_T_le_v4SPD16_eabi.lib</file>
         <name>u_divt2.asm.obj</name>
      </input_file>
      <input_file id="fl-d0">
         <path>/home/victor_macedo/ti/ccs1210/ccs/tools/compiler/ti-cgt-arm_20.2.7.LTS/lib/</path>
         <kind>archive</kind>
         <file>rtsv7M4_T_le_v4SPD16_eabi.lib</file>
         <name>copy_zero_init.c.obj</name>
      </input_file>
      <input_file id="fl-d1">
         <path>/home/victor_macedo/ti/ccs1210/ccs/tools/compiler/ti-cgt-arm_20.2.7.LTS/lib/</path>
         <kind>archive</kind>
         <file>rtsv7M4_T_le_v4SPD16_eabi.lib</file>
         <name>copy_decompress_none.c.obj</name>
      </input_file>
      <input_file id="fl-d2">
         <path>/home/victor_macedo/ti/ccs1210/ccs/tools/compiler/ti-cgt-arm_20.2.7.LTS/lib/</path>
         <kind>archive</kind>
         <file>rtsv7M4_T_le_v4SPD16_eabi.lib</file>
         <name>copy_decompress_lzss.c.obj</name>
      </input_file>
      <input_file id="fl-d3">
         <path>/home/victor_macedo/ti/ccs1210/ccs/tools/compiler/ti-cgt-arm_20.2.7.LTS/lib/</path>
         <kind>archive</kind>
         <file>rtsv7M4_T_le_v4SPD16_eabi.lib</file>
         <name>boot_cortex_m.c.obj</name>
      </input_file>
      <input_file id="fl-d4">
         <path>/home/victor_macedo/ti/ccs1210/ccs/tools/compiler/ti-cgt-arm_20.2.7.LTS/lib/</path>
         <kind>archive</kind>
         <file>rtsv7M4_T_le_v4SPD16_eabi.lib</file>
         <name>div0.asm.obj</name>
      </input_file>
      <input_file id="fl-d5">
         <path>/home/victor_macedo/ti/ccs1210/ccs/tools/compiler/ti-cgt-arm_20.2.7.LTS/lib/</path>
         <kind>archive</kind>
         <file>rtsv7M4_T_le_v4SPD16_eabi.lib</file>
         <name>autoinit.c.obj</name>
      </input_file>
      <input_file id="fl-d6">
         <path>/home/victor_macedo/ti/ccs1210/ccs/tools/compiler/ti-cgt-arm_20.2.7.LTS/lib/</path>
         <kind>archive</kind>
         <file>rtsv7M4_T_le_v4SPD16_eabi.lib</file>
         <name>pre_init.c.obj</name>
      </input_file>
      <input_file id="fl-d7">
         <path>/home/victor_macedo/ti/ccs1210/ccs/tools/compiler/ti-cgt-arm_20.2.7.LTS/lib/</path>
         <kind>archive</kind>
         <file>rtsv7M4_T_le_v4SPD16_eabi.lib</file>
         <name>cpy_tbl.c.obj</name>
      </input_file>
      <input_file id="fl-d8">
         <path>/home/victor_macedo/ti/ccs1210/ccs/tools/compiler/ti-cgt-arm_20.2.7.LTS/lib/</path>
         <kind>archive</kind>
         <file>rtsv7M4_T_le_v4SPD16_eabi.lib</file>
         <name>exit.c.obj</name>
      </input_file>
      <input_file id="fl-d9">
         <path>/home/victor_macedo/ti/ccs1210/ccs/tools/compiler/ti-cgt-arm_20.2.7.LTS/lib/</path>
         <kind>archive</kind>
         <file>rtsv7M4_T_le_v4SPD16_eabi.lib</file>
         <name>_lock.c.obj</name>
      </input_file>
      <input_file id="fl-da">
         <path>/home/victor_macedo/ti/ccs1210/ccs/tools/compiler/ti-cgt-arm_20.2.7.LTS/lib/</path>
         <kind>archive</kind>
         <file>rtsv7M4_T_le_v4SPD16_eabi.lib</file>
         <name>args_main.c.obj</name>
      </input_file>
      <input_file id="fl-db">
         <path>/home/victor_macedo/ti/tivaware_c_series_2_1_4_178/driverlib/ccs/Debug/</path>
         <kind>archive</kind>
         <file>driverlib.lib</file>
         <name>gpio.obj</name>
      </input_file>
      <input_file id="fl-dc">
         <path>/home/victor_macedo/ti/tivaware_c_series_2_1_4_178/driverlib/ccs/Debug/</path>
         <kind>archive</kind>
         <file>driverlib.lib</file>
         <name>i2c.obj</name>
      </input_file>
      <input_file id="fl-dd">
         <path>/home/victor_macedo/ti/tivaware_c_series_2_1_4_178/driverlib/ccs/Debug/</path>
         <kind>archive</kind>
         <file>driverlib.lib</file>
         <name>interrupt.obj</name>
      </input_file>
      <input_file id="fl-de">
         <path>/home/victor_macedo/ti/tivaware_c_series_2_1_4_178/driverlib/ccs/Debug/</path>
         <kind>archive</kind>
         <file>driverlib.lib</file>
         <name>sysctl.obj</name>
      </input_file>
      <input_file id="fl-df">
         <path>/home/victor_macedo/ti/tivaware_c_series_2_1_4_178/driverlib/ccs/Debug/</path>
         <kind>archive</kind>
         <file>driverlib.lib</file>
         <name>cpu.obj</name>
      </input_file>
   </input_file_list>
   <object_component_list>
      <object_component id="oc-12">
         <name>.intvecs</name>
         <load_address>0x0</load_address>
         <run_address>0x0</run_address>
         <size>0x26c</size>
         <input_file_ref idref="fl-6"/>
      </object_component>
      <object_component id="oc-2e2">
         <name>.text:GPIOPadConfigSet</name>
         <load_address>0x26c</load_address>
         <run_address>0x26c</run_address>
         <size>0x132</size>
         <input_file_ref idref="fl-db"/>
      </object_component>
      <object_component id="oc-33">
         <name>.text:FaultISR</name>
         <load_address>0x39e</load_address>
         <run_address>0x39e</run_address>
         <size>0x2</size>
         <input_file_ref idref="fl-6"/>
      </object_component>
      <object_component id="oc-1ec">
         <name>.text:SysCtlClockGet</name>
         <load_address>0x3a0</load_address>
         <run_address>0x3a0</run_address>
         <size>0x110</size>
         <input_file_ref idref="fl-de"/>
      </object_component>
      <object_component id="oc-9b">
         <name>.text:xTaskIncrementTick</name>
         <load_address>0x4b0</load_address>
         <run_address>0x4b0</run_address>
         <size>0x104</size>
         <input_file_ref idref="fl-c"/>
      </object_component>
      <object_component id="oc-1f8">
         <name>.text:xTaskGenericCreate</name>
         <load_address>0x5b4</load_address>
         <run_address>0x5b4</run_address>
         <size>0x100</size>
         <input_file_ref idref="fl-c"/>
      </object_component>
      <object_component id="oc-1c5">
         <name>.text:xQueueGenericSend</name>
         <load_address>0x6b4</load_address>
         <run_address>0x6b4</run_address>
         <size>0xe8</size>
         <input_file_ref idref="fl-b"/>
      </object_component>
      <object_component id="oc-27f">
         <name>.text:xTaskResumeAll</name>
         <load_address>0x79c</load_address>
         <run_address>0x79c</run_address>
         <size>0xe4</size>
         <input_file_ref idref="fl-c"/>
      </object_component>
      <object_component id="oc-33c">
         <name>.text:teclado</name>
         <load_address>0x880</load_address>
         <run_address>0x880</run_address>
         <size>0xe0</size>
         <input_file_ref idref="fl-5"/>
      </object_component>
      <object_component id="oc-3f">
         <name>.text</name>
         <load_address>0x960</load_address>
         <run_address>0x960</run_address>
         <size>0xd2</size>
         <input_file_ref idref="fl-e"/>
      </object_component>
      <object_component id="oc-39">
         <name>.text:IntDefaultHandler</name>
         <load_address>0xa32</load_address>
         <run_address>0xa32</run_address>
         <size>0x2</size>
         <input_file_ref idref="fl-6"/>
      </object_component>
      <object_component id="oc-134">
         <name>.text:KEYTaskInit</name>
         <load_address>0xa34</load_address>
         <run_address>0xa34</run_address>
         <size>0xc0</size>
         <input_file_ref idref="fl-5"/>
      </object_component>
      <object_component id="oc-1b9">
         <name>.text:pvPortMalloc</name>
         <load_address>0xaf4</load_address>
         <run_address>0xaf4</run_address>
         <size>0xac</size>
         <input_file_ref idref="fl-f"/>
      </object_component>
      <object_component id="oc-235">
         <name>.text:KEYTask</name>
         <load_address>0xba0</load_address>
         <run_address>0xba0</run_address>
         <size>0xa0</size>
         <input_file_ref idref="fl-5"/>
      </object_component>
      <object_component id="oc-58">
         <name>.text</name>
         <load_address>0xc40</load_address>
         <run_address>0xc40</run_address>
         <size>0x9c</size>
         <input_file_ref idref="fl-cd"/>
      </object_component>
      <object_component id="oc-94">
         <name>.text:vTaskSwitchContext</name>
         <load_address>0xcdc</load_address>
         <run_address>0xcdc</run_address>
         <size>0x8c</size>
         <input_file_ref idref="fl-c"/>
      </object_component>
      <object_component id="oc-12e">
         <name>.text:I2CTaskInit</name>
         <load_address>0xd68</load_address>
         <run_address>0xd68</run_address>
         <size>0x80</size>
         <input_file_ref idref="fl-2"/>
      </object_component>
      <object_component id="oc-c3">
         <name>.text</name>
         <load_address>0xde8</load_address>
         <run_address>0xde8</run_address>
         <size>0x7a</size>
         <input_file_ref idref="fl-ce"/>
      </object_component>
      <object_component id="oc-2d">
         <name>.text:NmiSR</name>
         <load_address>0xe62</load_address>
         <run_address>0xe62</run_address>
         <size>0x2</size>
         <input_file_ref idref="fl-6"/>
      </object_component>
      <object_component id="oc-3b3">
         <name>.text:xTaskPriorityDisinherit</name>
         <load_address>0xe64</load_address>
         <run_address>0xe64</run_address>
         <size>0x78</size>
         <input_file_ref idref="fl-c"/>
      </object_component>
      <object_component id="oc-2c1">
         <name>.text:xTaskRemoveFromEventList</name>
         <load_address>0xedc</load_address>
         <run_address>0xedc</run_address>
         <size>0x74</size>
         <input_file_ref idref="fl-c"/>
      </object_component>
      <object_component id="oc-2bb">
         <name>.text:prvCopyDataToQueue</name>
         <load_address>0xf50</load_address>
         <run_address>0xf50</run_address>
         <size>0x72</size>
         <input_file_ref idref="fl-b"/>
      </object_component>
      <object_component id="oc-ec">
         <name>.text:vApplicationStackOverflowHook</name>
         <load_address>0xfc2</load_address>
         <run_address>0xfc2</run_address>
         <size>0x2</size>
         <input_file_ref idref="fl-4"/>
      </object_component>
      <object_component id="oc-325">
         <name>.text:IntEnable</name>
         <load_address>0xfc4</load_address>
         <run_address>0xfc4</run_address>
         <size>0x68</size>
         <input_file_ref idref="fl-dd"/>
      </object_component>
      <object_component id="oc-15">
         <name>.text:decompress:lzss:__TI_decompress_lzss</name>
         <load_address>0x102c</load_address>
         <run_address>0x102c</run_address>
         <size>0x68</size>
         <input_file_ref idref="fl-d2"/>
      </object_component>
      <object_component id="oc-2b5">
         <name>.text:vTaskPlaceOnEventList</name>
         <load_address>0x1094</load_address>
         <run_address>0x1094</run_address>
         <size>0x64</size>
         <input_file_ref idref="fl-c"/>
      </object_component>
      <object_component id="oc-2a9">
         <name>.text:prvUnlockQueue</name>
         <load_address>0x10f8</load_address>
         <run_address>0x10f8</run_address>
         <size>0x62</size>
         <input_file_ref idref="fl-b"/>
      </object_component>
      <object_component id="oc-308">
         <name>.text:prvInitialiseTaskLists</name>
         <load_address>0x115c</load_address>
         <run_address>0x115c</run_address>
         <size>0x60</size>
         <input_file_ref idref="fl-c"/>
      </object_component>
      <object_component id="oc-13a">
         <name>.text:vTaskStartScheduler</name>
         <load_address>0x11bc</load_address>
         <run_address>0x11bc</run_address>
         <size>0x60</size>
         <input_file_ref idref="fl-c"/>
      </object_component>
      <object_component id="oc-223">
         <name>.text:Lcd_Init</name>
         <load_address>0x121c</load_address>
         <run_address>0x121c</run_address>
         <size>0x5e</size>
         <input_file_ref idref="fl-3"/>
      </object_component>
      <object_component id="oc-423">
         <name>.text:Lcd_Write_Char</name>
         <load_address>0x127c</load_address>
         <run_address>0x127c</run_address>
         <size>0x5c</size>
         <input_file_ref idref="fl-3"/>
      </object_component>
      <object_component id="oc-357">
         <name>.text:prvCheckTasksWaitingTermination</name>
         <load_address>0x12d8</load_address>
         <run_address>0x12d8</run_address>
         <size>0x58</size>
         <input_file_ref idref="fl-c"/>
      </object_component>
      <object_component id="oc-211">
         <name>.text:GPIOIntTypeSet</name>
         <load_address>0x1330</load_address>
         <run_address>0x1330</run_address>
         <size>0x56</size>
         <input_file_ref idref="fl-db"/>
      </object_component>
      <object_component id="oc-32d">
         <name>.text:Lcd_Port</name>
         <load_address>0x1386</load_address>
         <run_address>0x1386</run_address>
         <size>0x56</size>
         <input_file_ref idref="fl-3"/>
      </object_component>
      <object_component id="oc-2fc">
         <name>.text:prvInitialiseTCBVariables</name>
         <load_address>0x13dc</load_address>
         <run_address>0x13dc</run_address>
         <size>0x56</size>
         <input_file_ref idref="fl-c"/>
      </object_component>
      <object_component id="oc-2a3">
         <name>.text:xTaskCheckForTimeOut</name>
         <load_address>0x1434</load_address>
         <run_address>0x1434</run_address>
         <size>0x54</size>
         <input_file_ref idref="fl-c"/>
      </object_component>
      <object_component id="oc-1d4">
         <name>.text:SysCtlPeripheralReset</name>
         <load_address>0x1488</load_address>
         <run_address>0x1488</run_address>
         <size>0x50</size>
         <input_file_ref idref="fl-de"/>
      </object_component>
      <object_component id="oc-128">
         <name>.text:xQueueCreateMutex</name>
         <load_address>0x14d8</load_address>
         <run_address>0x14d8</run_address>
         <size>0x4e</size>
         <input_file_ref idref="fl-b"/>
      </object_component>
      <object_component id="oc-1f2">
         <name>.text:I2CMasterInitExpClk</name>
         <load_address>0x1528</load_address>
         <run_address>0x1528</run_address>
         <size>0x4c</size>
         <input_file_ref idref="fl-dc"/>
      </object_component>
      <object_component id="oc-3a9">
         <name>.text:prvAddCurrentTaskToDelayedList</name>
         <load_address>0x1574</load_address>
         <run_address>0x1574</run_address>
         <size>0x4c</size>
         <input_file_ref idref="fl-c"/>
      </object_component>
      <object_component id="oc-1da">
         <name>.text:GPIOPinConfigure</name>
         <load_address>0x15c0</load_address>
         <run_address>0x15c0</run_address>
         <size>0x48</size>
         <input_file_ref idref="fl-db"/>
      </object_component>
      <object_component id="oc-319">
         <name>.text:_GPIOIntNumberGet</name>
         <load_address>0x1608</load_address>
         <run_address>0x1608</run_address>
         <size>0x44</size>
         <input_file_ref idref="fl-db"/>
      </object_component>
      <object_component id="oc-150">
         <name>.text:__TI_auto_init_nobinit_nopinit:__TI_auto_init_nobinit_nopinit</name>
         <load_address>0x164c</load_address>
         <run_address>0x164c</run_address>
         <size>0x44</size>
         <input_file_ref idref="fl-d5"/>
      </object_component>
      <object_component id="oc-3cd">
         <name>.text:vPortFree</name>
         <load_address>0x1690</load_address>
         <run_address>0x1690</run_address>
         <size>0x44</size>
         <input_file_ref idref="fl-f"/>
      </object_component>
      <object_component id="oc-334">
         <name>.text:Lcd_Cmd</name>
         <load_address>0x16d4</load_address>
         <run_address>0x16d4</run_address>
         <size>0x40</size>
         <input_file_ref idref="fl-3"/>
      </object_component>
      <object_component id="oc-23c">
         <name>.text:xPortStartScheduler</name>
         <load_address>0x1714</load_address>
         <run_address>0x1714</run_address>
         <size>0x40</size>
         <input_file_ref idref="fl-d"/>
      </object_component>
      <object_component id="oc-cf">
         <name>.text:main</name>
         <load_address>0x1754</load_address>
         <run_address>0x1754</run_address>
         <size>0x3c</size>
         <input_file_ref idref="fl-4"/>
      </object_component>
      <object_component id="oc-2f6">
         <name>.text:prvAllocateTCBAndStack</name>
         <load_address>0x1790</load_address>
         <run_address>0x1790</run_address>
         <size>0x3a</size>
         <input_file_ref idref="fl-c"/>
      </object_component>
      <object_component id="oc-3a3">
         <name>.text:vListInsert</name>
         <load_address>0x17ca</load_address>
         <run_address>0x17ca</run_address>
         <size>0x38</size>
         <input_file_ref idref="fl-a"/>
      </object_component>
      <object_component id="oc-31f">
         <name>.text:IntRegister</name>
         <load_address>0x1804</load_address>
         <run_address>0x1804</run_address>
         <size>0x34</size>
         <input_file_ref idref="fl-dd"/>
      </object_component>
      <object_component id="oc-1ce">
         <name>.text:SysCtlPeripheralEnable</name>
         <load_address>0x1838</load_address>
         <run_address>0x1838</run_address>
         <size>0x34</size>
         <input_file_ref idref="fl-de"/>
      </object_component>
      <object_component id="oc-76">
         <name>.text:_c_int00_noargs:_c_int00_noargs</name>
         <load_address>0x186c</load_address>
         <run_address>0x186c</run_address>
         <size>0x34</size>
         <input_file_ref idref="fl-d3"/>
      </object_component>
      <object_component id="oc-30f">
         <name>.text:I2CSend</name>
         <load_address>0x18a0</load_address>
         <run_address>0x18a0</run_address>
         <size>0x30</size>
         <input_file_ref idref="fl-2"/>
      </object_component>
      <object_component id="oc-279">
         <name>.text:prvHeapInit</name>
         <load_address>0x18d0</load_address>
         <run_address>0x18d0</run_address>
         <size>0x30</size>
         <input_file_ref idref="fl-f"/>
      </object_component>
      <object_component id="oc-44">
         <name>.text:xPortSysTickHandler</name>
         <load_address>0x1900</load_address>
         <run_address>0x1900</run_address>
         <size>0x2c</size>
         <input_file_ref idref="fl-d"/>
      </object_component>
      <object_component id="oc-2dc">
         <name>.text:GPIODirModeSet</name>
         <load_address>0x192c</load_address>
         <run_address>0x192c</run_address>
         <size>0x2a</size>
         <input_file_ref idref="fl-db"/>
      </object_component>
      <object_component id="oc-f6">
         <name>.text:prvResetNextTaskUnblockTime</name>
         <load_address>0x1958</load_address>
         <run_address>0x1958</run_address>
         <size>0x28</size>
         <input_file_ref idref="fl-c"/>
      </object_component>
      <object_component id="oc-302">
         <name>.text:pxPortInitialiseStack</name>
         <load_address>0x1980</load_address>
         <run_address>0x1980</run_address>
         <size>0x28</size>
         <input_file_ref idref="fl-d"/>
      </object_component>
      <object_component id="oc-fc">
         <name>.text:uxListRemove</name>
         <load_address>0x19a8</load_address>
         <run_address>0x19a8</run_address>
         <size>0x20</size>
         <input_file_ref idref="fl-a"/>
      </object_component>
      <object_component id="oc-2af">
         <name>.text:prvIsQueueFull</name>
         <load_address>0x19c8</load_address>
         <run_address>0x19c8</run_address>
         <size>0x1c</size>
         <input_file_ref idref="fl-b"/>
      </object_component>
      <object_component id="oc-29d">
         <name>.text:vPortEnterCritical</name>
         <load_address>0x19e4</load_address>
         <run_address>0x19e4</run_address>
         <size>0x1c</size>
         <input_file_ref idref="fl-d"/>
      </object_component>
      <object_component id="oc-217">
         <name>.text:GPIOIntRegister</name>
         <load_address>0x1a00</load_address>
         <run_address>0x1a00</run_address>
         <size>0x18</size>
         <input_file_ref idref="fl-db"/>
      </object_component>
      <object_component id="oc-20b">
         <name>.text:GPIOPinTypeGPIOOutput</name>
         <load_address>0x1a18</load_address>
         <run_address>0x1a18</run_address>
         <size>0x18</size>
         <input_file_ref idref="fl-db"/>
      </object_component>
      <object_component id="oc-102">
         <name>.text:vListInsertEnd</name>
         <load_address>0x1a30</load_address>
         <run_address>0x1a30</run_address>
         <size>0x18</size>
         <input_file_ref idref="fl-a"/>
      </object_component>
      <object_component id="oc-297">
         <name>.text:vPortExitCritical</name>
         <load_address>0x1a48</load_address>
         <run_address>0x1a48</run_address>
         <size>0x18</size>
         <input_file_ref idref="fl-d"/>
      </object_component>
      <object_component id="oc-291">
         <name>.text:vTaskSetTimeOutState</name>
         <load_address>0x1a60</load_address>
         <run_address>0x1a60</run_address>
         <size>0x18</size>
         <input_file_ref idref="fl-c"/>
      </object_component>
      <object_component id="oc-1bf">
         <name>.text:vListInitialise</name>
         <load_address>0x1a78</load_address>
         <run_address>0x1a78</run_address>
         <size>0x16</size>
         <input_file_ref idref="fl-a"/>
      </object_component>
      <object_component id="oc-34d">
         <name>.text:vPortSetupTimerInterrupt</name>
         <load_address>0x1a90</load_address>
         <run_address>0x1a90</run_address>
         <size>0x14</size>
         <input_file_ref idref="fl-d"/>
      </object_component>
      <object_component id="oc-205">
         <name>.text:GPIOPinTypeGPIOInput</name>
         <load_address>0x1aa4</load_address>
         <run_address>0x1aa4</run_address>
         <size>0x12</size>
         <input_file_ref idref="fl-db"/>
      </object_component>
      <object_component id="oc-1e6">
         <name>.text:GPIOPinTypeI2C</name>
         <load_address>0x1ab6</load_address>
         <run_address>0x1ab6</run_address>
         <size>0x12</size>
         <input_file_ref idref="fl-db"/>
      </object_component>
      <object_component id="oc-1e0">
         <name>.text:GPIOPinTypeI2CSCL</name>
         <load_address>0x1ac8</load_address>
         <run_address>0x1ac8</run_address>
         <size>0x12</size>
         <input_file_ref idref="fl-db"/>
      </object_component>
      <object_component id="oc-43a">
         <name>.text:prvDeleteTCB</name>
         <load_address>0x1ada</load_address>
         <run_address>0x1ada</run_address>
         <size>0x12</size>
         <input_file_ref idref="fl-c"/>
      </object_component>
      <object_component id="oc-229">
         <name>.text:Lcd_Clear</name>
         <load_address>0x1aec</load_address>
         <run_address>0x1aec</run_address>
         <size>0x10</size>
         <input_file_ref idref="fl-3"/>
      </object_component>
      <object_component id="oc-3db">
         <name>.text:prvTaskExitError</name>
         <load_address>0x1afc</load_address>
         <run_address>0x1afc</run_address>
         <size>0x10</size>
         <input_file_ref idref="fl-d"/>
      </object_component>
      <object_component id="oc-273">
         <name>.text:vTaskSuspendAll</name>
         <load_address>0x1b0c</load_address>
         <run_address>0x1b0c</run_address>
         <size>0x10</size>
         <input_file_ref idref="fl-c"/>
      </object_component>
      <object_component id="oc-417">
         <name>.text:GPIOIntStatus</name>
         <load_address>0x1b1c</load_address>
         <run_address>0x1b1c</run_address>
         <size>0xe</size>
         <input_file_ref idref="fl-db"/>
      </object_component>
      <object_component id="oc-1b">
         <name>.text:decompress:none:__TI_decompress_none</name>
         <load_address>0x1b2a</load_address>
         <run_address>0x1b2a</run_address>
         <size>0xe</size>
         <input_file_ref idref="fl-d1"/>
      </object_component>
      <object_component id="oc-21d">
         <name>.text:GPIOIntEnable</name>
         <load_address>0x1b38</load_address>
         <run_address>0x1b38</run_address>
         <size>0xc</size>
         <input_file_ref idref="fl-db"/>
      </object_component>
      <object_component id="oc-6a">
         <name>.text:decompress:ZI:__TI_zero_init</name>
         <load_address>0x1b44</load_address>
         <run_address>0x1b44</run_address>
         <size>0xc</size>
         <input_file_ref idref="fl-d0"/>
      </object_component>
      <object_component id="oc-39b">
         <name>.text:vTaskMissedYield</name>
         <load_address>0x1b50</load_address>
         <run_address>0x1b50</run_address>
         <size>0xc</size>
         <input_file_ref idref="fl-c"/>
      </object_component>
      <object_component id="oc-2ee">
         <name>.text:I2CMasterEnable</name>
         <load_address>0x1b5c</load_address>
         <run_address>0x1b5c</run_address>
         <size>0xa</size>
         <input_file_ref idref="fl-dc"/>
      </object_component>
      <object_component id="oc-3fe">
         <name>.text:I2CMasterBusy</name>
         <load_address>0x1b66</load_address>
         <run_address>0x1b66</run_address>
         <size>0x8</size>
         <input_file_ref idref="fl-dc"/>
      </object_component>
      <object_component id="oc-3ec">
         <name>.text:I2CMasterSlaveAddrSet</name>
         <load_address>0x1b6e</load_address>
         <run_address>0x1b6e</run_address>
         <size>0x8</size>
         <input_file_ref idref="fl-dc"/>
      </object_component>
      <object_component id="oc-1fe">
         <name>.text:I2CTask</name>
         <load_address>0x1b76</load_address>
         <run_address>0x1b76</run_address>
         <size>0x8</size>
         <input_file_ref idref="fl-2"/>
      </object_component>
      <object_component id="oc-242">
         <name>.text:prvIdleTask</name>
         <load_address>0x1b7e</load_address>
         <run_address>0x1b7e</run_address>
         <size>0x8</size>
         <input_file_ref idref="fl-c"/>
      </object_component>
      <object_component id="oc-41d">
         <name>.text:GPIOIntClear</name>
         <load_address>0x1b86</load_address>
         <run_address>0x1b86</run_address>
         <size>0x6</size>
         <input_file_ref idref="fl-db"/>
      </object_component>
      <object_component id="oc-343">
         <name>.text:GPIOPinWrite</name>
         <load_address>0x1b8c</load_address>
         <run_address>0x1b8c</run_address>
         <size>0x6</size>
         <input_file_ref idref="fl-db"/>
      </object_component>
      <object_component id="oc-27">
         <name>.text:ResetISR</name>
         <load_address>0x1b92</load_address>
         <run_address>0x1b92</run_address>
         <size>0x6</size>
         <input_file_ref idref="fl-6"/>
      </object_component>
      <object_component id="oc-333">
         <name>.text:SysCtlDelay</name>
         <load_address>0x1b98</load_address>
         <run_address>0x1b98</run_address>
         <size>0x6</size>
         <input_file_ref idref="fl-de"/>
      </object_component>
      <object_component id="oc-3d4">
         <name>.text:vListInitialiseItem</name>
         <load_address>0x1b9e</load_address>
         <run_address>0x1b9e</run_address>
         <size>0x6</size>
         <input_file_ref idref="fl-a"/>
      </object_component>
      <object_component id="oc-3f8">
         <name>.text:I2CMasterControl</name>
         <load_address>0x1ba4</load_address>
         <run_address>0x1ba4</run_address>
         <size>0x4</size>
         <input_file_ref idref="fl-dc"/>
      </object_component>
      <object_component id="oc-3f2">
         <name>.text:I2CMasterDataPut</name>
         <load_address>0x1ba8</load_address>
         <run_address>0x1ba8</run_address>
         <size>0x4</size>
         <input_file_ref idref="fl-dc"/>
      </object_component>
      <object_component id="oc-22f">
         <name>.text:IntGPIOc</name>
         <load_address>0x1bac</load_address>
         <run_address>0x1bac</run_address>
         <size>0x4</size>
         <input_file_ref idref="fl-5"/>
      </object_component>
      <object_component id="oc-c9">
         <name>.text:_system_pre_init</name>
         <load_address>0x1bb0</load_address>
         <run_address>0x1bb0</run_address>
         <size>0x4</size>
         <input_file_ref idref="fl-d6"/>
      </object_component>
      <object_component id="oc-144">
         <name>.text:abort:abort</name>
         <load_address>0x1bb4</load_address>
         <run_address>0x1bb4</run_address>
         <size>0x4</size>
         <input_file_ref idref="fl-d8"/>
      </object_component>
      <object_component id="oc-408">
         <name>.const:g_ppui32GPIOIntMapSnowflake</name>
         <load_address>0x1bb8</load_address>
         <run_address>0x1bb8</run_address>
         <size>0xd8</size>
         <input_file_ref idref="fl-db"/>
      </object_component>
      <object_component id="oc-405">
         <name>.const:g_ppui32GPIOIntMapBlizzard</name>
         <load_address>0x1c90</load_address>
         <run_address>0x1c90</run_address>
         <size>0xc0</size>
         <input_file_ref idref="fl-db"/>
      </object_component>
      <object_component id="oc-2d7">
         <name>.const:g_pui32GPIOBaseAddrs</name>
         <load_address>0x1d50</load_address>
         <run_address>0x1d50</run_address>
         <size>0x90</size>
         <input_file_ref idref="fl-db"/>
      </object_component>
      <object_component id="oc-411">
         <name>.const</name>
         <load_address>0x1de0</load_address>
         <run_address>0x1de0</run_address>
         <size>0x70</size>
         <input_file_ref idref="fl-dd"/>
      </object_component>
      <object_component id="oc-2ea">
         <name>.const:g_pui32Xtals</name>
         <load_address>0x1e50</load_address>
         <run_address>0x1e50</run_address>
         <size>0x6c</size>
         <input_file_ref idref="fl-de"/>
      </object_component>
      <object_component id="oc-91">
         <name>.const</name>
         <load_address>0x1ebc</load_address>
         <run_address>0x1ebc</run_address>
         <size>0x4</size>
         <input_file_ref idref="fl-d"/>
      </object_component>
      <object_component id="oc-4a5">
         <name>.cinit..data.load</name>
         <load_address>0x1ec0</load_address>
         <run_address>0x1ec0</run_address>
         <size>0x21</size>
      </object_component>
      <object_component id="oc-4a2">
         <name>__TI_handler_table</name>
         <load_address>0x1ee4</load_address>
         <run_address>0x1ee4</run_address>
         <size>0xc</size>
      </object_component>
      <object_component id="oc-4a6">
         <name>.cinit..bss.load</name>
         <load_address>0x1ef0</load_address>
         <run_address>0x1ef0</run_address>
         <size>0x8</size>
      </object_component>
      <object_component id="oc-4a4">
         <name>.cinit..vtable.load</name>
         <load_address>0x1ef8</load_address>
         <run_address>0x1ef8</run_address>
         <size>0x8</size>
      </object_component>
      <object_component id="oc-4a3">
         <name>__TI_cinit_table</name>
         <load_address>0x1f00</load_address>
         <run_address>0x1f00</run_address>
         <size>0x18</size>
      </object_component>
      <object_component id="oc-40c">
         <name>.vtable</name>
         <uninitialized>true</uninitialized>
         <run_address>0x20000000</run_address>
         <size>0x26c</size>
         <input_file_ref idref="fl-dd"/>
      </object_component>
      <object_component id="oc-42b">
         <name>.data:symbol</name>
         <load_address>0x20007ba0</load_address>
         <run_address>0x20007ba0</run_address>
         <size>0x10</size>
         <input_file_ref idref="fl-5"/>
      </object_component>
      <object_component id="oc-42f">
         <name>.data</name>
         <load_address>0x20007bb8</load_address>
         <run_address>0x20007bb8</run_address>
         <size>0x4</size>
         <input_file_ref idref="fl-5"/>
      </object_component>
      <object_component id="oc-8e">
         <name>.data</name>
         <load_address>0x20007b70</load_address>
         <run_address>0x20007b70</run_address>
         <size>0x30</size>
         <input_file_ref idref="fl-c"/>
      </object_component>
      <object_component id="oc-353">
         <name>.data</name>
         <load_address>0x20007bbc</load_address>
         <run_address>0x20007bbc</run_address>
         <size>0x4</size>
         <input_file_ref idref="fl-d"/>
      </object_component>
      <object_component id="oc-285">
         <name>.data</name>
         <load_address>0x20007bb0</load_address>
         <run_address>0x20007bb0</run_address>
         <size>0x8</size>
         <input_file_ref idref="fl-f"/>
      </object_component>
      <object_component id="oc-f2">
         <name>.bss:pxReadyTasksLists</name>
         <uninitialized>true</uninitialized>
         <run_address>0x2000779c</run_address>
         <size>0x140</size>
         <input_file_ref idref="fl-c"/>
      </object_component>
      <object_component id="oc-3e2">
         <name>.bss:xDelayedTaskList1</name>
         <uninitialized>true</uninitialized>
         <run_address>0x200078dc</run_address>
         <size>0x14</size>
         <input_file_ref idref="fl-c"/>
      </object_component>
      <object_component id="oc-3e5">
         <name>.bss:xDelayedTaskList2</name>
         <uninitialized>true</uninitialized>
         <run_address>0x200078f0</run_address>
         <size>0x14</size>
         <input_file_ref idref="fl-c"/>
      </object_component>
      <object_component id="oc-108">
         <name>.bss</name>
         <uninitialized>true</uninitialized>
         <run_address>0x20007940</run_address>
         <size>0x8</size>
         <input_file_ref idref="fl-c"/>
      </object_component>
      <object_component id="oc-386">
         <name>.bss:xPendingReadyList</name>
         <uninitialized>true</uninitialized>
         <run_address>0x20007904</run_address>
         <size>0x14</size>
         <input_file_ref idref="fl-c"/>
      </object_component>
      <object_component id="oc-3e8">
         <name>.bss:xTasksWaitingTermination</name>
         <uninitialized>true</uninitialized>
         <run_address>0x2000792c</run_address>
         <size>0x14</size>
         <input_file_ref idref="fl-c"/>
      </object_component>
      <object_component id="oc-3af">
         <name>.bss:xSuspendedTaskList</name>
         <uninitialized>true</uninitialized>
         <run_address>0x20007918</run_address>
         <size>0x14</size>
         <input_file_ref idref="fl-c"/>
      </object_component>
      <object_component id="oc-382">
         <name>.bss:ucHeap</name>
         <uninitialized>true</uninitialized>
         <run_address>0x2000026c</run_address>
         <size>0x7530</size>
         <input_file_ref idref="fl-f"/>
      </object_component>
      <object_component id="oc-288">
         <name>.bss:xStart</name>
         <uninitialized>true</uninitialized>
         <run_address>0x20007950</run_address>
         <size>0x8</size>
         <input_file_ref idref="fl-f"/>
      </object_component>
      <object_component id="oc-28b">
         <name>.bss:xEnd</name>
         <uninitialized>true</uninitialized>
         <run_address>0x20007948</run_address>
         <size>0x8</size>
         <input_file_ref idref="fl-f"/>
      </object_component>
      <object_component id="oc-140">
         <name>.common:g_pUARTSemaphore</name>
         <uninitialized>true</uninitialized>
         <run_address>0x20007960</run_address>
         <size>0x4</size>
      </object_component>
      <object_component id="oc-42e">
         <name>.common:tecla</name>
         <uninitialized>true</uninitialized>
         <run_address>0x2000796c</run_address>
         <size>0x1</size>
      </object_component>
      <object_component id="oc-429">
         <name>.common:col</name>
         <uninitialized>true</uninitialized>
         <run_address>0x20007958</run_address>
         <size>0x4</size>
      </object_component>
      <object_component id="oc-349">
         <name>.common:row</name>
         <uninitialized>true</uninitialized>
         <run_address>0x20007968</run_address>
         <size>0x4</size>
      </object_component>
      <object_component id="oc-42a">
         <name>.common:flag_config</name>
         <uninitialized>true</uninitialized>
         <run_address>0x2000795c</run_address>
         <size>0x4</size>
      </object_component>
      <object_component id="oc-432">
         <name>.common:i_start</name>
         <uninitialized>true</uninitialized>
         <run_address>0x20007964</run_address>
         <size>0x4</size>
      </object_component>
      <object_component id="oc-24">
         <name>.stack</name>
         <uninitialized>true</uninitialized>
         <run_address>0x20007970</run_address>
         <size>0x4</size>
         <input_file_ref idref="fl-d3"/>
      </object_component>
      <object_component id="oc-4a8">
         <name>.stack</name>
         <uninitialized>true</uninitialized>
         <run_address>0x20007970</run_address>
         <size>0x0</size>
      </object_component>
      <object_component id="oc-116">
         <name>.debug_info</name>
         <load_address>0x0</load_address>
         <run_address>0x0</run_address>
         <size>0x5e6</size>
         <input_file_ref idref="fl-2"/>
      </object_component>
      <object_component id="oc-12f">
         <name>.debug_info</name>
         <load_address>0x5e6</load_address>
         <run_address>0x5e6</run_address>
         <size>0x210</size>
         <input_file_ref idref="fl-2"/>
      </object_component>
      <object_component id="oc-310">
         <name>.debug_info</name>
         <load_address>0x7f6</load_address>
         <run_address>0x7f6</run_address>
         <size>0x1b1</size>
         <input_file_ref idref="fl-2"/>
      </object_component>
      <object_component id="oc-1ff">
         <name>.debug_info</name>
         <load_address>0x9a7</load_address>
         <run_address>0x9a7</run_address>
         <size>0x113</size>
         <input_file_ref idref="fl-2"/>
      </object_component>
      <object_component id="oc-193">
         <name>.debug_info</name>
         <load_address>0xaba</load_address>
         <run_address>0xaba</run_address>
         <size>0x2ef</size>
         <input_file_ref idref="fl-2"/>
      </object_component>
      <object_component id="oc-a4">
         <name>.debug_info</name>
         <load_address>0xda9</load_address>
         <run_address>0xda9</run_address>
         <size>0x26b</size>
         <input_file_ref idref="fl-2"/>
      </object_component>
      <object_component id="oc-111">
         <name>.debug_info</name>
         <load_address>0x1014</load_address>
         <run_address>0x1014</run_address>
         <size>0x8b</size>
         <input_file_ref idref="fl-2"/>
      </object_component>
      <object_component id="oc-1b4">
         <name>.debug_info</name>
         <load_address>0x109f</load_address>
         <run_address>0x109f</run_address>
         <size>0x46</size>
         <input_file_ref idref="fl-2"/>
      </object_component>
      <object_component id="oc-24b">
         <name>.debug_info</name>
         <load_address>0x10e5</load_address>
         <run_address>0x10e5</run_address>
         <size>0x2c</size>
         <input_file_ref idref="fl-2"/>
      </object_component>
      <object_component id="oc-189">
         <name>.debug_info</name>
         <load_address>0x1111</load_address>
         <run_address>0x1111</run_address>
         <size>0x2c</size>
         <input_file_ref idref="fl-2"/>
      </object_component>
      <object_component id="oc-10c">
         <name>.debug_info</name>
         <load_address>0x113d</load_address>
         <run_address>0x113d</run_address>
         <size>0x2a4</size>
         <input_file_ref idref="fl-2"/>
      </object_component>
      <object_component id="oc-a9">
         <name>.debug_info</name>
         <load_address>0x13e1</load_address>
         <run_address>0x13e1</run_address>
         <size>0xbb</size>
         <input_file_ref idref="fl-2"/>
      </object_component>
      <object_component id="oc-e4">
         <name>.debug_info</name>
         <load_address>0x149c</load_address>
         <run_address>0x149c</run_address>
         <size>0x53</size>
         <input_file_ref idref="fl-2"/>
      </object_component>
      <object_component id="oc-1a2">
         <name>.debug_info</name>
         <load_address>0x14ef</load_address>
         <run_address>0x14ef</run_address>
         <size>0x14c</size>
         <input_file_ref idref="fl-2"/>
      </object_component>
      <object_component id="oc-270">
         <name>.debug_info</name>
         <load_address>0x163b</load_address>
         <run_address>0x163b</run_address>
         <size>0x2fc</size>
         <input_file_ref idref="fl-3"/>
      </object_component>
      <object_component id="oc-32e">
         <name>.debug_info</name>
         <load_address>0x1937</load_address>
         <run_address>0x1937</run_address>
         <size>0x160</size>
         <input_file_ref idref="fl-3"/>
      </object_component>
      <object_component id="oc-424">
         <name>.debug_info</name>
         <load_address>0x1a97</load_address>
         <run_address>0x1a97</run_address>
         <size>0x1c1</size>
         <input_file_ref idref="fl-3"/>
      </object_component>
      <object_component id="oc-335">
         <name>.debug_info</name>
         <load_address>0x1c58</load_address>
         <run_address>0x1c58</run_address>
         <size>0x17e</size>
         <input_file_ref idref="fl-3"/>
      </object_component>
      <object_component id="oc-224">
         <name>.debug_info</name>
         <load_address>0x1dd6</load_address>
         <run_address>0x1dd6</run_address>
         <size>0x1cf</size>
         <input_file_ref idref="fl-3"/>
      </object_component>
      <object_component id="oc-22a">
         <name>.debug_info</name>
         <load_address>0x1fa5</load_address>
         <run_address>0x1fa5</run_address>
         <size>0x11c</size>
         <input_file_ref idref="fl-3"/>
      </object_component>
      <object_component id="oc-184">
         <name>.debug_info</name>
         <load_address>0x20c1</load_address>
         <run_address>0x20c1</run_address>
         <size>0x110</size>
         <input_file_ref idref="fl-3"/>
      </object_component>
      <object_component id="oc-53">
         <name>.debug_info</name>
         <load_address>0x21d1</load_address>
         <run_address>0x21d1</run_address>
         <size>0x84</size>
         <input_file_ref idref="fl-3"/>
      </object_component>
      <object_component id="oc-141">
         <name>.debug_info</name>
         <load_address>0x2255</load_address>
         <run_address>0x2255</run_address>
         <size>0x3ea</size>
         <input_file_ref idref="fl-4"/>
      </object_component>
      <object_component id="oc-ed">
         <name>.debug_info</name>
         <load_address>0x263f</load_address>
         <run_address>0x263f</run_address>
         <size>0x172</size>
         <input_file_ref idref="fl-4"/>
      </object_component>
      <object_component id="oc-d0">
         <name>.debug_info</name>
         <load_address>0x27b1</load_address>
         <run_address>0x27b1</run_address>
         <size>0x16f</size>
         <input_file_ref idref="fl-4"/>
      </object_component>
      <object_component id="oc-34a">
         <name>.debug_info</name>
         <load_address>0x2920</load_address>
         <run_address>0x2920</run_address>
         <size>0x6cf</size>
         <input_file_ref idref="fl-5"/>
      </object_component>
      <object_component id="oc-42c">
         <name>.debug_info</name>
         <load_address>0x2fef</load_address>
         <run_address>0x2fef</run_address>
         <size>0xd5</size>
         <input_file_ref idref="fl-5"/>
      </object_component>
      <object_component id="oc-430">
         <name>.debug_info</name>
         <load_address>0x30c4</load_address>
         <run_address>0x30c4</run_address>
         <size>0xd7</size>
         <input_file_ref idref="fl-5"/>
      </object_component>
      <object_component id="oc-135">
         <name>.debug_info</name>
         <load_address>0x319b</load_address>
         <run_address>0x319b</run_address>
         <size>0x2a5</size>
         <input_file_ref idref="fl-5"/>
      </object_component>
      <object_component id="oc-236">
         <name>.debug_info</name>
         <load_address>0x3440</load_address>
         <run_address>0x3440</run_address>
         <size>0x1de</size>
         <input_file_ref idref="fl-5"/>
      </object_component>
      <object_component id="oc-33d">
         <name>.debug_info</name>
         <load_address>0x361e</load_address>
         <run_address>0x361e</run_address>
         <size>0x155</size>
         <input_file_ref idref="fl-5"/>
      </object_component>
      <object_component id="oc-230">
         <name>.debug_info</name>
         <load_address>0x3773</load_address>
         <run_address>0x3773</run_address>
         <size>0x10f</size>
         <input_file_ref idref="fl-5"/>
      </object_component>
      <object_component id="oc-4c">
         <name>.debug_info</name>
         <load_address>0x3882</load_address>
         <run_address>0x3882</run_address>
         <size>0x327</size>
         <input_file_ref idref="fl-6"/>
      </object_component>
      <object_component id="oc-13">
         <name>.debug_info</name>
         <load_address>0x3ba9</load_address>
         <run_address>0x3ba9</run_address>
         <size>0xe6</size>
         <input_file_ref idref="fl-6"/>
      </object_component>
      <object_component id="oc-28">
         <name>.debug_info</name>
         <load_address>0x3c8f</load_address>
         <run_address>0x3c8f</run_address>
         <size>0x116</size>
         <input_file_ref idref="fl-6"/>
      </object_component>
      <object_component id="oc-2e">
         <name>.debug_info</name>
         <load_address>0x3da5</load_address>
         <run_address>0x3da5</run_address>
         <size>0x107</size>
         <input_file_ref idref="fl-6"/>
      </object_component>
      <object_component id="oc-3a">
         <name>.debug_info</name>
         <load_address>0x3eac</load_address>
         <run_address>0x3eac</run_address>
         <size>0x11f</size>
         <input_file_ref idref="fl-6"/>
      </object_component>
      <object_component id="oc-34">
         <name>.debug_info</name>
         <load_address>0x3fcb</load_address>
         <run_address>0x3fcb</run_address>
         <size>0x10d</size>
         <input_file_ref idref="fl-6"/>
      </object_component>
      <object_component id="oc-1ae">
         <name>.debug_info</name>
         <load_address>0x40d8</load_address>
         <run_address>0x40d8</run_address>
         <size>0x315</size>
         <input_file_ref idref="fl-a"/>
      </object_component>
      <object_component id="oc-103">
         <name>.debug_info</name>
         <load_address>0x43ed</load_address>
         <run_address>0x43ed</run_address>
         <size>0x278</size>
         <input_file_ref idref="fl-a"/>
      </object_component>
      <object_component id="oc-3a4">
         <name>.debug_info</name>
         <load_address>0x4665</load_address>
         <run_address>0x4665</run_address>
         <size>0x2a3</size>
         <input_file_ref idref="fl-a"/>
      </object_component>
      <object_component id="oc-3d5">
         <name>.debug_info</name>
         <load_address>0x4908</load_address>
         <run_address>0x4908</run_address>
         <size>0x225</size>
         <input_file_ref idref="fl-a"/>
      </object_component>
      <object_component id="oc-1c0">
         <name>.debug_info</name>
         <load_address>0x4b2d</load_address>
         <run_address>0x4b2d</run_address>
         <size>0x21d</size>
         <input_file_ref idref="fl-a"/>
      </object_component>
      <object_component id="oc-fd">
         <name>.debug_info</name>
         <load_address>0x4d4a</load_address>
         <run_address>0x4d4a</run_address>
         <size>0x250</size>
         <input_file_ref idref="fl-a"/>
      </object_component>
      <object_component id="oc-1cc">
         <name>.debug_info</name>
         <load_address>0x4f9a</load_address>
         <run_address>0x4f9a</run_address>
         <size>0x7ac</size>
         <input_file_ref idref="fl-b"/>
      </object_component>
      <object_component id="oc-2aa">
         <name>.debug_info</name>
         <load_address>0x5746</load_address>
         <run_address>0x5746</run_address>
         <size>0x2f2</size>
         <input_file_ref idref="fl-b"/>
      </object_component>
      <object_component id="oc-2b0">
         <name>.debug_info</name>
         <load_address>0x5a38</load_address>
         <run_address>0x5a38</run_address>
         <size>0x270</size>
         <input_file_ref idref="fl-b"/>
      </object_component>
      <object_component id="oc-2bc">
         <name>.debug_info</name>
         <load_address>0x5ca8</load_address>
         <run_address>0x5ca8</run_address>
         <size>0x2d8</size>
         <input_file_ref idref="fl-b"/>
      </object_component>
      <object_component id="oc-1c6">
         <name>.debug_info</name>
         <load_address>0x5f80</load_address>
         <run_address>0x5f80</run_address>
         <size>0x50b</size>
         <input_file_ref idref="fl-b"/>
      </object_component>
      <object_component id="oc-129">
         <name>.debug_info</name>
         <load_address>0x648b</load_address>
         <run_address>0x648b</run_address>
         <size>0x2b3</size>
         <input_file_ref idref="fl-b"/>
      </object_component>
      <object_component id="oc-2ca">
         <name>.debug_info</name>
         <load_address>0x673e</load_address>
         <run_address>0x673e</run_address>
         <size>0x1cd</size>
         <input_file_ref idref="fl-b"/>
      </object_component>
      <object_component id="oc-19d">
         <name>.debug_info</name>
         <load_address>0x690b</load_address>
         <run_address>0x690b</run_address>
         <size>0x35</size>
         <input_file_ref idref="fl-b"/>
      </object_component>
      <object_component id="oc-e3">
         <name>.debug_info</name>
         <load_address>0x6940</load_address>
         <run_address>0x6940</run_address>
         <size>0x793</size>
         <input_file_ref idref="fl-c"/>
      </object_component>
      <object_component id="oc-8f">
         <name>.debug_info</name>
         <load_address>0x70d3</load_address>
         <run_address>0x70d3</run_address>
         <size>0x339</size>
         <input_file_ref idref="fl-c"/>
      </object_component>
      <object_component id="oc-f3">
         <name>.debug_info</name>
         <load_address>0x740c</load_address>
         <run_address>0x740c</run_address>
         <size>0x135</size>
         <input_file_ref idref="fl-c"/>
      </object_component>
      <object_component id="oc-3e3">
         <name>.debug_info</name>
         <load_address>0x7541</load_address>
         <run_address>0x7541</run_address>
         <size>0x135</size>
         <input_file_ref idref="fl-c"/>
      </object_component>
      <object_component id="oc-3e6">
         <name>.debug_info</name>
         <load_address>0x7676</load_address>
         <run_address>0x7676</run_address>
         <size>0x135</size>
         <input_file_ref idref="fl-c"/>
      </object_component>
      <object_component id="oc-109">
         <name>.debug_info</name>
         <load_address>0x77ab</load_address>
         <run_address>0x77ab</run_address>
         <size>0x177</size>
         <input_file_ref idref="fl-c"/>
      </object_component>
      <object_component id="oc-387">
         <name>.debug_info</name>
         <load_address>0x7922</load_address>
         <run_address>0x7922</run_address>
         <size>0x135</size>
         <input_file_ref idref="fl-c"/>
      </object_component>
      <object_component id="oc-3e9">
         <name>.debug_info</name>
         <load_address>0x7a57</load_address>
         <run_address>0x7a57</run_address>
         <size>0x143</size>
         <input_file_ref idref="fl-c"/>
      </object_component>
      <object_component id="oc-3b0">
         <name>.debug_info</name>
         <load_address>0x7b9a</load_address>
         <run_address>0x7b9a</run_address>
         <size>0x137</size>
         <input_file_ref idref="fl-c"/>
      </object_component>
      <object_component id="oc-f7">
         <name>.debug_info</name>
         <load_address>0x7cd1</load_address>
         <run_address>0x7cd1</run_address>
         <size>0x223</size>
         <input_file_ref idref="fl-c"/>
      </object_component>
      <object_component id="oc-9c">
         <name>.debug_info</name>
         <load_address>0x7ef4</load_address>
         <run_address>0x7ef4</run_address>
         <size>0x2f3</size>
         <input_file_ref idref="fl-c"/>
      </object_component>
      <object_component id="oc-280">
         <name>.debug_info</name>
         <load_address>0x81e7</load_address>
         <run_address>0x81e7</run_address>
         <size>0x2bb</size>
         <input_file_ref idref="fl-c"/>
      </object_component>
      <object_component id="oc-2c2">
         <name>.debug_info</name>
         <load_address>0x84a2</load_address>
         <run_address>0x84a2</run_address>
         <size>0x2c4</size>
         <input_file_ref idref="fl-c"/>
      </object_component>
      <object_component id="oc-3b4">
         <name>.debug_info</name>
         <load_address>0x8766</load_address>
         <run_address>0x8766</run_address>
         <size>0x2a5</size>
         <input_file_ref idref="fl-c"/>
      </object_component>
      <object_component id="oc-3aa">
         <name>.debug_info</name>
         <load_address>0x8a0b</load_address>
         <run_address>0x8a0b</run_address>
         <size>0x27e</size>
         <input_file_ref idref="fl-c"/>
      </object_component>
      <object_component id="oc-2f7">
         <name>.debug_info</name>
         <load_address>0x8c89</load_address>
         <run_address>0x8c89</run_address>
         <size>0x309</size>
         <input_file_ref idref="fl-c"/>
      </object_component>
      <object_component id="oc-2fd">
         <name>.debug_info</name>
         <load_address>0x8f92</load_address>
         <run_address>0x8f92</run_address>
         <size>0x305</size>
         <input_file_ref idref="fl-c"/>
      </object_component>
      <object_component id="oc-309">
         <name>.debug_info</name>
         <load_address>0x9297</load_address>
         <run_address>0x9297</run_address>
         <size>0x28a</size>
         <input_file_ref idref="fl-c"/>
      </object_component>
      <object_component id="oc-1f9">
         <name>.debug_info</name>
         <load_address>0x9521</load_address>
         <run_address>0x9521</run_address>
         <size>0x4c0</size>
         <input_file_ref idref="fl-c"/>
      </object_component>
      <object_component id="oc-292">
         <name>.debug_info</name>
         <load_address>0x99e1</load_address>
         <run_address>0x99e1</run_address>
         <size>0x239</size>
         <input_file_ref idref="fl-c"/>
      </object_component>
      <object_component id="oc-2a4">
         <name>.debug_info</name>
         <load_address>0x9c1a</load_address>
         <run_address>0x9c1a</run_address>
         <size>0x30d</size>
         <input_file_ref idref="fl-c"/>
      </object_component>
      <object_component id="oc-95">
         <name>.debug_info</name>
         <load_address>0x9f27</load_address>
         <run_address>0x9f27</run_address>
         <size>0x284</size>
         <input_file_ref idref="fl-c"/>
      </object_component>
      <object_component id="oc-274">
         <name>.debug_info</name>
         <load_address>0xa1ab</load_address>
         <run_address>0xa1ab</run_address>
         <size>0x1f9</size>
         <input_file_ref idref="fl-c"/>
      </object_component>
      <object_component id="oc-13b">
         <name>.debug_info</name>
         <load_address>0xa3a4</load_address>
         <run_address>0xa3a4</run_address>
         <size>0x234</size>
         <input_file_ref idref="fl-c"/>
      </object_component>
      <object_component id="oc-2b6">
         <name>.debug_info</name>
         <load_address>0xa5d8</load_address>
         <run_address>0xa5d8</run_address>
         <size>0x2ea</size>
         <input_file_ref idref="fl-c"/>
      </object_component>
      <object_component id="oc-39c">
         <name>.debug_info</name>
         <load_address>0xa8c2</load_address>
         <run_address>0xa8c2</run_address>
         <size>0x1fb</size>
         <input_file_ref idref="fl-c"/>
      </object_component>
      <object_component id="oc-43b">
         <name>.debug_info</name>
         <load_address>0xaabd</load_address>
         <run_address>0xaabd</run_address>
         <size>0x238</size>
         <input_file_ref idref="fl-c"/>
      </object_component>
      <object_component id="oc-358">
         <name>.debug_info</name>
         <load_address>0xacf5</load_address>
         <run_address>0xacf5</run_address>
         <size>0x2ce</size>
         <input_file_ref idref="fl-c"/>
      </object_component>
      <object_component id="oc-243">
         <name>.debug_info</name>
         <load_address>0xafc3</load_address>
         <run_address>0xafc3</run_address>
         <size>0x231</size>
         <input_file_ref idref="fl-c"/>
      </object_component>
      <object_component id="oc-18e">
         <name>.debug_info</name>
         <load_address>0xb1f4</load_address>
         <run_address>0xb1f4</run_address>
         <size>0x169</size>
         <input_file_ref idref="fl-c"/>
      </object_component>
      <object_component id="oc-198">
         <name>.debug_info</name>
         <load_address>0xb35d</load_address>
         <run_address>0xb35d</run_address>
         <size>0x46</size>
         <input_file_ref idref="fl-c"/>
      </object_component>
      <object_component id="oc-eb">
         <name>.debug_info</name>
         <load_address>0xb3a3</load_address>
         <run_address>0xb3a3</run_address>
         <size>0x3f5</size>
         <input_file_ref idref="fl-d"/>
      </object_component>
      <object_component id="oc-92">
         <name>.debug_info</name>
         <load_address>0xb798</load_address>
         <run_address>0xb798</run_address>
         <size>0x163</size>
         <input_file_ref idref="fl-d"/>
      </object_component>
      <object_component id="oc-354">
         <name>.debug_info</name>
         <load_address>0xb8fb</load_address>
         <run_address>0xb8fb</run_address>
         <size>0x14a</size>
         <input_file_ref idref="fl-d"/>
      </object_component>
      <object_component id="oc-45">
         <name>.debug_info</name>
         <load_address>0xba45</load_address>
         <run_address>0xba45</run_address>
         <size>0x259</size>
         <input_file_ref idref="fl-d"/>
      </object_component>
      <object_component id="oc-34e">
         <name>.debug_info</name>
         <load_address>0xbc9e</load_address>
         <run_address>0xbc9e</run_address>
         <size>0x24a</size>
         <input_file_ref idref="fl-d"/>
      </object_component>
      <object_component id="oc-23d">
         <name>.debug_info</name>
         <load_address>0xbee8</load_address>
         <run_address>0xbee8</run_address>
         <size>0x292</size>
         <input_file_ref idref="fl-d"/>
      </object_component>
      <object_component id="oc-298">
         <name>.debug_info</name>
         <load_address>0xc17a</load_address>
         <run_address>0xc17a</run_address>
         <size>0x23c</size>
         <input_file_ref idref="fl-d"/>
      </object_component>
      <object_component id="oc-29e">
         <name>.debug_info</name>
         <load_address>0xc3b6</load_address>
         <run_address>0xc3b6</run_address>
         <size>0x23e</size>
         <input_file_ref idref="fl-d"/>
      </object_component>
      <object_component id="oc-303">
         <name>.debug_info</name>
         <load_address>0xc5f4</load_address>
         <run_address>0xc5f4</run_address>
         <size>0x2f3</size>
         <input_file_ref idref="fl-d"/>
      </object_component>
      <object_component id="oc-3dc">
         <name>.debug_info</name>
         <load_address>0xc8e7</load_address>
         <run_address>0xc8e7</run_address>
         <size>0x22c</size>
         <input_file_ref idref="fl-d"/>
      </object_component>
      <object_component id="oc-40">
         <name>.debug_info</name>
         <load_address>0xcb13</load_address>
         <run_address>0xcb13</run_address>
         <size>0x298</size>
         <input_file_ref idref="fl-e"/>
      </object_component>
      <object_component id="oc-28f">
         <name>.debug_info</name>
         <load_address>0xcdab</load_address>
         <run_address>0xcdab</run_address>
         <size>0x3be</size>
         <input_file_ref idref="fl-f"/>
      </object_component>
      <object_component id="oc-383">
         <name>.debug_info</name>
         <load_address>0xd169</load_address>
         <run_address>0xd169</run_address>
         <size>0x131</size>
         <input_file_ref idref="fl-f"/>
      </object_component>
      <object_component id="oc-289">
         <name>.debug_info</name>
         <load_address>0xd29a</load_address>
         <run_address>0xd29a</run_address>
         <size>0x131</size>
         <input_file_ref idref="fl-f"/>
      </object_component>
      <object_component id="oc-28c">
         <name>.debug_info</name>
         <load_address>0xd3cb</load_address>
         <run_address>0xd3cb</run_address>
         <size>0x12d</size>
         <input_file_ref idref="fl-f"/>
      </object_component>
      <object_component id="oc-286">
         <name>.debug_info</name>
         <load_address>0xd4f8</load_address>
         <run_address>0xd4f8</run_address>
         <size>0x14b</size>
         <input_file_ref idref="fl-f"/>
      </object_component>
      <object_component id="oc-3ce">
         <name>.debug_info</name>
         <load_address>0xd643</load_address>
         <run_address>0xd643</run_address>
         <size>0x2b5</size>
         <input_file_ref idref="fl-f"/>
      </object_component>
      <object_component id="oc-27a">
         <name>.debug_info</name>
         <load_address>0xd8f8</load_address>
         <run_address>0xd8f8</run_address>
         <size>0x226</size>
         <input_file_ref idref="fl-f"/>
      </object_component>
      <object_component id="oc-1ba">
         <name>.debug_info</name>
         <load_address>0xdb1e</load_address>
         <run_address>0xdb1e</run_address>
         <size>0x398</size>
         <input_file_ref idref="fl-f"/>
      </object_component>
      <object_component id="oc-38e">
         <name>.debug_info</name>
         <load_address>0xdeb6</load_address>
         <run_address>0xdeb6</run_address>
         <size>0x62</size>
         <input_file_ref idref="fl-f"/>
      </object_component>
      <object_component id="oc-59">
         <name>.debug_info</name>
         <load_address>0xdf18</load_address>
         <run_address>0xdf18</run_address>
         <size>0x119</size>
         <input_file_ref idref="fl-cd"/>
      </object_component>
      <object_component id="oc-c4">
         <name>.debug_info</name>
         <load_address>0xe031</load_address>
         <run_address>0xe031</run_address>
         <size>0x147</size>
         <input_file_ref idref="fl-ce"/>
      </object_component>
      <object_component id="oc-c2">
         <name>.debug_info</name>
         <load_address>0xe178</load_address>
         <run_address>0xe178</run_address>
         <size>0x2d4</size>
         <input_file_ref idref="fl-d0"/>
      </object_component>
      <object_component id="oc-6b">
         <name>.debug_info</name>
         <load_address>0xe44c</load_address>
         <run_address>0xe44c</run_address>
         <size>0x1b5</size>
         <input_file_ref idref="fl-d0"/>
      </object_component>
      <object_component id="oc-bd">
         <name>.debug_info</name>
         <load_address>0xe601</load_address>
         <run_address>0xe601</run_address>
         <size>0x46</size>
         <input_file_ref idref="fl-d0"/>
      </object_component>
      <object_component id="oc-11f">
         <name>.debug_info</name>
         <load_address>0xe647</load_address>
         <run_address>0xe647</run_address>
         <size>0x2c</size>
         <input_file_ref idref="fl-d0"/>
      </object_component>
      <object_component id="oc-63">
         <name>.debug_info</name>
         <load_address>0xe673</load_address>
         <run_address>0xe673</run_address>
         <size>0x2a8</size>
         <input_file_ref idref="fl-d1"/>
      </object_component>
      <object_component id="oc-1c">
         <name>.debug_info</name>
         <load_address>0xe91b</load_address>
         <run_address>0xe91b</run_address>
         <size>0x1ea</size>
         <input_file_ref idref="fl-d1"/>
      </object_component>
      <object_component id="oc-5e">
         <name>.debug_info</name>
         <load_address>0xeb05</load_address>
         <run_address>0xeb05</run_address>
         <size>0x46</size>
         <input_file_ref idref="fl-d1"/>
      </object_component>
      <object_component id="oc-b5">
         <name>.debug_info</name>
         <load_address>0xeb4b</load_address>
         <run_address>0xeb4b</run_address>
         <size>0x2c</size>
         <input_file_ref idref="fl-d1"/>
      </object_component>
      <object_component id="oc-b3">
         <name>.debug_info</name>
         <load_address>0xeb77</load_address>
         <run_address>0xeb77</run_address>
         <size>0x29e</size>
         <input_file_ref idref="fl-d2"/>
      </object_component>
      <object_component id="oc-16">
         <name>.debug_info</name>
         <load_address>0xee15</load_address>
         <run_address>0xee15</run_address>
         <size>0x250</size>
         <input_file_ref idref="fl-d2"/>
      </object_component>
      <object_component id="oc-4e">
         <name>.debug_info</name>
         <load_address>0xf065</load_address>
         <run_address>0xf065</run_address>
         <size>0x60</size>
         <input_file_ref idref="fl-d2"/>
      </object_component>
      <object_component id="oc-118">
         <name>.debug_info</name>
         <load_address>0xf0c5</load_address>
         <run_address>0xf0c5</run_address>
         <size>0x46</size>
         <input_file_ref idref="fl-d2"/>
      </object_component>
      <object_component id="oc-ae">
         <name>.debug_info</name>
         <load_address>0xf10b</load_address>
         <run_address>0xf10b</run_address>
         <size>0x39</size>
         <input_file_ref idref="fl-d2"/>
      </object_component>
      <object_component id="oc-25">
         <name>.debug_info</name>
         <load_address>0xf144</load_address>
         <run_address>0xf144</run_address>
         <size>0x10b</size>
         <input_file_ref idref="fl-d3"/>
      </object_component>
      <object_component id="oc-77">
         <name>.debug_info</name>
         <load_address>0xf24f</load_address>
         <run_address>0xf24f</run_address>
         <size>0x1a9</size>
         <input_file_ref idref="fl-d3"/>
      </object_component>
      <object_component id="oc-25b">
         <name>.debug_info</name>
         <load_address>0xf3f8</load_address>
         <run_address>0xf3f8</run_address>
         <size>0x4b3</size>
         <input_file_ref idref="fl-d5"/>
      </object_component>
      <object_component id="oc-151">
         <name>.debug_info</name>
         <load_address>0xf8ab</load_address>
         <run_address>0xf8ab</run_address>
         <size>0x1a6</size>
         <input_file_ref idref="fl-d5"/>
      </object_component>
      <object_component id="oc-36e">
         <name>.debug_info</name>
         <load_address>0xfa51</load_address>
         <run_address>0xfa51</run_address>
         <size>0x39</size>
         <input_file_ref idref="fl-d5"/>
      </object_component>
      <object_component id="oc-444">
         <name>.debug_info</name>
         <load_address>0xfa8a</load_address>
         <run_address>0xfa8a</run_address>
         <size>0x39</size>
         <input_file_ref idref="fl-d5"/>
      </object_component>
      <object_component id="oc-373">
         <name>.debug_info</name>
         <load_address>0xfac3</load_address>
         <run_address>0xfac3</run_address>
         <size>0x39</size>
         <input_file_ref idref="fl-d5"/>
      </object_component>
      <object_component id="oc-378">
         <name>.debug_info</name>
         <load_address>0xfafc</load_address>
         <run_address>0xfafc</run_address>
         <size>0xcd</size>
         <input_file_ref idref="fl-d5"/>
      </object_component>
      <object_component id="oc-ca">
         <name>.debug_info</name>
         <load_address>0xfbc9</load_address>
         <run_address>0xfbc9</run_address>
         <size>0x153</size>
         <input_file_ref idref="fl-d6"/>
      </object_component>
      <object_component id="oc-145">
         <name>.debug_info</name>
         <load_address>0xfd1c</load_address>
         <run_address>0xfd1c</run_address>
         <size>0x122</size>
         <input_file_ref idref="fl-d8"/>
      </object_component>
      <object_component id="oc-2db">
         <name>.debug_info</name>
         <load_address>0xfe3e</load_address>
         <run_address>0xfe3e</run_address>
         <size>0x240</size>
         <input_file_ref idref="fl-db"/>
      </object_component>
      <object_component id="oc-406">
         <name>.debug_info</name>
         <load_address>0x1007e</load_address>
         <run_address>0x1007e</run_address>
         <size>0x167</size>
         <input_file_ref idref="fl-db"/>
      </object_component>
      <object_component id="oc-409">
         <name>.debug_info</name>
         <load_address>0x101e5</load_address>
         <run_address>0x101e5</run_address>
         <size>0x169</size>
         <input_file_ref idref="fl-db"/>
      </object_component>
      <object_component id="oc-2d8">
         <name>.debug_info</name>
         <load_address>0x1034e</load_address>
         <run_address>0x1034e</run_address>
         <size>0x15b</size>
         <input_file_ref idref="fl-db"/>
      </object_component>
      <object_component id="oc-344">
         <name>.debug_info</name>
         <load_address>0x104a9</load_address>
         <run_address>0x104a9</run_address>
         <size>0x2a3</size>
         <input_file_ref idref="fl-db"/>
      </object_component>
      <object_component id="oc-2dd">
         <name>.debug_info</name>
         <load_address>0x1074c</load_address>
         <run_address>0x1074c</run_address>
         <size>0x2b3</size>
         <input_file_ref idref="fl-db"/>
      </object_component>
      <object_component id="oc-2e3">
         <name>.debug_info</name>
         <load_address>0x109ff</load_address>
         <run_address>0x109ff</run_address>
         <size>0x316</size>
         <input_file_ref idref="fl-db"/>
      </object_component>
      <object_component id="oc-1e1">
         <name>.debug_info</name>
         <load_address>0x10d15</load_address>
         <run_address>0x10d15</run_address>
         <size>0x27f</size>
         <input_file_ref idref="fl-db"/>
      </object_component>
      <object_component id="oc-1e7">
         <name>.debug_info</name>
         <load_address>0x10f94</load_address>
         <run_address>0x10f94</run_address>
         <size>0x279</size>
         <input_file_ref idref="fl-db"/>
      </object_component>
      <object_component id="oc-20c">
         <name>.debug_info</name>
         <load_address>0x1120d</load_address>
         <run_address>0x1120d</run_address>
         <size>0x2b7</size>
         <input_file_ref idref="fl-db"/>
      </object_component>
      <object_component id="oc-206">
         <name>.debug_info</name>
         <load_address>0x114c4</load_address>
         <run_address>0x114c4</run_address>
         <size>0x285</size>
         <input_file_ref idref="fl-db"/>
      </object_component>
      <object_component id="oc-1db">
         <name>.debug_info</name>
         <load_address>0x11749</load_address>
         <run_address>0x11749</run_address>
         <size>0x280</size>
         <input_file_ref idref="fl-db"/>
      </object_component>
      <object_component id="oc-31a">
         <name>.debug_info</name>
         <load_address>0x119c9</load_address>
         <run_address>0x119c9</run_address>
         <size>0x298</size>
         <input_file_ref idref="fl-db"/>
      </object_component>
      <object_component id="oc-212">
         <name>.debug_info</name>
         <load_address>0x11c61</load_address>
         <run_address>0x11c61</run_address>
         <size>0x2bb</size>
         <input_file_ref idref="fl-db"/>
      </object_component>
      <object_component id="oc-418">
         <name>.debug_info</name>
         <load_address>0x11f1c</load_address>
         <run_address>0x11f1c</run_address>
         <size>0x27f</size>
         <input_file_ref idref="fl-db"/>
      </object_component>
      <object_component id="oc-218">
         <name>.debug_info</name>
         <load_address>0x1219b</load_address>
         <run_address>0x1219b</run_address>
         <size>0x2cf</size>
         <input_file_ref idref="fl-db"/>
      </object_component>
      <object_component id="oc-21e">
         <name>.debug_info</name>
         <load_address>0x1246a</load_address>
         <run_address>0x1246a</run_address>
         <size>0x28f</size>
         <input_file_ref idref="fl-db"/>
      </object_component>
      <object_component id="oc-41e">
         <name>.debug_info</name>
         <load_address>0x126f9</load_address>
         <run_address>0x126f9</run_address>
         <size>0x28d</size>
         <input_file_ref idref="fl-db"/>
      </object_component>
      <object_component id="oc-2d0">
         <name>.debug_info</name>
         <load_address>0x12986</load_address>
         <run_address>0x12986</run_address>
         <size>0x18b</size>
         <input_file_ref idref="fl-db"/>
      </object_component>
      <object_component id="oc-2f5">
         <name>.debug_info</name>
         <load_address>0x12b11</load_address>
         <run_address>0x12b11</run_address>
         <size>0x231</size>
         <input_file_ref idref="fl-dc"/>
      </object_component>
      <object_component id="oc-3ef">
         <name>.debug_info</name>
         <load_address>0x12d42</load_address>
[...]
            </allocated_space>
            <allocated_space>
               <start_address>0x2000026c</start_address>
               <size>0x7701</size>
               <logical_group_ref idref="lg-b"/>
            </allocated_space>
            <available_space>
               <start_address>0x2000796d</start_address>
               <size>0x3</size>
            </available_space>
            <allocated_space>
               <start_address>0x20007970</start_address>
               <size>0x200</size>
               <logical_group_ref idref="lg-d"/>
            </allocated_space>
            <allocated_space>
               <start_address>0x20007b70</start_address>
               <size>0x50</size>
               <logical_group_ref idref="lg-a"/>
            </allocated_space>
            <available_space>
               <start_address>0x20007bc0</start_address>
               <size>0x440</size>
            </available_space>
         </usage_details>
      </memory_area>
   </placement_map>
   <cptbl_list>
      <cptbl>
         <name>__TI_cinit_table</name>
         <cprec>
            <name>.data</name>
            <load_address>0x1ec0</load_address>
            <load_size>0x21</load_size>
            <run_address>0x20007b70</run_address>
            <run_size>0x50</run_size>
            <compression>lzss</compression>
         </cprec>
         <cprec>
            <name>.bss</name>
            <load_address>0x1ef0</load_address>
            <load_size>0x8</load_size>
            <run_address>0x2000026c</run_address>
            <run_size>0x7701</run_size>
            <compression>zero_init</compression>
         </cprec>
         <cprec>
            <name>.vtable</name>
            <load_address>0x1ef8</load_address>
            <load_size>0x8</load_size>
            <run_address>0x20000000</run_address>
            <run_size>0x26c</run_size>
            <compression>zero_init</compression>
         </cprec>
      </cptbl>
   </cptbl_list>
   <handler_table>
      <handler_table_name>__TI_handler_table</handler_table_name>
      <handler>
         <index>0x0</index>
         <name>__TI_zero_init</name>
      </handler>
      <handler>
         <index>0x1</index>
         <name>__TI_decompress_lzss</name>
      </handler>
      <handler>
         <index>0x2</index>
         <name>__TI_decompress_none</name>
      </handler>
   </handler_table>
   <symbol_table>
      <symbol id="sm-1">
         <name>__STACK_TOP</name>
         <value>0x20007b70</value>
      </symbol>
      <symbol id="sm-2">
         <name>__start___llvm_prf_cnts</name>
         <value>0x20000000</value>
      </symbol>
      <symbol id="sm-3">
         <name>__stop___llvm_prf_cnts</name>
         <value>0x20000000</value>
      </symbol>
      <symbol id="sm-4">
         <name>__TI_CINIT_Base</name>
         <value>0x1f00</value>
      </symbol>
      <symbol id="sm-5">
         <name>__TI_CINIT_Limit</name>
         <value>0x1f18</value>
      </symbol>
      <symbol id="sm-6">
         <name>__TI_Handler_Table_Base</name>
         <value>0x1ee4</value>
      </symbol>
      <symbol id="sm-7">
         <name>__TI_Handler_Table_Limit</name>
         <value>0x1ef0</value>
      </symbol>
      <symbol id="sm-8">
         <name>binit</name>
         <value>0xffffffff</value>
      </symbol>
      <symbol id="sm-9">
         <name>__binit__</name>
         <value>0xffffffff</value>
      </symbol>
      <symbol id="sm-a">
         <name>__STACK_SIZE</name>
         <value>0x200</value>
      </symbol>
      <symbol id="sm-b">
         <name>__STACK_END</name>
         <value>0x20007b70</value>
      </symbol>
      <symbol id="sm-c">
         <name>__c_args__</name>
         <value>0xffffffff</value>
      </symbol>
      <symbol id="sm-d">
         <name>__TI_pprof_out_hndl</name>
         <value>0xffffffff</value>
      </symbol>
      <symbol id="sm-e">
         <name>__TI_prof_data_start</name>
         <value>0xffffffff</value>
      </symbol>
      <symbol id="sm-f">
         <name>__TI_prof_data_size</name>
         <value>0xffffffff</value>
      </symbol>
      <symbol id="sm-82">
         <name>I2CTaskInit</name>
         <value>0xd69</value>
         <object_component_ref idref="oc-12e"/>
      </symbol>
      <symbol id="sm-bd">
         <name>Lcd_Write_Char</name>
         <value>0x127d</value>
         <object_component_ref idref="oc-423"/>
      </symbol>
      <symbol id="sm-be">
         <name>Lcd_Port</name>
         <value>0x1387</value>
         <object_component_ref idref="oc-32d"/>
      </symbol>
      <symbol id="sm-bf">
         <name>Lcd_Clear</name>
         <value>0x1aed</value>
         <object_component_ref idref="oc-229"/>
      </symbol>
      <symbol id="sm-c0">
         <name>Lcd_Init</name>
         <value>0x121d</value>
         <object_component_ref idref="oc-223"/>
      </symbol>
      <symbol id="sm-c1">
         <name>Lcd_Cmd</name>
         <value>0x16d5</value>
         <object_component_ref idref="oc-334"/>
      </symbol>
      <symbol id="sm-df">
         <name>g_pUARTSemaphore</name>
         <value>0x20007960</value>
      </symbol>
      <symbol id="sm-e0">
         <name>vApplicationStackOverflowHook</name>
         <value>0xfc3</value>
         <object_component_ref idref="oc-ec"/>
      </symbol>
      <symbol id="sm-e1">
         <name>main</name>
         <value>0x1755</value>
         <object_component_ref idref="oc-cf"/>
      </symbol>
      <symbol id="sm-140">
         <name>tecla</name>
         <value>0x2000796c</value>
      </symbol>
      <symbol id="sm-141">
         <name>col</name>
         <value>0x20007958</value>
      </symbol>
      <symbol id="sm-142">
         <name>row</name>
         <value>0x20007968</value>
      </symbol>
      <symbol id="sm-143">
         <name>flag_config</name>
         <value>0x2000795c</value>
      </symbol>
      <symbol id="sm-144">
         <name>i_start</name>
         <value>0x20007964</value>
      </symbol>
      <symbol id="sm-145">
         <name>symbol</name>
         <value>0x20007ba0</value>
         <object_component_ref idref="oc-42b"/>
      </symbol>
      <symbol id="sm-146">
         <name>i_count</name>
         <value>0x20007bb8</value>
         <object_component_ref idref="oc-42f"/>
      </symbol>
      <symbol id="sm-147">
         <name>KEYTaskInit</name>
         <value>0xa35</value>
         <object_component_ref idref="oc-134"/>
      </symbol>
      <symbol id="sm-178">
         <name>ResetISR</name>
         <value>0x1b93</value>
         <object_component_ref idref="oc-27"/>
      </symbol>
      <symbol id="sm-179">
         <name>g_pfnVectors</name>
         <value>0x0</value>
         <object_component_ref idref="oc-12"/>
      </symbol>
      <symbol id="sm-1ac">
         <name>uxListRemove</name>
         <value>0x19a9</value>
         <object_component_ref idref="oc-fc"/>
      </symbol>
      <symbol id="sm-1ad">
         <name>vListInsert</name>
         <value>0x17cb</value>
         <object_component_ref idref="oc-3a3"/>
      </symbol>
      <symbol id="sm-1ae">
         <name>vListInitialiseItem</name>
         <value>0x1b9f</value>
         <object_component_ref idref="oc-3d4"/>
      </symbol>
      <symbol id="sm-1af">
         <name>vListInsertEnd</name>
         <value>0x1a31</value>
         <object_component_ref idref="oc-102"/>
      </symbol>
      <symbol id="sm-1b0">
         <name>vListInitialise</name>
         <value>0x1a79</value>
         <object_component_ref idref="oc-1bf"/>
      </symbol>
      <symbol id="sm-205">
         <name>xQueueCreateMutex</name>
         <value>0x14d9</value>
         <object_component_ref idref="oc-128"/>
      </symbol>
      <symbol id="sm-206">
         <name>xQueueGenericSend</name>
         <value>0x6b5</value>
         <object_component_ref idref="oc-1c5"/>
      </symbol>
      <symbol id="sm-392">
         <name>vTaskSuspendAll</name>
         <value>0x1b0d</value>
         <object_component_ref idref="oc-273"/>
      </symbol>
      <symbol id="sm-393">
         <name>vTaskPlaceOnEventList</name>
         <value>0x1095</value>
         <object_component_ref idref="oc-2b5"/>
      </symbol>
      <symbol id="sm-394">
         <name>xTaskCheckForTimeOut</name>
         <value>0x1435</value>
         <object_component_ref idref="oc-2a3"/>
      </symbol>
      <symbol id="sm-395">
         <name>xTaskPriorityDisinherit</name>
         <value>0xe65</value>
         <object_component_ref idref="oc-3b3"/>
      </symbol>
      <symbol id="sm-396">
         <name>vTaskStartScheduler</name>
         <value>0x11bd</value>
         <object_component_ref idref="oc-13a"/>
      </symbol>
      <symbol id="sm-397">
         <name>vTaskMissedYield</name>
         <value>0x1b51</value>
         <object_component_ref idref="oc-39b"/>
      </symbol>
      <symbol id="sm-398">
         <name>xTaskResumeAll</name>
         <value>0x79d</value>
         <object_component_ref idref="oc-27f"/>
      </symbol>
      <symbol id="sm-399">
         <name>xTaskGenericCreate</name>
         <value>0x5b5</value>
         <object_component_ref idref="oc-1f8"/>
      </symbol>
      <symbol id="sm-39a">
         <name>pxCurrentTCB</name>
         <value>0x20007b70</value>
         <object_component_ref idref="oc-8e"/>
      </symbol>
      <symbol id="sm-39b">
         <name>vTaskSetTimeOutState</name>
         <value>0x1a61</value>
         <object_component_ref idref="oc-291"/>
      </symbol>
      <symbol id="sm-39c">
         <name>xTaskIncrementTick</name>
         <value>0x4b1</value>
         <object_component_ref idref="oc-9b"/>
      </symbol>
      <symbol id="sm-39d">
         <name>vTaskSwitchContext</name>
         <value>0xcdd</value>
         <object_component_ref idref="oc-94"/>
      </symbol>
      <symbol id="sm-39e">
         <name>xTaskRemoveFromEventList</name>
         <value>0xedd</value>
         <object_component_ref idref="oc-2c1"/>
      </symbol>
      <symbol id="sm-3f8">
         <name>ulMaxSyscallInterruptPriority</name>
         <value>0x1ebc</value>
         <object_component_ref idref="oc-91"/>
      </symbol>
      <symbol id="sm-3f9">
         <name>vPortSetupTimerInterrupt</name>
         <value>0x1a91</value>
         <object_component_ref idref="oc-34d"/>
      </symbol>
      <symbol id="sm-3fa">
         <name>xPortSysTickHandler</name>
         <value>0x1901</value>
         <object_component_ref idref="oc-44"/>
      </symbol>
      <symbol id="sm-3fb">
         <name>pxPortInitialiseStack</name>
         <value>0x1981</value>
         <object_component_ref idref="oc-302"/>
      </symbol>
      <symbol id="sm-3fc">
         <name>vPortExitCritical</name>
         <value>0x1a49</value>
         <object_component_ref idref="oc-297"/>
      </symbol>
      <symbol id="sm-3fd">
         <name>xPortStartScheduler</name>
         <value>0x1715</value>
         <object_component_ref idref="oc-23c"/>
      </symbol>
      <symbol id="sm-3fe">
         <name>vPortEnterCritical</name>
         <value>0x19e5</value>
         <object_component_ref idref="oc-29d"/>
      </symbol>
      <symbol id="sm-40d">
         <name>vPortStartFirstTask</name>
         <value>0xa09</value>
         <object_component_ref idref="oc-3f"/>
      </symbol>
      <symbol id="sm-40e">
         <name>ulPortGetIPSR</name>
         <value>0x971</value>
         <object_component_ref idref="oc-3f"/>
      </symbol>
      <symbol id="sm-40f">
         <name>vPortEnableVFP</name>
         <value>0xa25</value>
         <object_component_ref idref="oc-3f"/>
      </symbol>
      <symbol id="sm-410">
         <name>xPortPendSVHandler</name>
         <value>0x989</value>
         <object_component_ref idref="oc-3f"/>
      </symbol>
      <symbol id="sm-411">
         <name>vPortSVCHandler</name>
         <value>0x9e9</value>
         <object_component_ref idref="oc-3f"/>
      </symbol>
      <symbol id="sm-466">
         <name>pvPortMalloc</name>
         <value>0xaf5</value>
         <object_component_ref idref="oc-1b9"/>
      </symbol>
      <symbol id="sm-467">
         <name>vPortFree</name>
         <value>0x1691</value>
         <object_component_ref idref="oc-3cd"/>
      </symbol>
      <symbol id="sm-485">
         <name>memcpy</name>
         <value>0xc41</value>
         <object_component_ref idref="oc-58"/>
      </symbol>
      <symbol id="sm-486">
         <name>__aeabi_memcpy</name>
         <value>0xc41</value>
         <object_component_ref idref="oc-58"/>
      </symbol>
      <symbol id="sm-487">
         <name>__aeabi_memcpy8</name>
         <value>0xc41</value>
         <object_component_ref idref="oc-58"/>
      </symbol>
      <symbol id="sm-488">
         <name>__aeabi_memcpy4</name>
         <value>0xc41</value>
         <object_component_ref idref="oc-58"/>
      </symbol>
      <symbol id="sm-497">
         <name>__aeabi_memset</name>
         <value>0xdeb</value>
         <object_component_ref idref="oc-c3"/>
      </symbol>
      <symbol id="sm-498">
         <name>memset</name>
         <value>0xdf1</value>
         <object_component_ref idref="oc-c3"/>
      </symbol>
      <symbol id="sm-499">
         <name>__aeabi_memset8</name>
         <value>0xdeb</value>
         <object_component_ref idref="oc-c3"/>
      </symbol>
      <symbol id="sm-49a">
         <name>__aeabi_memset4</name>
         <value>0xdeb</value>
         <object_component_ref idref="oc-c3"/>
      </symbol>
      <symbol id="sm-49b">
         <name>__aeabi_memclr8</name>
         <value>0xde9</value>
         <object_component_ref idref="oc-c3"/>
      </symbol>
      <symbol id="sm-49c">
         <name>__aeabi_memclr4</name>
         <value>0xde9</value>
         <object_component_ref idref="oc-c3"/>
      </symbol>
      <symbol id="sm-49d">
         <name>__aeabi_memclr</name>
         <value>0xde9</value>
         <object_component_ref idref="oc-c3"/>
      </symbol>
      <symbol id="sm-4b5">
         <name>__TI_zero_init</name>
         <value>0x1b45</value>
         <object_component_ref idref="oc-6a"/>
      </symbol>
      <symbol id="sm-4cc">
         <name>__TI_decompress_none</name>
         <value>0x1b2b</value>
         <object_component_ref idref="oc-1b"/>
      </symbol>
      <symbol id="sm-4ef">
         <name>__TI_decompress_lzss</name>
         <value>0x102d</value>
         <object_component_ref idref="oc-15"/>
      </symbol>
      <symbol id="sm-502">
         <name>__stack</name>
         <value>0x20007970</value>
         <object_component_ref idref="oc-24"/>
      </symbol>
      <symbol id="sm-503">
         <name>_c_int00_noargs</name>
         <value>0x186d</value>
         <object_component_ref idref="oc-76"/>
      </symbol>
      <symbol id="sm-52c">
         <name>__TI_auto_init_nobinit_nopinit</name>
         <value>0x164d</value>
         <object_component_ref idref="oc-150"/>
      </symbol>
      <symbol id="sm-536">
         <name>_system_pre_init</name>
         <value>0x1bb1</value>
         <object_component_ref idref="oc-c9"/>
      </symbol>
      <symbol id="sm-542">
         <name>C$$EXIT</name>
         <value>0x1bb5</value>
         <object_component_ref idref="oc-144"/>
      </symbol>
      <symbol id="sm-543">
         <name>abort</name>
         <value>0x1bb5</value>
         <object_component_ref idref="oc-144"/>
      </symbol>
      <symbol id="sm-5e3">
         <name>GPIOIntRegister</name>
         <value>0x1a01</value>
         <object_component_ref idref="oc-217"/>
      </symbol>
      <symbol id="sm-5e4">
         <name>GPIOPinConfigure</name>
         <value>0x15c1</value>
         <object_component_ref idref="oc-1da"/>
      </symbol>
      <symbol id="sm-5e5">
         <name>GPIOPinTypeI2CSCL</name>
         <value>0x1ac9</value>
         <object_component_ref idref="oc-1e0"/>
      </symbol>
      <symbol id="sm-5e6">
         <name>GPIOIntEnable</name>
         <value>0x1b39</value>
         <object_component_ref idref="oc-21d"/>
      </symbol>
      <symbol id="sm-5e7">
         <name>GPIOPinTypeI2C</name>
         <value>0x1ab7</value>
         <object_component_ref idref="oc-1e6"/>
      </symbol>
      <symbol id="sm-5e8">
         <name>GPIOIntTypeSet</name>
         <value>0x1331</value>
         <object_component_ref idref="oc-211"/>
      </symbol>
      <symbol id="sm-5e9">
         <name>GPIOPinTypeGPIOInput</name>
         <value>0x1aa5</value>
         <object_component_ref idref="oc-205"/>
      </symbol>
      <symbol id="sm-5ea">
         <name>GPIOIntClear</name>
         <value>0x1b87</value>
         <object_component_ref idref="oc-41d"/>
      </symbol>
      <symbol id="sm-5eb">
         <name>GPIOIntStatus</name>
         <value>0x1b1d</value>
         <object_component_ref idref="oc-417"/>
      </symbol>
      <symbol id="sm-5ec">
         <name>GPIOPinTypeGPIOOutput</name>
         <value>0x1a19</value>
         <object_component_ref idref="oc-20b"/>
      </symbol>
      <symbol id="sm-5ed">
         <name>GPIODirModeSet</name>
         <value>0x192d</value>
         <object_component_ref idref="oc-2dc"/>
      </symbol>
      <symbol id="sm-5ee">
         <name>GPIOPinWrite</name>
         <value>0x1b8d</value>
         <object_component_ref idref="oc-343"/>
      </symbol>
      <symbol id="sm-5ef">
         <name>GPIOPadConfigSet</name>
         <value>0x26d</value>
         <object_component_ref idref="oc-2e2"/>
      </symbol>
      <symbol id="sm-628">
         <name>I2CMasterDataPut</name>
         <value>0x1ba9</value>
         <object_component_ref idref="oc-3f2"/>
      </symbol>
      <symbol id="sm-629">
         <name>I2CMasterInitExpClk</name>
         <value>0x1529</value>
         <object_component_ref idref="oc-1f2"/>
      </symbol>
      <symbol id="sm-62a">
         <name>I2CMasterSlaveAddrSet</name>
         <value>0x1b6f</value>
         <object_component_ref idref="oc-3ec"/>
      </symbol>
      <symbol id="sm-62b">
         <name>I2CMasterControl</name>
         <value>0x1ba5</value>
         <object_component_ref idref="oc-3f8"/>
      </symbol>
      <symbol id="sm-62c">
         <name>I2CMasterBusy</name>
         <value>0x1b67</value>
         <object_component_ref idref="oc-3fe"/>
      </symbol>
      <symbol id="sm-62d">
         <name>I2CMasterEnable</name>
         <value>0x1b5d</value>
         <object_component_ref idref="oc-2ee"/>
      </symbol>
      <symbol id="sm-666">
         <name>IntEnable</name>
         <value>0xfc5</value>
         <object_component_ref idref="oc-325"/>
      </symbol>
      <symbol id="sm-667">
         <name>IntRegister</name>
         <value>0x1805</value>
         <object_component_ref idref="oc-31f"/>
      </symbol>
      <symbol id="sm-668">
         <name>g_pfnRAMVectors</name>
         <value>0x20000000</value>
         <object_component_ref idref="oc-40c"/>
      </symbol>
      <symbol id="sm-6b0">
         <name>SysCtlDelay</name>
         <value>0x1b99</value>
         <object_component_ref idref="oc-333"/>
      </symbol>
      <symbol id="sm-6b1">
         <name>SysCtlPeripheralEnable</name>
         <value>0x1839</value>
         <object_component_ref idref="oc-1ce"/>
      </symbol>
      <symbol id="sm-6b2">
         <name>SysCtlClockGet</name>
         <value>0x3a1</value>
         <object_component_ref idref="oc-1ec"/>
      </symbol>
      <symbol id="sm-6b3">
         <name>SysCtlPeripheralReset</name>
         <value>0x1489</value>
         <object_component_ref idref="oc-1d4"/>
      </symbol>
      <symbol id="sm-6b5">
         <name>__TI_static_base__</name>
         <value>0x0</value>
      </symbol>
      <symbol id="sm-6b8">
         <name>__mpu_init</name>
         <value>0x0</value>
      </symbol>
      <symbol id="sm-6b9">
         <name>_system_post_cinit</name>
         <value>0x0</value>
      </symbol>
   </symbol_table>
   <title>Link successful</title>
</link_info>
