******************************************************************************
                  TI ARM Linker Unix v20.2.7                   
******************************************************************************
>> Linked Wed Jan  4 16:34:43 2023

OUTPUT FILE NAME:   <freertos_demo.out>
ENTRY POINT SYMBOL: "_c_int00_noargs"  address: 00001a51


MEMORY CONFIGURATION

         name            origin    length      used     unused   attr    fill
----------------------  --------  ---------  --------  --------  ----  --------
  FLASH                 00000000   00040000  000020e8  0003df18  R  X
  SRAM                  20000000   00008000  00007bc9  00000437  RW X


SEGMENT ALLOCATION MAP

run origin  load origin   length   init length attrs members
----------  ----------- ---------- ----------- ----- -------
00000000    00000000    000020e8   000020e8    r-x
  00000000    00000000    0000026c   0000026c    r-- .intvecs
  0000026c    0000026c    00001b1c   00001b1c    r-x .text
  00001d88    00001d88    00000308   00000308    r-- .const
  00002090    00002090    00000058   00000058    r-- .cinit
20000000    20000000    00007bd0   00000000    rw-
  20000000    20000000    0000026c   00000000    rw- .vtable
  2000026c    2000026c    0000770d   00000000    rw- .bss
  20007980    20007980    00000200   00000000    rw- .stack
  20007b80    20007b80    00000050   00000000    rw- .data


SECTION ALLOCATION MAP

 output                                  attributes/
section   page    origin      length       input sections
--------  ----  ----------  ----------   ----------------
.intvecs   0    00000000    0000026c     
                  00000000    0000026c     startup_ccs.obj (.intvecs)

.text      0    0000026c    00001b1c     
                  0000026c    00000132     driverlib.lib : gpio.obj (.text:GPIOPadConfigSet)
                  0000039e    00000002     startup_ccs.obj (.text:FaultISR)
                  000003a0    00000110     driverlib.lib : sysctl.obj (.text:SysCtlClockGet)
                  000004b0    00000104     keypad.obj (.text:vInterrupt_Key)
                  000005b4    00000104     tasks.obj (.text:xTaskIncrementTick)
                  000006b8    00000100     tasks.obj (.text:xTaskGenericCreate)
                  000007b8    000000e8     queue.obj (.text:xQueueGenericSend)
                  000008a0    000000e4     tasks.obj (.text:xTaskResumeAll)
                  00000984    000000d4     keypad.obj (.text:KEYTaskInit)
                  00000a58    000000d2     portasm.obj (.text)
                  00000b2a    00000002     startup_ccs.obj (.text:IntDefaultHandler)
                  00000b2c    000000ac     heap_2.obj (.text:pvPortMalloc)
                  00000bd8    000000a0     keypad.obj (.text:KEYTask)
                  00000c78    0000009c     rtsv7M4_T_le_v4SPD16_eabi.lib : memcpy_t2.asm.obj (.text)
                  00000d14    00000098     I2C_task.obj (.text:I2CTaskInit)
                  00000dac    0000008c     I2C_task.obj (.text:I2CReceive)
                  00000e38    0000008c     tasks.obj (.text:vTaskSwitchContext)
                  00000ec4    00000084     queue.obj (.text:xQueueGenericReset)
                  00000f48    0000007a     rtsv7M4_T_le_v4SPD16_eabi.lib : memset_t2.asm.obj (.text)
                  00000fc2    00000002     startup_ccs.obj (.text:NmiSR)
                  00000fc4    00000078     tasks.obj (.text:xTaskPriorityDisinherit)
                  0000103c    00000074     tasks.obj (.text:xTaskRemoveFromEventList)
                  000010b0    00000072     queue.obj (.text:prvCopyDataToQueue)
                  00001122    00000002     freertos_demo.obj (.text:vApplicationStackOverflowHook)
                  00001124    00000068     driverlib.lib : interrupt.obj (.text:IntEnable)
                  0000118c    00000068     rtsv7M4_T_le_v4SPD16_eabi.lib : copy_decompress_lzss.c.obj (.text:decompress:lzss:__TI_decompress_lzss)
                  000011f4    00000064     tasks.obj (.text:vTaskPlaceOnEventList)
                  00001258    00000062     queue.obj (.text:prvUnlockQueue)
                  000012ba    00000002     --HOLE-- [fill = 0]
                  000012bc    00000060     tasks.obj (.text:prvInitialiseTaskLists)
                  0000131c    00000060     tasks.obj (.text:vTaskStartScheduler)
                  0000137c    0000005e     LCD.obj (.text:Lcd_Init)
                  000013da    00000002     --HOLE-- [fill = 0]
                  000013dc    0000005c     LCD.obj (.text:Lcd_Write_Char)
                  00001438    00000058     tasks.obj (.text:prvCheckTasksWaitingTermination)
                  00001490    00000056     driverlib.lib : gpio.obj (.text:GPIOIntTypeSet)
                  000014e6    00000056     LCD.obj (.text:Lcd_Port)
                  0000153c    00000056     tasks.obj (.text:prvInitialiseTCBVariables)
                  00001592    00000002     --HOLE-- [fill = 0]
                  00001594    00000054     tasks.obj (.text:xTaskCheckForTimeOut)
                  000015e8    00000050     driverlib.lib : sysctl.obj (.text:SysCtlPeripheralReset)
                  00001638    0000004e     queue.obj (.text:xQueueCreateMutex)
                  00001686    00000002     --HOLE-- [fill = 0]
                  00001688    0000004c     driverlib.lib : i2c.obj (.text:I2CMasterInitExpClk)
                  000016d4    0000004c     tasks.obj (.text:prvAddCurrentTaskToDelayedList)
                  00001720    00000048     driverlib.lib : gpio.obj (.text:GPIOPinConfigure)
                  00001768    00000048     I2C_task.obj (.text:I2CSENDCONFIG)
                  000017b0    00000044     driverlib.lib : gpio.obj (.text:_GPIOIntNumberGet)
                  000017f4    00000044     rtsv7M4_T_le_v4SPD16_eabi.lib : autoinit.c.obj (.text:__TI_auto_init_nobinit_nopinit:__TI_auto_init_nobinit_nopinit)
                  00001838    00000044     heap_2.obj (.text:vPortFree)
                  0000187c    00000040     LCD.obj (.text:Lcd_Cmd)
                  000018bc    00000040     port.obj (.text:xPortStartScheduler)
                  000018fc    0000003c     freertos_demo.obj (.text:main)
                  00001938    0000003c     queue.obj (.text:xQueueGenericCreate)
                  00001974    0000003a     tasks.obj (.text:prvAllocateTCBAndStack)
                  000019ae    00000038     list.obj (.text:vListInsert)
                  000019e6    00000002     --HOLE-- [fill = 0]
                  000019e8    00000034     driverlib.lib : interrupt.obj (.text:IntRegister)
                  00001a1c    00000034                   : sysctl.obj (.text:SysCtlPeripheralEnable)
                  00001a50    00000034     rtsv7M4_T_le_v4SPD16_eabi.lib : boot_cortex_m.c.obj (.text:_c_int00_noargs:_c_int00_noargs)
                  00001a84    00000030     heap_2.obj (.text:prvHeapInit)
                  00001ab4    0000002c     port.obj (.text:xPortSysTickHandler)
                  00001ae0    0000002a     driverlib.lib : gpio.obj (.text:GPIODirModeSet)
                  00001b0a    00000002     --HOLE-- [fill = 0]
                  00001b0c    00000028     tasks.obj (.text:prvResetNextTaskUnblockTime)
                  00001b34    00000028     port.obj (.text:pxPortInitialiseStack)
                  00001b5c    00000020     I2C_task.obj (.text:I2CTask)
                  00001b7c    00000020     list.obj (.text:uxListRemove)
                  00001b9c    0000001c     queue.obj (.text:prvIsQueueFull)
                  00001bb8    0000001c     port.obj (.text:vPortEnterCritical)
                  00001bd4    00000018     driverlib.lib : gpio.obj (.text:GPIOIntRegister)
                  00001bec    00000018                   : gpio.obj (.text:GPIOPinTypeGPIOOutput)
                  00001c04    00000018     list.obj (.text:vListInsertEnd)
                  00001c1c    00000018     port.obj (.text:vPortExitCritical)
                  00001c34    00000018     tasks.obj (.text:vTaskSetTimeOutState)
                  00001c4c    00000016     list.obj (.text:vListInitialise)
                  00001c62    00000002     --HOLE-- [fill = 0]
                  00001c64    00000014     port.obj (.text:vPortSetupTimerInterrupt)
                  00001c78    00000012     driverlib.lib : gpio.obj (.text:GPIOPinTypeGPIOInput)
                  00001c8a    00000012                   : gpio.obj (.text:GPIOPinTypeI2C)
                  00001c9c    00000012                   : gpio.obj (.text:GPIOPinTypeI2CSCL)
                  00001cae    00000012     tasks.obj (.text:prvDeleteTCB)
                  00001cc0    00000010     LCD.obj (.text:Lcd_Clear)
                  00001cd0    00000010     port.obj (.text:prvTaskExitError)
                  00001ce0    00000010     tasks.obj (.text:vTaskSuspendAll)
                  00001cf0    0000000e     driverlib.lib : gpio.obj (.text:GPIOIntStatus)
                  00001cfe    0000000e     rtsv7M4_T_le_v4SPD16_eabi.lib : copy_decompress_none.c.obj (.text:decompress:none:__TI_decompress_none)
                  00001d0c    0000000c     driverlib.lib : gpio.obj (.text:GPIOIntEnable)
                  00001d18    0000000c     rtsv7M4_T_le_v4SPD16_eabi.lib : copy_zero_init.c.obj (.text:decompress:ZI:__TI_zero_init)
                  00001d24    0000000c     tasks.obj (.text:vTaskMissedYield)
                  00001d30    0000000a     driverlib.lib : i2c.obj (.text:I2CMasterEnable)
                  00001d3a    00000008                   : i2c.obj (.text:I2CMasterBusy)
                  00001d42    00000008                   : i2c.obj (.text:I2CMasterSlaveAddrSet)
                  00001d4a    00000008     tasks.obj (.text:prvIdleTask)
                  00001d52    00000006     driverlib.lib : gpio.obj (.text:GPIOIntClear)
                  00001d58    00000006                   : gpio.obj (.text:GPIOPinWrite)
                  00001d5e    00000006     startup_ccs.obj (.text:ResetISR)
                  00001d64    00000006     driverlib.lib : sysctl.obj (.text:SysCtlDelay)
                  00001d6a    00000006     list.obj (.text:vListInitialiseItem)
                  00001d70    00000004     driverlib.lib : i2c.obj (.text:I2CMasterControl)
                  00001d74    00000004                   : i2c.obj (.text:I2CMasterDataGet)
                  00001d78    00000004                   : i2c.obj (.text:I2CMasterDataPut)
                  00001d7c    00000004     keypad.obj (.text:IntGPIOc)
                  00001d80    00000004     rtsv7M4_T_le_v4SPD16_eabi.lib : pre_init.c.obj (.text:_system_pre_init)
                  00001d84    00000004                                   : exit.c.obj (.text:abort:abort)

.const     0    00001d88    00000308     
                  00001d88    000000d8     driverlib.lib : gpio.obj (.const:g_ppui32GPIOIntMapSnowflake)
                  00001e60    000000c0                   : gpio.obj (.const:g_ppui32GPIOIntMapBlizzard)
                  00001f20    00000090                   : gpio.obj (.const:g_pui32GPIOBaseAddrs)
                  00001fb0    00000070                   : interrupt.obj (.const)
                  00002020    0000006c                   : sysctl.obj (.const:g_pui32Xtals)
                  0000208c    00000004     port.obj (.const)

.cinit     0    00002090    00000058     
                  00002090    00000021     (.cinit..data.load) [load image, compression = lzss]
                  000020b1    00000003     --HOLE-- [fill = 0]
                  000020b4    0000000c     (__TI_handler_table)
                  000020c0    00000008     (.cinit..bss.load) [load image, compression = zero_init]
                  000020c8    00000008     (.cinit..vtable.load) [load image, compression = zero_init]
                  000020d0    00000018     (__TI_cinit_table)

.init_array 
*          0    00000000    00000000     UNINITIALIZED

.vtable    0    20000000    0000026c     UNINITIALIZED
                  20000000    0000026c     driverlib.lib : interrupt.obj (.vtable)

.bss       0    2000026c    0000770d     UNINITIALIZED
                  2000026c    00007530     heap_2.obj (.bss:ucHeap)
                  2000779c    00000140     tasks.obj (.bss:pxReadyTasksLists)
                  200078dc    00000014     tasks.obj (.bss:xDelayedTaskList1)
                  200078f0    00000014     tasks.obj (.bss:xDelayedTaskList2)
                  20007904    00000014     tasks.obj (.bss:xPendingReadyList)
                  20007918    00000014     tasks.obj (.bss:xSuspendedTaskList)
                  2000792c    00000014     tasks.obj (.bss:xTasksWaitingTermination)
                  20007940    00000008     tasks.obj (.bss)
                  20007948    00000008     heap_2.obj (.bss:xEnd)
                  20007950    00000008     heap_2.obj (.bss:xStart)
                  20007958    00000004     (.common:col)
                  2000795c    00000004     (.common:flag_config)
                  20007960    00000004     (.common:g_pKEYQueue)
                  20007964    00000004     (.common:g_pTempQueue)
                  20007968    00000004     (.common:g_pUARTSemaphore)
                  2000796c    00000004     (.common:i_start)
                  20007970    00000004     (.common:row)
                  20007974    00000004     (.common:temp)
                  20007978    00000001     (.common:tecla)

.data      0    20007b80    00000050     UNINITIALIZED
                  20007b80    00000030     tasks.obj (.data)
                  20007bb0    00000010     keypad.obj (.data:symbol)
                  20007bc0    00000008     heap_2.obj (.data)
                  20007bc8    00000004     keypad.obj (.data)
                  20007bcc    00000004     port.obj (.data)

.stack     0    20007980    00000200     UNINITIALIZED
                  20007980    00000004     rtsv7M4_T_le_v4SPD16_eabi.lib : boot_cortex_m.c.obj (.stack)
                  20007984    000001fc     --HOLE--

__llvm_prf_cnts 
*          0    20000000    00000000     UNINITIALIZED

MODULE SUMMARY

       Module                       code   ro data   rw data
       ------                       ----   -------   -------
    ./
       keypad.obj                   636    0         41     
       startup_ccs.obj              12     620       0      
       I2C_task.obj                 396    0         8      
       LCD.obj                      352    0         0      
       freertos_demo.obj            62     0         4      
    +--+----------------------------+------+---------+---------+
       Total:                       1458   620       53     
                                                            
    ./third_party/FreeRTOS/Source/
       tasks.obj                    1922   0         476    
       queue.obj                    742    0         0      
       list.obj                     140    0         0      
    +--+----------------------------+------+---------+---------+
       Total:                       2804   0         476    
                                                            
    ./third_party/FreeRTOS/Source/portable/CCS/ARM_CM4F/
       port.obj                     236    4         4      
       portasm.obj                  210    0         0      
    +--+----------------------------+------+---------+---------+
       Total:                       446    4         4      
                                                            
    ./third_party/FreeRTOS/Source/portable/MemMang/
       heap_2.obj                   288    0         30024  
    +--+----------------------------+------+---------+---------+
       Total:                       288    0         30024  
                                                            
    /home/victor_macedo/ti/ccs1210/ccs/tools/compiler/ti-cgt-arm_20.2.7.LTS/lib/rtsv7M4_T_le_v4SPD16_eabi.lib
       memcpy_t2.asm.obj            156    0         0      
       memset_t2.asm.obj            122    0         0      
       copy_decompress_lzss.c.obj   104    0         0      
       autoinit.c.obj               68     0         0      
       boot_cortex_m.c.obj          52     0         0      
       copy_decompress_none.c.obj   14     0         0      
       copy_zero_init.c.obj         12     0         0      
       exit.c.obj                   4      0         0      
       pre_init.c.obj               4      0         0      
    +--+----------------------------+------+---------+---------+
       Total:                       536    0         0      
                                                            
    /home/victor_macedo/ti/tivaware_c_series_2_1_4_178/driverlib/ccs/Debug/driverlib.lib
       gpio.obj                     714    552       0      
       interrupt.obj                156    112       620    
       sysctl.obj                   410    108       0      
       i2c.obj                      114    0         0      
    +--+----------------------------+------+---------+---------+
       Total:                       1394   772       620    
                                                            
       Stack:                       0      0         512    
       Linker Generated:            0      85        0      
    +--+----------------------------+------+---------+---------+
       Grand Total:                 6926   1481      31689  


LINKER GENERATED COPY TABLES

__TI_cinit_table @ 000020d0 records: 3, size/record: 8, table size: 24
	.data: load addr=00002090, load size=00000021 bytes, run addr=20007b80, run size=00000050 bytes, compression=lzss
	.bss: load addr=000020c0, load size=00000008 bytes, run addr=2000026c, run size=0000770d bytes, compression=zero_init
	.vtable: load addr=000020c8, load size=00000008 bytes, run addr=20000000, run size=0000026c bytes, compression=zero_init


LINKER GENERATED HANDLER TABLE

__TI_handler_table @ 000020b4 records: 3, size/record: 4, table size: 12
	index: 0, handler: __TI_zero_init
	index: 1, handler: __TI_decompress_lzss
	index: 2, handler: __TI_decompress_none


GLOBAL SYMBOLS: SORTED ALPHABETICALLY BY Name 

address   name                          
-------   ----                          
00001d85  C$$EXIT                       
00001ae1  GPIODirModeSet                
00001d53  GPIOIntClear                  
00001d0d  GPIOIntEnable                 
00001bd5  GPIOIntRegister               
00001cf1  GPIOIntStatus                 
00001491  GPIOIntTypeSet                
0000026d  GPIOPadConfigSet              
00001721  GPIOPinConfigure              
00001c79  GPIOPinTypeGPIOInput          
00001bed  GPIOPinTypeGPIOOutput         
00001c8b  GPIOPinTypeI2C                
00001c9d  GPIOPinTypeI2CSCL             
00001d59  GPIOPinWrite                  
00001d3b  I2CMasterBusy                 
00001d71  I2CMasterControl              
00001d75  I2CMasterDataGet              
00001d79  I2CMasterDataPut              
00001d31  I2CMasterEnable               
00001689  I2CMasterInitExpClk           
00001d43  I2CMasterSlaveAddrSet         
00000d15  I2CTaskInit                   
00001125  IntEnable                     
000019e9  IntRegister                   
00000985  KEYTaskInit                   
00001cc1  Lcd_Clear                     
0000187d  Lcd_Cmd                       
0000137d  Lcd_Init                      
000014e7  Lcd_Port                      
000013dd  Lcd_Write_Char                
00001d5f  ResetISR                      
000003a1  SysCtlClockGet                
00001d65  SysCtlDelay                   
00001a1d  SysCtlPeripheralEnable        
000015e9  SysCtlPeripheralReset         
20007b80  __STACK_END                   
00000200  __STACK_SIZE                  
20007b80  __STACK_TOP                   
000020d0  __TI_CINIT_Base               
000020e8  __TI_CINIT_Limit              
000020b4  __TI_Handler_Table_Base       
000020c0  __TI_Handler_Table_Limit      
000017f5  __TI_auto_init_nobinit_nopinit
0000118d  __TI_decompress_lzss          
00001cff  __TI_decompress_none          
ffffffff  __TI_pprof_out_hndl           
ffffffff  __TI_prof_data_size           
ffffffff  __TI_prof_data_start          
00000000  __TI_static_base__            
00001d19  __TI_zero_init                
00000f49  __aeabi_memclr                
00000f49  __aeabi_memclr4               
00000f49  __aeabi_memclr8               
00000c79  __aeabi_memcpy                
00000c79  __aeabi_memcpy4               
00000c79  __aeabi_memcpy8               
00000f4b  __aeabi_memset                
00000f4b  __aeabi_memset4               
00000f4b  __aeabi_memset8               
ffffffff  __binit__                     
ffffffff  __c_args__                    
UNDEFED   __mpu_init                    
20007980  __stack                       
20000000  __start___llvm_prf_cnts       
20000000  __stop___llvm_prf_cnts        
00001a51  _c_int00_noargs               
UNDEFED   _system_post_cinit            
00001d81  _system_pre_init              
00001d85  abort                         
ffffffff  binit                         
20007958  col                           
2000795c  flag_config                   
20007960  g_pKEYQueue                   
20007964  g_pTempQueue                  
20007968  g_pUARTSemaphore              
20000000  g_pfnRAMVectors               
00000000  g_pfnVectors                  
20007bc8  i_count                       
2000796c  i_start                       
000018fd  main                          
00000c79  memcpy                        
00000f51  memset                        
00000b2d  pvPortMalloc                  
20007b80  pxCurrentTCB                  
00001b35  pxPortInitialiseStack         
20007970  row                           
20007bb0  symbol                        
20007978  tecla                         
20007974  temp                          
0000208c  ulMaxSyscallInterruptPriority 
00000a69  ulPortGetIPSR                 
00001b7d  uxListRemove                  
00001123  vApplicationStackOverflowHook 
00001c4d  vListInitialise               
00001d6b  vListInitialiseItem           
000019af  vListInsert                   
00001c05  vListInsertEnd                
00000b1d  vPortEnableVFP                
00001bb9  vPortEnterCritical            
00001c1d  vPortExitCritical             
00001839  vPortFree                     
00000ae1  vPortSVCHandler               
00001c65  vPortSetupTimerInterrupt      
00000b01  vPortStartFirstTask           
00001d25  vTaskMissedYield              
000011f5  vTaskPlaceOnEventList         
00001c35  vTaskSetTimeOutState          
0000131d  vTaskStartScheduler           
00001ce1  vTaskSuspendAll               
00000e39  vTaskSwitchContext            
00000a81  xPortPendSVHandler            
000018bd  xPortStartScheduler           
00001ab5  xPortSysTickHandler           
00001639  xQueueCreateMutex             
00001939  xQueueGenericCreate           
00000ec5  xQueueGenericReset            
000007b9  xQueueGenericSend             
00001595  xTaskCheckForTimeOut          
000006b9  xTaskGenericCreate            
000005b5  xTaskIncrementTick            
00000fc5  xTaskPriorityDisinherit       
0000103d  xTaskRemoveFromEventList      
000008a1  xTaskResumeAll                


GLOBAL SYMBOLS: SORTED BY Symbol Address 

address   name                          
-------   ----                          
00000000  __TI_static_base__            
00000000  g_pfnVectors                  
00000200  __STACK_SIZE                  
0000026d  GPIOPadConfigSet              
000003a1  SysCtlClockGet                
000005b5  xTaskIncrementTick            
000006b9  xTaskGenericCreate            
000007b9  xQueueGenericSend             
000008a1  xTaskResumeAll                
00000985  KEYTaskInit                   
00000a69  ulPortGetIPSR                 
00000a81  xPortPendSVHandler            
00000ae1  vPortSVCHandler               
00000b01  vPortStartFirstTask           
00000b1d  vPortEnableVFP                
00000b2d  pvPortMalloc                  
00000c79  __aeabi_memcpy                
00000c79  __aeabi_memcpy4               
00000c79  __aeabi_memcpy8               
00000c79  memcpy                        
00000d15  I2CTaskInit                   
00000e39  vTaskSwitchContext            
00000ec5  xQueueGenericReset            
00000f49  __aeabi_memclr                
00000f49  __aeabi_memclr4               
00000f49  __aeabi_memclr8               
00000f4b  __aeabi_memset                
00000f4b  __aeabi_memset4               
00000f4b  __aeabi_memset8               
00000f51  memset                        
00000fc5  xTaskPriorityDisinherit       
0000103d  xTaskRemoveFromEventList      
00001123  vApplicationStackOverflowHook 
00001125  IntEnable                     
0000118d  __TI_decompress_lzss          
000011f5  vTaskPlaceOnEventList         
0000131d  vTaskStartScheduler           
0000137d  Lcd_Init                      
000013dd  Lcd_Write_Char                
00001491  GPIOIntTypeSet                
000014e7  Lcd_Port                      
00001595  xTaskCheckForTimeOut          
000015e9  SysCtlPeripheralReset         
00001639  xQueueCreateMutex             
00001689  I2CMasterInitExpClk           
00001721  GPIOPinConfigure              
000017f5  __TI_auto_init_nobinit_nopinit
00001839  vPortFree                     
0000187d  Lcd_Cmd                       
000018bd  xPortStartScheduler           
000018fd  main                          
00001939  xQueueGenericCreate           
000019af  vListInsert                   
000019e9  IntRegister                   
00001a1d  SysCtlPeripheralEnable        
00001a51  _c_int00_noargs               
00001ab5  xPortSysTickHandler           
00001ae1  GPIODirModeSet                
00001b35  pxPortInitialiseStack         
00001b7d  uxListRemove                  
00001bb9  vPortEnterCritical            
00001bd5  GPIOIntRegister               
00001bed  GPIOPinTypeGPIOOutput         
00001c05  vListInsertEnd                
00001c1d  vPortExitCritical             
00001c35  vTaskSetTimeOutState          
00001c4d  vListInitialise               
00001c65  vPortSetupTimerInterrupt      
00001c79  GPIOPinTypeGPIOInput          
00001c8b  GPIOPinTypeI2C                
00001c9d  GPIOPinTypeI2CSCL             
00001cc1  Lcd_Clear                     
00001ce1  vTaskSuspendAll               
00001cf1  GPIOIntStatus                 
00001cff  __TI_decompress_none          
00001d0d  GPIOIntEnable                 
00001d19  __TI_zero_init                
00001d25  vTaskMissedYield              
00001d31  I2CMasterEnable               
00001d3b  I2CMasterBusy                 
00001d43  I2CMasterSlaveAddrSet         
00001d53  GPIOIntClear                  
00001d59  GPIOPinWrite                  
00001d5f  ResetISR                      
00001d65  SysCtlDelay                   
00001d6b  vListInitialiseItem           
00001d71  I2CMasterControl              
00001d75  I2CMasterDataGet              
00001d79  I2CMasterDataPut              
00001d81  _system_pre_init              
00001d85  C$$EXIT                       
00001d85  abort                         
0000208c  ulMaxSyscallInterruptPriority 
000020b4  __TI_Handler_Table_Base       
000020c0  __TI_Handler_Table_Limit      
000020d0  __TI_CINIT_Base               
000020e8  __TI_CINIT_Limit              
20000000  __start___llvm_prf_cnts       
20000000  __stop___llvm_prf_cnts        
20000000  g_pfnRAMVectors               
20007958  col                           
2000795c  flag_config                   
20007960  g_pKEYQueue                   
20007964  g_pTempQueue                  
20007968  g_pUARTSemaphore              
2000796c  i_start                       
20007970  row                           
20007974  temp                          
20007978  tecla                         
20007980  __stack                       
20007b80  __STACK_END                   
20007b80  __STACK_TOP                   
20007b80  pxCurrentTCB                  
20007bb0  symbol                        
20007bc8  i_count                       
ffffffff  __TI_pprof_out_hndl           
ffffffff  __TI_prof_data_size           
ffffffff  __TI_prof_data_start          
ffffffff  __binit__                     
ffffffff  __c_args__                    
ffffffff  binit                         
UNDEFED   __mpu_init                    
UNDEFED   _system_post_cinit            

[123 symbols]
