******************************************************************************
                  TI ARM Linker PC v20.2.5                     
******************************************************************************
>> Linked Wed Dec 28 12:01:44 2022

OUTPUT FILE NAME:   <project0.out>
ENTRY POINT SYMBOL: "_c_int00_noinit_noargs"  address: 0000067d


MEMORY CONFIGURATION

         name            origin    length      used     unused   attr    fill
----------------------  --------  ---------  --------  --------  ----  --------
  FLASH                 00000000   00040000  00000714  0003f8ec  R  X
  SRAM                  20000000   00008000  00000100  00007f00  RW X


SEGMENT ALLOCATION MAP

run origin  load origin   length   init length attrs members
----------  ----------- ---------- ----------- ----- -------
00000000    00000000    00000714   00000714    r-x
  00000000    00000000    0000026c   0000026c    r-- .intvecs
  0000026c    0000026c    000004a8   000004a8    r-x .text
20000000    20000000    00000100   00000000    rw-
  20000000    20000000    00000100   00000000    rw- .stack


SECTION ALLOCATION MAP

 output                                  attributes/
section   page    origin      length       input sections
--------  ----  ----------  ----------   ----------------
.intvecs   0    00000000    0000026c     
                  00000000    0000026c     startup_ccs.obj (.intvecs)

.text      0    0000026c    000004a8     
                  0000026c    00000132     driverlib.lib : gpio.obj (.text:GPIOPadConfigSet)
                  0000039e    00000002     startup_ccs.obj (.text:FaultISR)
                  000003a0    000000f4     driverlib.lib : sysctl.obj (.text:SysCtlClockSet)
                  00000494    00000060     main_lcd.obj (.text:main)
                  000004f4    0000005e     LCD.obj (.text:Lcd_Init)
                  00000552    00000002     startup_ccs.obj (.text:IntDefaultHandler)
                  00000554    0000005c     LCD.obj (.text:Lcd_Write_Char)
                  000005b0    00000056     LCD.obj (.text:Lcd_Port)
                  00000606    00000002     startup_ccs.obj (.text:NmiSR)
                  00000608    00000040     LCD.obj (.text:Lcd_Cmd)
                  00000648    00000034     driverlib.lib : sysctl.obj (.text:SysCtlPeripheralEnable)
                  0000067c    0000002c     rtsv7M4_T_le_v4SPD16_eabi.lib : boot_cortex_m.c.obj (.text:_c_int00_noinit_noargs:_c_int00_noinit_noargs)
                  000006a8    0000002a     driverlib.lib : gpio.obj (.text:GPIODirModeSet)
                  000006d2    00000018                   : gpio.obj (.text:GPIOPinTypeGPIOOutput)
                  000006ea    00000010     LCD.obj (.text:Lcd_Clear)
                  000006fa    00000006     driverlib.lib : gpio.obj (.text:GPIOPinWrite)
                  00000700    00000006     startup_ccs.obj (.text:ResetISR)
                  00000706    00000006     driverlib.lib : sysctl.obj (.text:SysCtlDelay)
                  0000070c    00000004     rtsv7M4_T_le_v4SPD16_eabi.lib : pre_init.c.obj (.text:_system_pre_init)
                  00000710    00000004                                   : exit.c.obj (.text:abort:abort)

.cinit     0    00000000    00000000     UNINITIALIZED

.init_array 
*          0    00000000    00000000     UNINITIALIZED

.stack     0    20000000    00000100     UNINITIALIZED
                  20000000    00000004     rtsv7M4_T_le_v4SPD16_eabi.lib : boot_cortex_m.c.obj (.stack)
                  20000004    000000fc     --HOLE--

__llvm_prf_cnts 
*          0    20000000    00000000     UNINITIALIZED

MODULE SUMMARY

       Module                code   ro data   rw data
       ------                ----   -------   -------
    .\
       startup_ccs.obj       12     620       0      
       LCD.obj               352    0         0      
       main_lcd.obj          96     0         0      
    +--+---------------------+------+---------+---------+
       Total:                460    620       0      
                                                     
    C:/ti/ccs1100/tivaware_c_series_2_1_4_178/driverlib/ccs/Debug/driverlib.lib
       gpio.obj              378    0         0      
       sysctl.obj            302    0         0      
    +--+---------------------+------+---------+---------+
       Total:                680    0         0      
                                                     
    C:\ti\ccs1100\ccs\tools\compiler\ti-cgt-arm_20.2.5.LTS\lib\rtsv7M4_T_le_v4SPD16_eabi.lib
       boot_cortex_m.c.obj   44     0         0      
       exit.c.obj            4      0         0      
       pre_init.c.obj        4      0         0      
    +--+---------------------+------+---------+---------+
       Total:                52     0         0      
                                                     
       Stack:                0      0         256    
    +--+---------------------+------+---------+---------+
       Grand Total:          1192   620       256    


GLOBAL SYMBOLS: SORTED ALPHABETICALLY BY Name 

address   name                   
-------   ----                   
00000711  C$$EXIT                
000006a9  GPIODirModeSet         
0000026d  GPIOPadConfigSet       
000006d3  GPIOPinTypeGPIOOutput  
000006fb  GPIOPinWrite           
000006eb  Lcd_Clear              
00000609  Lcd_Cmd                
000004f5  Lcd_Init               
000005b1  Lcd_Port               
00000555  Lcd_Write_Char         
00000701  ResetISR               
000003a1  SysCtlClockSet         
00000707  SysCtlDelay            
00000649  SysCtlPeripheralEnable 
20000100  __STACK_END            
00000100  __STACK_SIZE           
20000100  __STACK_TOP            
ffffffff  __TI_pprof_out_hndl    
ffffffff  __TI_prof_data_size    
ffffffff  __TI_prof_data_start   
00000000  __TI_static_base__     
ffffffff  __binit__              
ffffffff  __c_args__             
UNDEFED   __mpu_init             
20000000  __stack                
20000000  __start___llvm_prf_cnts
20000000  __stop___llvm_prf_cnts 
0000067d  _c_int00_noinit_noargs 
0000070d  _system_pre_init       
00000711  abort                  
ffffffff  binit                  
00000000  g_pfnVectors           
00000495  main                   


GLOBAL SYMBOLS: SORTED BY Symbol Address 

address   name                   
-------   ----                   
00000000  __TI_static_base__     
00000000  g_pfnVectors           
00000100  __STACK_SIZE           
0000026d  GPIOPadConfigSet       
000003a1  SysCtlClockSet         
00000495  main                   
000004f5  Lcd_Init               
00000555  Lcd_Write_Char         
000005b1  Lcd_Port               
00000609  Lcd_Cmd                
00000649  SysCtlPeripheralEnable 
0000067d  _c_int00_noinit_noargs 
000006a9  GPIODirModeSet         
000006d3  GPIOPinTypeGPIOOutput  
000006eb  Lcd_Clear              
000006fb  GPIOPinWrite           
00000701  ResetISR               
00000707  SysCtlDelay            
0000070d  _system_pre_init       
00000711  C$$EXIT                
00000711  abort                  
20000000  __stack                
20000000  __start___llvm_prf_cnts
20000000  __stop___llvm_prf_cnts 
20000100  __STACK_END            
20000100  __STACK_TOP            
ffffffff  __TI_pprof_out_hndl    
ffffffff  __TI_prof_data_size    
ffffffff  __TI_prof_data_start   
ffffffff  __binit__              
ffffffff  __c_args__             
ffffffff  binit                  
UNDEFED   __mpu_init             

[33 symbols]
