******************************************************************************
                  TI ARM Linker Unix v20.2.7                   
******************************************************************************
>> Linked Thu Dec 29 09:30:08 2022

OUTPUT FILE NAME:   <Keypad_interrupt.out>
ENTRY POINT SYMBOL: "_c_int00_noargs"  address: 00000a95


MEMORY CONFIGURATION

         name            origin    length      used     unused   attr    fill
----------------------  --------  ---------  --------  --------  ----  --------
  FLASH                 00000000   00040000  00000df2  0003f20e  R  X
  SRAM                  20000000   00008000  00000691  0000796f  RW X


SEGMENT ALLOCATION MAP

run origin  load origin   length   init length attrs members
----------  ----------- ---------- ----------- ----- -------
00000000    00000000    00000df8   00000df8    r-x
  00000000    00000000    00000264   00000264    r-- .intvecs
  00000264    00000264    00000936   00000936    r-x .text
  00000b9c    00000b9c    00000208   00000208    r-- .const
  00000da8    00000da8    00000050   00000050    r-- .cinit
20000000    20000000    00000695   00000000    rw-
  20000000    20000000    0000026c   00000000    rw- .vtable
  20000270    20000270    00000400   00000000    rw- .stack
  20000670    20000670    00000014   00000000    rw- .data
  20000684    20000684    00000011   00000000    rw- .bss


SECTION ALLOCATION MAP

 output                                  attributes/
section   page    origin      length       input sections
--------  ----  ----------  ----------   ----------------
.intvecs   0    00000000    00000264     
                  00000000    00000264     startup_ccs.obj (.intvecs)

.text      0    00000264    00000936     
                  00000264    00000132     driverlib.lib : gpio.obj (.text:GPIOPadConfigSet)
                  00000396    00000002     startup_ccs.obj (.text:FaultISR)
                  00000398    00000124     main.obj (.text:main)
                  000004bc    000000f4     driverlib.lib : sysctl.obj (.text:SysCtlClockSet)
                  000005b0    000000e0     main.obj (.text:teclado)
                  00000690    0000009c     rtsv7M4_T_le_v4SPD16_eabi.lib : memcpy_t2.asm.obj (.text)
                  0000072c    00000068     driverlib.lib : interrupt.obj (.text:IntEnable)
                  00000794    00000068     rtsv7M4_T_le_v4SPD16_eabi.lib : copy_decompress_lzss.c.obj (.text:decompress:lzss:__TI_decompress_lzss)
                  000007fc    0000005e     LCD.obj (.text:Lcd_Init)
                  0000085a    00000002     startup_ccs.obj (.text:IntDefaultHandler)
                  0000085c    0000005c     LCD.obj (.text:Lcd_Write_Char)
                  000008b8    00000056     driverlib.lib : gpio.obj (.text:GPIOIntTypeSet)
                  0000090e    00000056     LCD.obj (.text:Lcd_Port)
                  00000964    00000044     driverlib.lib : gpio.obj (.text:_GPIOIntNumberGet)
                  000009a8    00000044     rtsv7M4_T_le_v4SPD16_eabi.lib : autoinit.c.obj (.text:__TI_auto_init_nobinit_nopinit:__TI_auto_init_nobinit_nopinit)
                  000009ec    00000040     LCD.obj (.text:Lcd_Cmd)
                  00000a2c    00000034     driverlib.lib : interrupt.obj (.text:IntRegister)
                  00000a60    00000034                   : sysctl.obj (.text:SysCtlPeripheralEnable)
                  00000a94    00000034     rtsv7M4_T_le_v4SPD16_eabi.lib : boot_cortex_m.c.obj (.text:_c_int00_noargs:_c_int00_noargs)
                  00000ac8    0000002a     driverlib.lib : gpio.obj (.text:GPIODirModeSet)
                  00000af2    0000001c     rtsv7M4_T_le_v4SPD16_eabi.lib : copy_zero_init.c.obj (.text:decompress:ZI:__TI_zero_init_nomemset:__TI_zero_init_nomemset)
                  00000b0e    00000018     driverlib.lib : gpio.obj (.text:GPIOIntRegister)
                  00000b26    00000018                   : gpio.obj (.text:GPIOPinTypeGPIOOutput)
                  00000b3e    00000012                   : gpio.obj (.text:GPIOPinTypeGPIOInput)
                  00000b50    0000000e                   : gpio.obj (.text:GPIOIntStatus)
                  00000b5e    0000000e     rtsv7M4_T_le_v4SPD16_eabi.lib : copy_decompress_none.c.obj (.text:decompress:none:__TI_decompress_none)
                  00000b6c    0000000c     driverlib.lib : gpio.obj (.text:GPIOIntEnable)
                  00000b78    00000006                   : gpio.obj (.text:GPIOIntClear)
                  00000b7e    00000006                   : gpio.obj (.text:GPIOPinWrite)
                  00000b84    00000006     startup_ccs.obj (.text:ResetISR)
                  00000b8a    00000006     driverlib.lib : sysctl.obj (.text:SysCtlDelay)
                  00000b90    00000004     rtsv7M4_T_le_v4SPD16_eabi.lib : pre_init.c.obj (.text:_system_pre_init)
                  00000b94    00000004                                   : exit.c.obj (.text:abort:abort)
                  00000b98    00000002     startup_ccs.obj (.text:NmiSR)

.const     0    00000b9c    00000208     
                  00000b9c    000000d8     driverlib.lib : gpio.obj (.const:g_ppui32GPIOIntMapSnowflake)
                  00000c74    000000c0                   : gpio.obj (.const:g_ppui32GPIOIntMapBlizzard)
                  00000d34    00000070                   : interrupt.obj (.const)

.cinit     0    00000da8    00000050     
                  00000da8    00000019     (.cinit..data.load) [load image, compression = lzss]
                  00000dc1    00000003     --HOLE-- [fill = 0]
                  00000dc4    0000000c     (__TI_handler_table)
                  00000dd0    00000008     (.cinit..bss.load) [load image, compression = zero_init]
                  00000dd8    00000008     (.cinit..vtable.load) [load image, compression = zero_init]
                  00000de0    00000018     (__TI_cinit_table)

.init_array 
*          0    00000000    00000000     UNINITIALIZED

.vtable    0    20000000    0000026c     UNINITIALIZED
                  20000000    0000026c     driverlib.lib : interrupt.obj (.vtable)

.data      0    20000670    00000014     UNINITIALIZED
                  20000670    00000010     main.obj (.data:symbol)
                  20000680    00000004     main.obj (.data)

.bss       0    20000684    00000011     UNINITIALIZED
                  20000684    00000004     (.common:col)
                  20000688    00000004     (.common:flag_config)
                  2000068c    00000004     (.common:i_start)
                  20000690    00000004     (.common:row)
                  20000694    00000001     (.common:tecla)

.stack     0    20000270    00000400     UNINITIALIZED
                  20000270    00000004     rtsv7M4_T_le_v4SPD16_eabi.lib : boot_cortex_m.c.obj (.stack)
                  20000274    000003fc     --HOLE--

__llvm_prf_cnts 
*          0    20000000    00000000     UNINITIALIZED

MODULE SUMMARY

       Module                       code   ro data   rw data
       ------                       ----   -------   -------
    ./
       startup_ccs.obj              12     612       0      
       main.obj                     516    0         37     
       LCD.obj                      336    0         0      
    +--+----------------------------+------+---------+---------+
       Total:                       864    612       37     
                                                            
    /home/victor_macedo/ti/ccs1210/ccs/tools/compiler/ti-cgt-arm_20.2.7.LTS/lib/rtsv7M4_T_le_v4SPD16_eabi.lib
       memcpy_t2.asm.obj            156    0         0      
       copy_decompress_lzss.c.obj   104    0         0      
       autoinit.c.obj               68     0         0      
       boot_cortex_m.c.obj          52     0         0      
       copy_zero_init.c.obj         28     0         0      
       copy_decompress_none.c.obj   14     0         0      
       exit.c.obj                   4      0         0      
       pre_init.c.obj               4      0         0      
    +--+----------------------------+------+---------+---------+
       Total:                       430    0         0      
                                                            
    /home/victor_macedo/ti/tivaware_c_series_2_1_4_178/driverlib/ccs/Debug/driverlib.lib
       gpio.obj                     606    408       0      
       interrupt.obj                156    112       620    
       sysctl.obj                   302    0         0      
    +--+----------------------------+------+---------+---------+
       Total:                       1064   520       620    
                                                            
       Stack:                       0      0         1024   
       Linker Generated:            0      77        0      
    +--+----------------------------+------+---------+---------+
       Grand Total:                 2358   1209      1681   


LINKER GENERATED COPY TABLES

__TI_cinit_table @ 00000de0 records: 3, size/record: 8, table size: 24
	.data: load addr=00000da8, load size=00000019 bytes, run addr=20000670, run size=00000014 bytes, compression=lzss
	.bss: load addr=00000dd0, load size=00000008 bytes, run addr=20000684, run size=00000011 bytes, compression=zero_init
	.vtable: load addr=00000dd8, load size=00000008 bytes, run addr=20000000, run size=0000026c bytes, compression=zero_init


LINKER GENERATED HANDLER TABLE

__TI_handler_table @ 00000dc4 records: 3, size/record: 4, table size: 12
	index: 0, handler: __TI_zero_init
	index: 1, handler: __TI_decompress_lzss
	index: 2, handler: __TI_decompress_none


GLOBAL SYMBOLS: SORTED ALPHABETICALLY BY Name 

address   name                          
-------   ----                          
00000b95  C$$EXIT                       
00000ac9  GPIODirModeSet                
00000b79  GPIOIntClear                  
00000b6d  GPIOIntEnable                 
00000b0f  GPIOIntRegister               
00000b51  GPIOIntStatus                 
000008b9  GPIOIntTypeSet                
00000265  GPIOPadConfigSet              
00000b3f  GPIOPinTypeGPIOInput          
00000b27  GPIOPinTypeGPIOOutput         
00000b7f  GPIOPinWrite                  
0000072d  IntEnable                     
000005b1  IntGPIOc                      
00000a2d  IntRegister                   
000009ed  Lcd_Cmd                       
000007fd  Lcd_Init                      
0000090f  Lcd_Port                      
0000085d  Lcd_Write_Char                
00000b85  ResetISR                      
000004bd  SysCtlClockSet                
00000b8b  SysCtlDelay                   
00000a61  SysCtlPeripheralEnable        
20000670  __STACK_END                   
00000400  __STACK_SIZE                  
20000670  __STACK_TOP                   
00000de0  __TI_CINIT_Base               
00000df8  __TI_CINIT_Limit              
00000dc4  __TI_Handler_Table_Base       
00000dd0  __TI_Handler_Table_Limit      
000009a9  __TI_auto_init_nobinit_nopinit
00000795  __TI_decompress_lzss          
00000b5f  __TI_decompress_none          
ffffffff  __TI_pprof_out_hndl           
ffffffff  __TI_prof_data_size           
ffffffff  __TI_prof_data_start          
00000000  __TI_static_base__            
00000af3  __TI_zero_init_nomemset       
00000691  __aeabi_memcpy                
00000691  __aeabi_memcpy4               
00000691  __aeabi_memcpy8               
ffffffff  __binit__                     
ffffffff  __c_args__                    
UNDEFED   __mpu_init                    
20000270  __stack                       
20000000  __start___llvm_prf_cnts       
20000000  __stop___llvm_prf_cnts        
00000a95  _c_int00_noargs               
UNDEFED   _system_post_cinit            
00000b91  _system_pre_init              
00000b95  abort                         
ffffffff  binit                         
20000684  col                           
20000688  flag_config                   
20000000  g_pfnRAMVectors               
00000000  g_pfnVectors                  
20000680  i_count                       
2000068c  i_start                       
00000399  main                          
00000691  memcpy                        
20000690  row                           
20000670  symbol                        
20000694  tecla                         
000005b1  teclado                       


GLOBAL SYMBOLS: SORTED BY Symbol Address 

address   name                          
-------   ----                          
00000000  __TI_static_base__            
00000000  g_pfnVectors                  
00000265  GPIOPadConfigSet              
00000399  main                          
00000400  __STACK_SIZE                  
000004bd  SysCtlClockSet                
000005b1  IntGPIOc                      
000005b1  teclado                       
00000691  __aeabi_memcpy                
00000691  __aeabi_memcpy4               
00000691  __aeabi_memcpy8               
00000691  memcpy                        
0000072d  IntEnable                     
00000795  __TI_decompress_lzss          
000007fd  Lcd_Init                      
0000085d  Lcd_Write_Char                
000008b9  GPIOIntTypeSet                
0000090f  Lcd_Port                      
000009a9  __TI_auto_init_nobinit_nopinit
000009ed  Lcd_Cmd                       
00000a2d  IntRegister                   
00000a61  SysCtlPeripheralEnable        
00000a95  _c_int00_noargs               
00000ac9  GPIODirModeSet                
00000af3  __TI_zero_init_nomemset       
00000b0f  GPIOIntRegister               
00000b27  GPIOPinTypeGPIOOutput         
00000b3f  GPIOPinTypeGPIOInput          
00000b51  GPIOIntStatus                 
00000b5f  __TI_decompress_none          
00000b6d  GPIOIntEnable                 
00000b79  GPIOIntClear                  
00000b7f  GPIOPinWrite                  
00000b85  ResetISR                      
00000b8b  SysCtlDelay                   
00000b91  _system_pre_init              
00000b95  C$$EXIT                       
00000b95  abort                         
00000dc4  __TI_Handler_Table_Base       
00000dd0  __TI_Handler_Table_Limit      
00000de0  __TI_CINIT_Base               
00000df8  __TI_CINIT_Limit              
20000000  __start___llvm_prf_cnts       
20000000  __stop___llvm_prf_cnts        
20000000  g_pfnRAMVectors               
20000270  __stack                       
20000670  __STACK_END                   
20000670  __STACK_TOP                   
20000670  symbol                        
20000680  i_count                       
20000684  col                           
20000688  flag_config                   
2000068c  i_start                       
20000690  row                           
20000694  tecla                         
ffffffff  __TI_pprof_out_hndl           
ffffffff  __TI_prof_data_size           
ffffffff  __TI_prof_data_start          
ffffffff  __binit__                     
ffffffff  __c_args__                    
ffffffff  binit                         
UNDEFED   __mpu_init                    
UNDEFED   _system_post_cinit            

[63 symbols]
