******************************************************************************
                  TI ARM Linker Unix v20.2.7                   
******************************************************************************
>> Linked Tue Dec 27 14:39:03 2022

OUTPUT FILE NAME:   <project0.out>
ENTRY POINT SYMBOL: "_c_int00_noinit_noargs"  address: 00000659


MEMORY CONFIGURATION

         name            origin    length      used     unused   attr    fill
----------------------  --------  ---------  --------  --------  ----  --------
  FLASH                 00000000   00040000  000006e4  0003f91c  R  X
  SRAM                  20000000   00008000  00000100  00007f00  RW X


SEGMENT ALLOCATION MAP

run origin  load origin   length   init length attrs members
----------  ----------- ---------- ----------- ----- -------
00000000    00000000    000006e4   000006e4    r-x
  00000000    00000000    0000026c   0000026c    r-- .intvecs
  0000026c    0000026c    00000478   00000478    r-x .text
20000000    20000000    00000100   00000000    rw-
  20000000    20000000    00000100   00000000    rw- .stack


SECTION ALLOCATION MAP

 output                                  attributes/
section   page    origin      length       input sections
--------  ----  ----------  ----------   ----------------
.intvecs   0    00000000    0000026c     
                  00000000    0000026c     startup_ccs.obj (.intvecs)

.text      0    0000026c    00000478     
                  0000026c    00000132     driverlib.lib : gpio.obj (.text:GPIOPadConfigSet)
                  0000039e    00000002     startup_ccs.obj (.text:FaultISR)
                  000003a0    000000f4     driverlib.lib : sysctl.obj (.text:SysCtlClockSet)
                  00000494    00000064     LCD.obj (.text:Lcd_Init)
                  000004f8    0000005c     project0.obj (.text:main)
                  00000554    00000058     LCD.obj (.text:Lcd_Port)
                  000005ac    00000040     LCD.obj (.text:Lcd_Cmd)
                  000005ec    00000038     driverlib.lib : sysctl.obj (.text:SysCtlPeripheralReady)
                  00000624    00000034                   : sysctl.obj (.text:SysCtlPeripheralEnable)
                  00000658    0000002c     rtsv7M4_T_le_v4SPD16_eabi.lib : boot_cortex_m.c.obj (.text:_c_int00_noinit_noargs:_c_int00_noinit_noargs)
                  00000684    0000002a     driverlib.lib : gpio.obj (.text:GPIODirModeSet)
                  000006ae    00000018                   : gpio.obj (.text:GPIOPinTypeGPIOOutput)
                  000006c6    00000006                   : gpio.obj (.text:GPIOPinWrite)
                  000006cc    00000006     startup_ccs.obj (.text:ResetISR)
                  000006d2    00000006     driverlib.lib : sysctl.obj (.text:SysCtlDelay)
                  000006d8    00000004     rtsv7M4_T_le_v4SPD16_eabi.lib : pre_init.c.obj (.text:_system_pre_init)
                  000006dc    00000004                                   : exit.c.obj (.text:abort:abort)
                  000006e0    00000002     startup_ccs.obj (.text:IntDefaultHandler)
                  000006e2    00000002     startup_ccs.obj (.text:NmiSR)

.cinit     0    00000000    00000000     UNINITIALIZED

.init_array 
*          0    00000000    00000000     UNINITIALIZED

.stack     0    20000000    00000100     UNINITIALIZED
                  20000000    00000004     rtsv7M4_T_le_v4SPD16_eabi.lib : boot_cortex_m.c.obj (.stack)
                  20000004    000000fc     --HOLE--

__llvm_prf_cnts 
*          0    20000000    00000000     UNINITIALIZED

MODULE SUMMARY

       Module                code   ro data   rw data
       ------                ----   -------   -------
    ./
       startup_ccs.obj       12     620       0      
       LCD.obj               252    0         0      
       project0.obj          92     0         0      
    +--+---------------------+------+---------+---------+
       Total:                356    620       0      
                                                     
    /home/victor_macedo/ti/ccs1210/ccs/tools/compiler/ti-cgt-arm_20.2.7.LTS/lib/rtsv7M4_T_le_v4SPD16_eabi.lib
       boot_cortex_m.c.obj   44     0         0      
       exit.c.obj            4      0         0      
       pre_init.c.obj        4      0         0      
    +--+---------------------+------+---------+---------+
       Total:                52     0         0      
                                                     
    /home/victor_macedo/ti/tivaware_c_series_2_1_4_178/driverlib/ccs/Debug/driverlib.lib
       gpio.obj              378    0         0      
       sysctl.obj            358    0         0      
    +--+---------------------+------+---------+---------+
       Total:                736    0         0      
                                                     
       Stack:                0      0         256    
    +--+---------------------+------+---------+---------+
       Grand Total:          1144   620       256    


GLOBAL SYMBOLS: SORTED ALPHABETICALLY BY Name 

address   name                   
-------   ----                   
000006dd  C$$EXIT                
00000685  GPIODirModeSet         
0000026d  GPIOPadConfigSet       
000006af  GPIOPinTypeGPIOOutput  
000006c7  GPIOPinWrite           
000005ad  Lcd_Cmd                
00000495  Lcd_Init               
00000555  Lcd_Port               
000006cd  ResetISR               
000003a1  SysCtlClockSet         
000006d3  SysCtlDelay            
00000625  SysCtlPeripheralEnable 
000005ed  SysCtlPeripheralReady  
20000100  __STACK_END            
00000100  __STACK_SIZE           
20000100  __STACK_TOP            
ffffffff  __TI_pprof_out_hndl    
ffffffff  __TI_prof_data_size    
ffffffff  __TI_prof_data_start   
00000000  __TI_static_base__     
ffffffff  __binit__              
ffffffff  __c_args__             
UNDEFED   __mpu_init             
20000000  __stack                
20000000  __start___llvm_prf_cnts
20000000  __stop___llvm_prf_cnts 
00000659  _c_int00_noinit_noargs 
000006d9  _system_pre_init       
000006dd  abort                  
ffffffff  binit                  
00000000  g_pfnVectors           
000004f9  main                   


GLOBAL SYMBOLS: SORTED BY Symbol Address 

address   name                   
-------   ----                   
00000000  __TI_static_base__     
00000000  g_pfnVectors           
00000100  __STACK_SIZE           
0000026d  GPIOPadConfigSet       
000003a1  SysCtlClockSet         
00000495  Lcd_Init               
000004f9  main                   
00000555  Lcd_Port               
000005ad  Lcd_Cmd                
000005ed  SysCtlPeripheralReady  
00000625  SysCtlPeripheralEnable 
00000659  _c_int00_noinit_noargs 
00000685  GPIODirModeSet         
000006af  GPIOPinTypeGPIOOutput  
000006c7  GPIOPinWrite           
000006cd  ResetISR               
000006d3  SysCtlDelay            
000006d9  _system_pre_init       
000006dd  C$$EXIT                
000006dd  abort                  
20000000  __stack                
20000000  __start___llvm_prf_cnts
20000000  __stop___llvm_prf_cnts 
20000100  __STACK_END            
20000100  __STACK_TOP            
ffffffff  __TI_pprof_out_hndl    
ffffffff  __TI_prof_data_size    
ffffffff  __TI_prof_data_start   
ffffffff  __binit__              
ffffffff  __c_args__             
ffffffff  binit                  
UNDEFED   __mpu_init             

[32 symbols]
