******************************************************************************
                  TI ARM Linker Unix v20.2.7                   
******************************************************************************
>> Linked Wed Dec 21 22:35:33 2022

OUTPUT FILE NAME:   <interrupts.out>
ENTRY POINT SYMBOL: "_c_int00_noargs"  address: 00000555


MEMORY CONFIGURATION

         name            origin    length      used     unused   attr    fill
----------------------  --------  ---------  --------  --------  ----  --------
  FLASH                 00000000   00040000  00000612  0003f9ee  R  X
  SRAM                  20000000   00008000  00000409  00007bf7  RW X


SEGMENT ALLOCATION MAP

run origin  load origin   length   init length attrs members
----------  ----------- ---------- ----------- ----- -------
00000000    00000000    00000614   00000614    r-x
  00000000    00000000    00000264   00000264    r-- .intvecs
  00000264    00000264    0000039a   0000039a    r-x .text
  00000600    00000600    00000014   00000014    r-- .cinit
20000000    20000000    00000409   00000000    rw-
  20000000    20000000    00000400   00000000    rw- .stack
  20000400    20000400    00000009   00000000    rw- .bss


SECTION ALLOCATION MAP

 output                                  attributes/
section   page    origin      length       input sections
--------  ----  ----------  ----------   ----------------
.intvecs   0    00000000    00000264     
                  00000000    00000264     startup_ccs.obj (.intvecs)

.text      0    00000264    0000039a     
                  00000264    00000132     driverlib.lib : gpio.obj (.text:GPIOPadConfigSet)
                  00000396    00000002     startup_ccs.obj (.text:FaultISR)
                  00000398    000000f0     interrupts.obj (.text:main)
                  00000488    00000054     interrupts.obj (.text:IntGPIOc)
                  000004dc    00000044     rtsv7M4_T_le_v4SPD16_eabi.lib : autoinit.c.obj (.text:__TI_auto_init_nobinit_nopinit:__TI_auto_init_nobinit_nopinit)
                  00000520    00000034     driverlib.lib : sysctl.obj (.text:SysCtlPeripheralEnable)
                  00000554    00000034     rtsv7M4_T_le_v4SPD16_eabi.lib : boot_cortex_m.c.obj (.text:_c_int00_noargs:_c_int00_noargs)
                  00000588    0000002a     driverlib.lib : gpio.obj (.text:GPIODirModeSet)
                  000005b2    0000001c     rtsv7M4_T_le_v4SPD16_eabi.lib : copy_zero_init.c.obj (.text:decompress:ZI:__TI_zero_init_nomemset:__TI_zero_init_nomemset)
                  000005ce    00000018     driverlib.lib : gpio.obj (.text:GPIOPinTypeGPIOOutput)
                  000005e6    00000006                   : gpio.obj (.text:GPIOPinWrite)
                  000005ec    00000006     startup_ccs.obj (.text:ResetISR)
                  000005f2    00000004     rtsv7M4_T_le_v4SPD16_eabi.lib : pre_init.c.obj (.text:_system_pre_init)
                  000005f6    00000004                                   : exit.c.obj (.text:abort:abort)
                  000005fa    00000002     startup_ccs.obj (.text:IntDefaultHandler)
                  000005fc    00000002     startup_ccs.obj (.text:NmiSR)

.cinit     0    00000600    00000014     
                  00000600    00000008     (.cinit..bss.load) [load image, compression = zero_init]
                  00000608    00000004     (__TI_handler_table)
                  0000060c    00000008     (__TI_cinit_table)

.init_array 
*          0    00000000    00000000     UNINITIALIZED

.bss       0    20000400    00000009     UNINITIALIZED
                  20000400    00000004     (.common:g_ui32GPIOc)
                  20000404    00000004     (.common:g_ui32Index)
                  20000408    00000001     (.common:tecla)

.stack     0    20000000    00000400     UNINITIALIZED
                  20000000    00000004     rtsv7M4_T_le_v4SPD16_eabi.lib : boot_cortex_m.c.obj (.stack)
                  20000004    000003fc     --HOLE--

__llvm_prf_cnts 
*          0    20000000    00000000     UNINITIALIZED

MODULE SUMMARY

       Module                 code   ro data   rw data
       ------                 ----   -------   -------
    ./
       startup_ccs.obj        12     612       0      
       interrupts.obj         324    0         9      
    +--+----------------------+------+---------+---------+
       Total:                 336    612       9      
                                                      
    /home/victor_macedo/ti/ccs1210/ccs/tools/compiler/ti-cgt-arm_20.2.7.LTS/lib/rtsv7M4_T_le_v4SPD16_eabi.lib
       autoinit.c.obj         68     0         0      
       boot_cortex_m.c.obj    52     0         0      
       copy_zero_init.c.obj   28     0         0      
       exit.c.obj             4      0         0      
       pre_init.c.obj         4      0         0      
    +--+----------------------+------+---------+---------+
       Total:                 156    0         0      
                                                      
    /home/victor_macedo/ti/tivaware_c_series_2_1_4_178/driverlib/ccs/Debug/driverlib.lib
       gpio.obj               378    0         0      
       sysctl.obj             52     0         0      
    +--+----------------------+------+---------+---------+
       Total:                 430    0         0      
                                                      
       Stack:                 0      0         1024   
       Linker Generated:      0      20        0      
    +--+----------------------+------+---------+---------+
       Grand Total:           922    632       1033   


LINKER GENERATED COPY TABLES

__TI_cinit_table @ 0000060c records: 1, size/record: 8, table size: 8
	.bss: load addr=00000600, load size=00000008 bytes, run addr=20000400, run size=00000009 bytes, compression=zero_init


LINKER GENERATED HANDLER TABLE

__TI_handler_table @ 00000608 records: 1, size/record: 4, table size: 4
	index: 0, handler: __TI_zero_init


GLOBAL SYMBOLS: SORTED ALPHABETICALLY BY Name 

address   name                          
-------   ----                          
000005f7  C$$EXIT                       
00000589  GPIODirModeSet                
00000265  GPIOPadConfigSet              
000005cf  GPIOPinTypeGPIOOutput         
000005e7  GPIOPinWrite                  
00000489  IntGPIOc                      
000005ed  ResetISR                      
00000521  SysCtlPeripheralEnable        
20000400  __STACK_END                   
00000400  __STACK_SIZE                  
20000400  __STACK_TOP                   
0000060c  __TI_CINIT_Base               
00000614  __TI_CINIT_Limit              
00000608  __TI_Handler_Table_Base       
0000060c  __TI_Handler_Table_Limit      
000004dd  __TI_auto_init_nobinit_nopinit
ffffffff  __TI_pprof_out_hndl           
ffffffff  __TI_prof_data_size           
ffffffff  __TI_prof_data_start          
00000000  __TI_static_base__            
000005b3  __TI_zero_init_nomemset       
ffffffff  __binit__                     
ffffffff  __c_args__                    
UNDEFED   __mpu_init                    
20000000  __stack                       
20000000  __start___llvm_prf_cnts       
20000000  __stop___llvm_prf_cnts        
00000555  _c_int00_noargs               
UNDEFED   _system_post_cinit            
000005f3  _system_pre_init              
000005f7  abort                         
ffffffff  binit                         
00000000  g_pfnVectors                  
20000400  g_ui32GPIOc                   
20000404  g_ui32Index                   
00000399  main                          
20000408  tecla                         


GLOBAL SYMBOLS: SORTED BY Symbol Address 

address   name                          
-------   ----                          
00000000  __TI_static_base__            
00000000  g_pfnVectors                  
00000265  GPIOPadConfigSet              
00000399  main                          
00000400  __STACK_SIZE                  
00000489  IntGPIOc                      
000004dd  __TI_auto_init_nobinit_nopinit
00000521  SysCtlPeripheralEnable        
00000555  _c_int00_noargs               
00000589  GPIODirModeSet                
000005b3  __TI_zero_init_nomemset       
000005cf  GPIOPinTypeGPIOOutput         
000005e7  GPIOPinWrite                  
000005ed  ResetISR                      
000005f3  _system_pre_init              
000005f7  C$$EXIT                       
000005f7  abort                         
00000608  __TI_Handler_Table_Base       
0000060c  __TI_CINIT_Base               
0000060c  __TI_Handler_Table_Limit      
00000614  __TI_CINIT_Limit              
20000000  __stack                       
20000000  __start___llvm_prf_cnts       
20000000  __stop___llvm_prf_cnts        
20000400  __STACK_END                   
20000400  __STACK_TOP                   
20000400  g_ui32GPIOc                   
20000404  g_ui32Index                   
20000408  tecla                         
ffffffff  __TI_pprof_out_hndl           
ffffffff  __TI_prof_data_size           
ffffffff  __TI_prof_data_start          
ffffffff  __binit__                     
ffffffff  __c_args__                    
ffffffff  binit                         
UNDEFED   __mpu_init                    
UNDEFED   _system_post_cinit            

[37 symbols]
