******************************************************************************
                  TI ARM Linker Unix v20.2.7                   
******************************************************************************
>> Linked Tue Dec 27 12:50:07 2022

OUTPUT FILE NAME:   <Keypad_interrupt.out>
ENTRY POINT SYMBOL: "_c_int00_noargs"  address: 00000939


MEMORY CONFIGURATION

         name            origin    length      used     unused   attr    fill
----------------------  --------  ---------  --------  --------  ----  --------
  FLASH                 00000000   00040000  00000c8e  0003f372  R  X
  SRAM                  20000000   00008000  0000068d  00007973  RW X


SEGMENT ALLOCATION MAP

run origin  load origin   length   init length attrs members
----------  ----------- ---------- ----------- ----- -------
00000000    00000000    00000c90   00000c90    r-x
  00000000    00000000    00000264   00000264    r-- .intvecs
  00000264    00000264    000007da   000007da    r-x .text
  00000a40    00000a40    00000208   00000208    r-- .const
  00000c48    00000c48    00000048   00000048    r-- .cinit
20000000    20000000    00000694   00000000    rw-
  20000000    20000000    0000026c   00000000    rw- .vtable
  20000270    20000270    00000400   00000000    rw- .stack
  20000670    20000670    00000011   00000000    rw- .bss
  20000684    20000684    00000010   00000000    rw- .data


SECTION ALLOCATION MAP

 output                                  attributes/
section   page    origin      length       input sections
--------  ----  ----------  ----------   ----------------
.intvecs   0    00000000    00000264     
                  00000000    00000264     startup_ccs.obj (.intvecs)

.text      0    00000264    000007da     
                  00000264    00000132     driverlib.lib : gpio.obj (.text:GPIOPadConfigSet)
                  00000396    00000002     startup_ccs.obj (.text:FaultISR)
                  00000398    000000fc     main_keypad.obj (.text:IntGPIOc)
                  00000494    000000fc     main_keypad.obj (.text:main)
                  00000590    000000f4     driverlib.lib : sysctl.obj (.text:SysCtlClockSet)
                  00000684    0000009c     rtsv7M4_T_le_v4SPD16_eabi.lib : memcpy_t2.asm.obj (.text)
                  00000720    00000068     driverlib.lib : interrupt.obj (.text:IntEnable)
                  00000788    00000068     rtsv7M4_T_le_v4SPD16_eabi.lib : copy_decompress_lzss.c.obj (.text:decompress:lzss:__TI_decompress_lzss)
                  000007f0    00000056     driverlib.lib : gpio.obj (.text:GPIOIntTypeSet)
                  00000846    00000002     startup_ccs.obj (.text:IntDefaultHandler)
                  00000848    00000044     driverlib.lib : gpio.obj (.text:_GPIOIntNumberGet)
                  0000088c    00000044     rtsv7M4_T_le_v4SPD16_eabi.lib : autoinit.c.obj (.text:__TI_auto_init_nobinit_nopinit:__TI_auto_init_nobinit_nopinit)
                  000008d0    00000034     driverlib.lib : interrupt.obj (.text:IntRegister)
                  00000904    00000034                   : sysctl.obj (.text:SysCtlPeripheralEnable)
                  00000938    00000034     rtsv7M4_T_le_v4SPD16_eabi.lib : boot_cortex_m.c.obj (.text:_c_int00_noargs:_c_int00_noargs)
                  0000096c    0000002a     driverlib.lib : gpio.obj (.text:GPIODirModeSet)
                  00000996    0000001c     rtsv7M4_T_le_v4SPD16_eabi.lib : copy_zero_init.c.obj (.text:decompress:ZI:__TI_zero_init_nomemset:__TI_zero_init_nomemset)
                  000009b2    00000018     driverlib.lib : gpio.obj (.text:GPIOIntRegister)
                  000009ca    00000018                   : gpio.obj (.text:GPIOPinTypeGPIOOutput)
                  000009e2    00000012                   : gpio.obj (.text:GPIOPinTypeGPIOInput)
                  000009f4    0000000e                   : gpio.obj (.text:GPIOIntStatus)
                  00000a02    0000000e     rtsv7M4_T_le_v4SPD16_eabi.lib : copy_decompress_none.c.obj (.text:decompress:none:__TI_decompress_none)
                  00000a10    0000000c     driverlib.lib : gpio.obj (.text:GPIOIntEnable)
                  00000a1c    00000006                   : gpio.obj (.text:GPIOIntClear)
                  00000a22    00000006                   : gpio.obj (.text:GPIOPinWrite)
                  00000a28    00000006     startup_ccs.obj (.text:ResetISR)
                  00000a2e    00000006     driverlib.lib : sysctl.obj (.text:SysCtlDelay)
                  00000a34    00000004     rtsv7M4_T_le_v4SPD16_eabi.lib : pre_init.c.obj (.text:_system_pre_init)
                  00000a38    00000004                                   : exit.c.obj (.text:abort:abort)
                  00000a3c    00000002     startup_ccs.obj (.text:NmiSR)

.const     0    00000a40    00000208     
                  00000a40    000000d8     driverlib.lib : gpio.obj (.const:g_ppui32GPIOIntMapSnowflake)
                  00000b18    000000c0                   : gpio.obj (.const:g_ppui32GPIOIntMapBlizzard)
                  00000bd8    00000070                   : interrupt.obj (.const)

.cinit     0    00000c48    00000048     
                  00000c48    00000011     (.cinit..data.load) [load image, compression = lzss]
                  00000c59    00000003     --HOLE-- [fill = 0]
                  00000c5c    0000000c     (__TI_handler_table)
                  00000c68    00000008     (.cinit..bss.load) [load image, compression = zero_init]
                  00000c70    00000008     (.cinit..vtable.load) [load image, compression = zero_init]
                  00000c78    00000018     (__TI_cinit_table)

.init_array 
*          0    00000000    00000000     UNINITIALIZED

.vtable    0    20000000    0000026c     UNINITIALIZED
                  20000000    0000026c     driverlib.lib : interrupt.obj (.vtable)

.bss       0    20000670    00000011     UNINITIALIZED
                  20000670    00000004     (.common:col)
                  20000674    00000004     (.common:flag_config)
                  20000678    00000004     (.common:i_start)
                  2000067c    00000004     (.common:row)
                  20000680    00000001     (.common:tecla)

.data      0    20000684    00000010     UNINITIALIZED
                  20000684    00000009     main_keypad.obj (.data:symbol)
                  2000068d    00000003     --HOLE--
                  20000690    00000004     main_keypad.obj (.data)

.stack     0    20000270    00000400     UNINITIALIZED
                  20000270    00000004     rtsv7M4_T_le_v4SPD16_eabi.lib : boot_cortex_m.c.obj (.stack)
                  20000274    000003fc     --HOLE--

__llvm_prf_cnts 
*          0    20000000    00000000     UNINITIALIZED

MODULE SUMMARY

       Module                       code   ro data   rw data
       ------                       ----   -------   -------
    ./
       startup_ccs.obj              12     612       0      
       main_keypad.obj              504    0         30     
    +--+----------------------------+------+---------+---------+
       Total:                       516    612       30     
                                                            
    /home/victor_macedo/ti/ccs1210/ccs/tools/compiler/ti-cgt-arm_20.2.7.LTS/lib/rtsv7M4_T_le_v4SPD16_eabi.lib
       memcpy_t2.asm.obj            156    0         0      
       copy_decompress_lzss.c.obj   104    0         0      
       autoinit.c.obj               68     0         0      
       boot_cortex_m.c.obj          52     0         0      
       copy_zero_init.c.obj         28     0         0      
       copy_decompress_none.c.obj   14     0         0      
       exit.c.obj                   4      0         0      
       pre_init.c.obj               4      0         0      
    +--+----------------------------+------+---------+---------+
       Total:                       430    0         0      
                                                            
    /home/victor_macedo/ti/tivaware_c_series_2_1_4_178/driverlib/ccs/Debug/driverlib.lib
       gpio.obj                     606    408       0      
       interrupt.obj                156    112       620    
       sysctl.obj                   302    0         0      
    +--+----------------------------+------+---------+---------+
       Total:                       1064   520       620    
                                                            
       Stack:                       0      0         1024   
       Linker Generated:            0      69        0      
    +--+----------------------------+------+---------+---------+
       Grand Total:                 2010   1201      1674   


LINKER GENERATED COPY TABLES

__TI_cinit_table @ 00000c78 records: 3, size/record: 8, table size: 24
	.data: load addr=00000c48, load size=00000011 bytes, run addr=20000684, run size=00000010 bytes, compression=lzss
	.bss: load addr=00000c68, load size=00000008 bytes, run addr=20000670, run size=00000011 bytes, compression=zero_init
	.vtable: load addr=00000c70, load size=00000008 bytes, run addr=20000000, run size=0000026c bytes, compression=zero_init


LINKER GENERATED HANDLER TABLE

__TI_handler_table @ 00000c5c records: 3, size/record: 4, table size: 12
	index: 0, handler: __TI_zero_init
	index: 1, handler: __TI_decompress_lzss
	index: 2, handler: __TI_decompress_none


GLOBAL SYMBOLS: SORTED ALPHABETICALLY BY Name 

address   name                          
-------   ----                          
00000a39  C$$EXIT                       
0000096d  GPIODirModeSet                
00000a1d  GPIOIntClear                  
00000a11  GPIOIntEnable                 
000009b3  GPIOIntRegister               
000009f5  GPIOIntStatus                 
000007f1  GPIOIntTypeSet                
00000265  GPIOPadConfigSet              
000009e3  GPIOPinTypeGPIOInput          
000009cb  GPIOPinTypeGPIOOutput         
00000a23  GPIOPinWrite                  
00000721  IntEnable                     
00000399  IntGPIOc                      
000008d1  IntRegister                   
00000a29  ResetISR                      
00000591  SysCtlClockSet                
00000a2f  SysCtlDelay                   
00000905  SysCtlPeripheralEnable        
20000670  __STACK_END                   
00000400  __STACK_SIZE                  
20000670  __STACK_TOP                   
00000c78  __TI_CINIT_Base               
00000c90  __TI_CINIT_Limit              
00000c5c  __TI_Handler_Table_Base       
00000c68  __TI_Handler_Table_Limit      
0000088d  __TI_auto_init_nobinit_nopinit
00000789  __TI_decompress_lzss          
00000a03  __TI_decompress_none          
ffffffff  __TI_pprof_out_hndl           
ffffffff  __TI_prof_data_size           
ffffffff  __TI_prof_data_start          
00000000  __TI_static_base__            
00000997  __TI_zero_init_nomemset       
00000685  __aeabi_memcpy                
00000685  __aeabi_memcpy4               
00000685  __aeabi_memcpy8               
ffffffff  __binit__                     
ffffffff  __c_args__                    
UNDEFED   __mpu_init                    
20000270  __stack                       
20000000  __start___llvm_prf_cnts       
20000000  __stop___llvm_prf_cnts        
00000939  _c_int00_noargs               
UNDEFED   _system_post_cinit            
00000a35  _system_pre_init              
00000a39  abort                         
ffffffff  binit                         
20000670  col                           
20000674  flag_config                   
20000000  g_pfnRAMVectors               
00000000  g_pfnVectors                  
20000690  i_count                       
20000678  i_start                       
00000495  main                          
00000685  memcpy                        
2000067c  row                           
20000684  symbol                        
20000680  tecla                         


GLOBAL SYMBOLS: SORTED BY Symbol Address 

address   name                          
-------   ----                          
00000000  __TI_static_base__            
00000000  g_pfnVectors                  
00000265  GPIOPadConfigSet              
00000399  IntGPIOc                      
00000400  __STACK_SIZE                  
00000495  main                          
00000591  SysCtlClockSet                
00000685  __aeabi_memcpy                
00000685  __aeabi_memcpy4               
00000685  __aeabi_memcpy8               
00000685  memcpy                        
00000721  IntEnable                     
00000789  __TI_decompress_lzss          
000007f1  GPIOIntTypeSet                
0000088d  __TI_auto_init_nobinit_nopinit
000008d1  IntRegister                   
00000905  SysCtlPeripheralEnable        
00000939  _c_int00_noargs               
0000096d  GPIODirModeSet                
00000997  __TI_zero_init_nomemset       
000009b3  GPIOIntRegister               
000009cb  GPIOPinTypeGPIOOutput         
000009e3  GPIOPinTypeGPIOInput          
000009f5  GPIOIntStatus                 
00000a03  __TI_decompress_none          
00000a11  GPIOIntEnable                 
00000a1d  GPIOIntClear                  
00000a23  GPIOPinWrite                  
00000a29  ResetISR                      
00000a2f  SysCtlDelay                   
00000a35  _system_pre_init              
00000a39  C$$EXIT                       
00000a39  abort                         
00000c5c  __TI_Handler_Table_Base       
00000c68  __TI_Handler_Table_Limit      
00000c78  __TI_CINIT_Base               
00000c90  __TI_CINIT_Limit              
20000000  __start___llvm_prf_cnts       
20000000  __stop___llvm_prf_cnts        
20000000  g_pfnRAMVectors               
20000270  __stack                       
20000670  __STACK_END                   
20000670  __STACK_TOP                   
20000670  col                           
20000674  flag_config                   
20000678  i_start                       
2000067c  row                           
20000680  tecla                         
20000684  symbol                        
20000690  i_count                       
ffffffff  __TI_pprof_out_hndl           
ffffffff  __TI_prof_data_size           
ffffffff  __TI_prof_data_start          
ffffffff  __binit__                     
ffffffff  __c_args__                    
ffffffff  binit                         
UNDEFED   __mpu_init                    
UNDEFED   _system_post_cinit            

[58 symbols]
