******************************************************************************
                  TI ARM Linker Unix v20.2.7                   
******************************************************************************
>> Linked Mon Dec 26 19:23:11 2022

OUTPUT FILE NAME:   <interrupts.out>
ENTRY POINT SYMBOL: "_c_int00_noargs"  address: 000009e1


MEMORY CONFIGURATION

         name            origin    length      used     unused   attr    fill
----------------------  --------  ---------  --------  --------  ----  --------
  FLASH                 00000000   00040000  00000d36  0003f2ca  R  X
  SRAM                  20000000   00008000  00000691  0000796f  RW X


SEGMENT ALLOCATION MAP

run origin  load origin   length   init length attrs members
----------  ----------- ---------- ----------- ----- -------
00000000    00000000    00000d38   00000d38    r-x
  00000000    00000000    00000264   00000264    r-- .intvecs
  00000264    00000264    0000087a   0000087a    r-x .text
  00000ae0    00000ae0    00000208   00000208    r-- .const
  00000ce8    00000ce8    00000050   00000050    r-- .cinit
20000000    20000000    00000695   00000000    rw-
  20000000    20000000    0000026c   00000000    rw- .vtable
  20000270    20000270    00000400   00000000    rw- .stack
  20000670    20000670    00000014   00000000    rw- .data
  20000684    20000684    00000011   00000000    rw- .bss


SECTION ALLOCATION MAP

 output                                  attributes/
section   page    origin      length       input sections
--------  ----  ----------  ----------   ----------------
.intvecs   0    00000000    00000264     
                  00000000    00000264     startup_ccs.obj (.intvecs)

.text      0    00000264    0000087a     
                  00000264    00000180     interrupts.obj (.text:IntGPIOc)
                  000003e4    00000132     driverlib.lib : gpio.obj (.text:GPIOPadConfigSet)
                  00000516    00000002     startup_ccs.obj (.text:FaultISR)
                  00000518    00000120     interrupts.obj (.text:main)
                  00000638    000000f4     driverlib.lib : sysctl.obj (.text:SysCtlClockSet)
                  0000072c    0000009c     rtsv7M4_T_le_v4SPD16_eabi.lib : memcpy_t2.asm.obj (.text)
                  000007c8    00000068     driverlib.lib : interrupt.obj (.text:IntEnable)
                  00000830    00000068     rtsv7M4_T_le_v4SPD16_eabi.lib : copy_decompress_lzss.c.obj (.text:decompress:lzss:__TI_decompress_lzss)
                  00000898    00000056     driverlib.lib : gpio.obj (.text:GPIOIntTypeSet)
                  000008ee    00000002     startup_ccs.obj (.text:IntDefaultHandler)
                  000008f0    00000044     driverlib.lib : gpio.obj (.text:_GPIOIntNumberGet)
                  00000934    00000044     rtsv7M4_T_le_v4SPD16_eabi.lib : autoinit.c.obj (.text:__TI_auto_init_nobinit_nopinit:__TI_auto_init_nobinit_nopinit)
                  00000978    00000034     driverlib.lib : interrupt.obj (.text:IntRegister)
                  000009ac    00000034                   : sysctl.obj (.text:SysCtlPeripheralEnable)
                  000009e0    00000034     rtsv7M4_T_le_v4SPD16_eabi.lib : boot_cortex_m.c.obj (.text:_c_int00_noargs:_c_int00_noargs)
                  00000a14    0000002a     driverlib.lib : gpio.obj (.text:GPIODirModeSet)
                  00000a3e    0000001c     rtsv7M4_T_le_v4SPD16_eabi.lib : copy_zero_init.c.obj (.text:decompress:ZI:__TI_zero_init_nomemset:__TI_zero_init_nomemset)
                  00000a5a    00000018     driverlib.lib : gpio.obj (.text:GPIOIntRegister)
                  00000a72    00000018                   : gpio.obj (.text:GPIOPinTypeGPIOOutput)
                  00000a8a    00000012                   : gpio.obj (.text:GPIOPinTypeGPIOInput)
                  00000a9c    0000000e     rtsv7M4_T_le_v4SPD16_eabi.lib : copy_decompress_none.c.obj (.text:decompress:none:__TI_decompress_none)
                  00000aaa    0000000c     driverlib.lib : gpio.obj (.text:GPIOIntEnable)
                  00000ab6    00000006                   : gpio.obj (.text:GPIOIntClear)
                  00000abc    00000006                   : gpio.obj (.text:GPIOPinRead)
                  00000ac2    00000006                   : gpio.obj (.text:GPIOPinWrite)
                  00000ac8    00000006     startup_ccs.obj (.text:ResetISR)
                  00000ace    00000006     driverlib.lib : sysctl.obj (.text:SysCtlDelay)
                  00000ad4    00000004     rtsv7M4_T_le_v4SPD16_eabi.lib : pre_init.c.obj (.text:_system_pre_init)
                  00000ad8    00000004                                   : exit.c.obj (.text:abort:abort)
                  00000adc    00000002     startup_ccs.obj (.text:NmiSR)

.const     0    00000ae0    00000208     
                  00000ae0    000000d8     driverlib.lib : gpio.obj (.const:g_ppui32GPIOIntMapSnowflake)
                  00000bb8    000000c0                   : gpio.obj (.const:g_ppui32GPIOIntMapBlizzard)
                  00000c78    00000070                   : interrupt.obj (.const)

.cinit     0    00000ce8    00000050     
                  00000ce8    00000019     (.cinit..data.load) [load image, compression = lzss]
                  00000d01    00000003     --HOLE-- [fill = 0]
                  00000d04    0000000c     (__TI_handler_table)
                  00000d10    00000008     (.cinit..bss.load) [load image, compression = zero_init]
                  00000d18    00000008     (.cinit..vtable.load) [load image, compression = zero_init]
                  00000d20    00000018     (__TI_cinit_table)

.init_array 
*          0    00000000    00000000     UNINITIALIZED

.vtable    0    20000000    0000026c     UNINITIALIZED
                  20000000    0000026c     driverlib.lib : interrupt.obj (.vtable)

.data      0    20000670    00000014     UNINITIALIZED
                  20000670    00000010     interrupts.obj (.data:symbol)
                  20000680    00000004     interrupts.obj (.data)

.bss       0    20000684    00000011     UNINITIALIZED
                  20000684    00000004     (.common:col)
                  20000688    00000004     (.common:flag_config)
                  2000068c    00000004     (.common:i_start)
                  20000690    00000004     (.common:row)
                  20000694    00000001     (.common:tecla)

.stack     0    20000270    00000400     UNINITIALIZED
                  20000270    00000004     rtsv7M4_T_le_v4SPD16_eabi.lib : boot_cortex_m.c.obj (.stack)
                  20000274    000003fc     --HOLE--

__llvm_prf_cnts 
*          0    20000000    00000000     UNINITIALIZED

MODULE SUMMARY

       Module                       code   ro data   rw data
       ------                       ----   -------   -------
    ./
       interrupts.obj               672    0         37     
       startup_ccs.obj              12     612       0      
    +--+----------------------------+------+---------+---------+
       Total:                       684    612       37     
                                                            
    /home/victor_macedo/ti/ccs1210/ccs/tools/compiler/ti-cgt-arm_20.2.7.LTS/lib/rtsv7M4_T_le_v4SPD16_eabi.lib
       memcpy_t2.asm.obj            156    0         0      
       copy_decompress_lzss.c.obj   104    0         0      
       autoinit.c.obj               68     0         0      
       boot_cortex_m.c.obj          52     0         0      
       copy_zero_init.c.obj         28     0         0      
       copy_decompress_none.c.obj   14     0         0      
       exit.c.obj                   4      0         0      
       pre_init.c.obj               4      0         0      
    +--+----------------------------+------+---------+---------+
       Total:                       430    0         0      
                                                            
    /home/victor_macedo/ti/tivaware_c_series_2_1_4_178/driverlib/ccs/Debug/driverlib.lib
       gpio.obj                     598    408       0      
       interrupt.obj                156    112       620    
       sysctl.obj                   302    0         0      
    +--+----------------------------+------+---------+---------+
       Total:                       1056   520       620    
                                                            
       Stack:                       0      0         1024   
       Linker Generated:            0      77        0      
    +--+----------------------------+------+---------+---------+
       Grand Total:                 2170   1209      1681   


LINKER GENERATED COPY TABLES

__TI_cinit_table @ 00000d20 records: 3, size/record: 8, table size: 24
	.data: load addr=00000ce8, load size=00000019 bytes, run addr=20000670, run size=00000014 bytes, compression=lzss
	.bss: load addr=00000d10, load size=00000008 bytes, run addr=20000684, run size=00000011 bytes, compression=zero_init
	.vtable: load addr=00000d18, load size=00000008 bytes, run addr=20000000, run size=0000026c bytes, compression=zero_init


LINKER GENERATED HANDLER TABLE

__TI_handler_table @ 00000d04 records: 3, size/record: 4, table size: 12
	index: 0, handler: __TI_zero_init
	index: 1, handler: __TI_decompress_lzss
	index: 2, handler: __TI_decompress_none


GLOBAL SYMBOLS: SORTED ALPHABETICALLY BY Name 

address   name                          
-------   ----                          
00000ad9  C$$EXIT                       
00000a15  GPIODirModeSet                
00000ab7  GPIOIntClear                  
00000aab  GPIOIntEnable                 
00000a5b  GPIOIntRegister               
00000899  GPIOIntTypeSet                
000003e5  GPIOPadConfigSet              
00000abd  GPIOPinRead                   
00000a8b  GPIOPinTypeGPIOInput          
00000a73  GPIOPinTypeGPIOOutput         
00000ac3  GPIOPinWrite                  
000007c9  IntEnable                     
00000265  IntGPIOc                      
00000979  IntRegister                   
00000ac9  ResetISR                      
00000639  SysCtlClockSet                
00000acf  SysCtlDelay                   
000009ad  SysCtlPeripheralEnable        
20000670  __STACK_END                   
00000400  __STACK_SIZE                  
20000670  __STACK_TOP                   
00000d20  __TI_CINIT_Base               
00000d38  __TI_CINIT_Limit              
00000d04  __TI_Handler_Table_Base       
00000d10  __TI_Handler_Table_Limit      
00000935  __TI_auto_init_nobinit_nopinit
00000831  __TI_decompress_lzss          
00000a9d  __TI_decompress_none          
ffffffff  __TI_pprof_out_hndl           
ffffffff  __TI_prof_data_size           
ffffffff  __TI_prof_data_start          
00000000  __TI_static_base__            
00000a3f  __TI_zero_init_nomemset       
0000072d  __aeabi_memcpy                
0000072d  __aeabi_memcpy4               
0000072d  __aeabi_memcpy8               
ffffffff  __binit__                     
ffffffff  __c_args__                    
UNDEFED   __mpu_init                    
20000270  __stack                       
20000000  __start___llvm_prf_cnts       
20000000  __stop___llvm_prf_cnts        
000009e1  _c_int00_noargs               
UNDEFED   _system_post_cinit            
00000ad5  _system_pre_init              
00000ad9  abort                         
ffffffff  binit                         
20000684  col                           
20000688  flag_config                   
20000000  g_pfnRAMVectors               
00000000  g_pfnVectors                  
20000680  i_count                       
2000068c  i_start                       
00000519  main                          
0000072d  memcpy                        
20000690  row                           
20000670  symbol                        
20000694  tecla                         


GLOBAL SYMBOLS: SORTED BY Symbol Address 

address   name                          
-------   ----                          
00000000  __TI_static_base__            
00000000  g_pfnVectors                  
00000265  IntGPIOc                      
000003e5  GPIOPadConfigSet              
00000400  __STACK_SIZE                  
00000519  main                          
00000639  SysCtlClockSet                
0000072d  __aeabi_memcpy                
0000072d  __aeabi_memcpy4               
0000072d  __aeabi_memcpy8               
0000072d  memcpy                        
000007c9  IntEnable                     
00000831  __TI_decompress_lzss          
00000899  GPIOIntTypeSet                
00000935  __TI_auto_init_nobinit_nopinit
00000979  IntRegister                   
000009ad  SysCtlPeripheralEnable        
000009e1  _c_int00_noargs               
00000a15  GPIODirModeSet                
00000a3f  __TI_zero_init_nomemset       
00000a5b  GPIOIntRegister               
00000a73  GPIOPinTypeGPIOOutput         
00000a8b  GPIOPinTypeGPIOInput          
00000a9d  __TI_decompress_none          
00000aab  GPIOIntEnable                 
00000ab7  GPIOIntClear                  
00000abd  GPIOPinRead                   
00000ac3  GPIOPinWrite                  
00000ac9  ResetISR                      
00000acf  SysCtlDelay                   
00000ad5  _system_pre_init              
00000ad9  C$$EXIT                       
00000ad9  abort                         
00000d04  __TI_Handler_Table_Base       
00000d10  __TI_Handler_Table_Limit      
00000d20  __TI_CINIT_Base               
00000d38  __TI_CINIT_Limit              
20000000  __start___llvm_prf_cnts       
20000000  __stop___llvm_prf_cnts        
20000000  g_pfnRAMVectors               
20000270  __stack                       
20000670  __STACK_END                   
20000670  __STACK_TOP                   
20000670  symbol                        
20000680  i_count                       
20000684  col                           
20000688  flag_config                   
2000068c  i_start                       
20000690  row                           
20000694  tecla                         
ffffffff  __TI_pprof_out_hndl           
ffffffff  __TI_prof_data_size           
ffffffff  __TI_prof_data_start          
ffffffff  __binit__                     
ffffffff  __c_args__                    
ffffffff  binit                         
UNDEFED   __mpu_init                    
UNDEFED   _system_post_cinit            

[58 symbols]
